Microchip MPLAB XC8 Compiler V1.41 ()

Linker command line:

-W-3 --edf=/opt/microchip/xc8/v1.41/dat/en_msgs.txt -cs \
  -h+dist/default/debug/GeigerCounter.X.debug.sym \
  --cmf=dist/default/debug/GeigerCounter.X.debug.cmf -z -Q16F1827 \
  -o/tmp/xcXhlXfR5 -Mdist/default/debug/GeigerCounter.X.debug.map -E1 \
  -ver=XC8 -ASTACK=020C3h-0215fh -pstack=STACK -ACODE=00h-07FFhx2 \
  -ASTRCODE=00h-0FFFh -ASTRING=00h-0FFhx16 -ACONST=00h-0FFhx16 \
  -AENTRY=00h-0FFhx16 -ACOMMON=070h-07Fh -ABANK0=020h-06Fh \
  -ABANK1=0A0h-0EFh -ABANK2=0120h-016Fh -ABANK3=01A0h-01EFh \
  -ABANK4=0220h-023Fh -ABIGRAM=02000h-0215Fh \
  -ARAM=020h-06Fh,0A0h-0EFh,0120h-016Fh,01A0h-01EFh,0220h-023Fh \
  -AABS1=020h-07Fh,0A0h-0EFh,0120h-016Fh,01A0h-01EFh,0220h-024Fh \
  -ASFR0=00h-01Fh -ASFR1=080h-09Fh -ASFR2=0100h-011Fh -ASFR3=0180h-019Fh \
  -ASFR4=0200h-021Fh -ASFR5=0280h-02EFh -ASFR6=0300h-036Fh \
  -ASFR7=0380h-03EFh -ASFR8=0400h-046Fh -ASFR9=0480h-04EFh \
  -ASFR10=0500h-056Fh -ASFR11=0580h-05EFh -ASFR12=0600h-066Fh \
  -ASFR13=0680h-06EFh -ASFR14=0700h-076Fh -ASFR15=0780h-07EFh \
  -ASFR16=0800h-086Fh -ASFR17=0880h-08EFh -ASFR18=0900h-096Fh \
  -ASFR19=0980h-09EFh -ASFR20=0A00h-0A6Fh -ASFR21=0A80h-0AEFh \
  -ASFR22=0B00h-0B6Fh -ASFR23=0B80h-0BEFh -ASFR24=0C00h-0C6Fh \
  -ASFR25=0C80h-0CEFh -ASFR26=0D00h-0D6Fh -ASFR27=0D80h-0DEFh \
  -ASFR28=0E00h-0E6Fh -ASFR29=0E80h-0EEFh -ASFR30=0F00h-0F6Fh \
  -ASFR31=0F80h-0FEFh -preset_vec=00h,intentry=04h,init,end_init \
  -ppowerup=CODE -pcinit=CODE -pfunctab=CODE -ACONFIG=08007h-08008h \
  -pconfig=CONFIG -DCONFIG=2 -AIDLOC=08000h-08003h -pidloc=IDLOC -DIDLOC=2 \
  -AEEDATA=00h-0FFh/0F000h -peeprom_data=EEDATA -DEEDATA=2 -DCODE=2 \
  -DSTRCODE=2 -DSTRING=2 -DCONST=2 -DENTRY=2 -k /tmp/xcXYcxXuS.obj \
  dist/default/debug/GeigerCounter.X.debug.obj 

Object code version is 3.11

Machine type is 16F1827



                Name                               Link     Load   Length Selector   Space Scale
/tmp/xcXYcxXuS.obj
                end_init                             10       10        2        8       0
                reset_vec                             0        0        3        0       0
                config                             8007     8007        2    1000E       0
dist/default/debug/GeigerCounter.X.debug.obj
                cinit                                12       12       2A        8       0
                intentry                              4        4        C        8       0
                text21                              3B8      3B8       54        8       0
                text20                              634      634        3      AD2       0
                text18                              5D2      5D2       15      AD2       0
                text17                              619      619        B      AD2       0
                text16                              4DC      4DC       38        8       0
                text15                              5A2      5A2       1B      AD2       0
                text14                              266      266       82        8       0
                text13                              569      569       1E      AD2       0
                text12                              4A2      4A2       3A        8       0
                text11                              5BD      5BD       15      AD2       0
                text10                              60A      60A        F      AD2       0
                text9                               2E8      2E8       69        8       0
                text8                               40C      40C       53        8       0
                text7                               45F      45F       43        8       0
                text6                               587      587       1B      AD2       0
                text5                               62A      62A        6      AD2       0
                text4                               514      514       2D        8       0
                text3                               5E7      5E7       13      AD2       0
                text2                                3C       3C      22A        8       0
                text1                               5FA      5FA       10      AD2       0
                maintext                            351      351       67        8       0
                cstackBANK0                          20       20       49       20       1
                cstackCOMMON                         70       70        B       70       1
                cstackBANK1                          C3       C3        8       A0       1
                clrtext                             624      624        6      AD2       0
                bssBANK2                            120      120       23      120       1
                dataBANK1                            CB       CB        4       A0       1
                bssBANK1                             A0       A0       23       A0       1
                bssBANK0                             69       69        4       20       1
                bssCOMMON                            7B       7B        1       70       1
                stringtext                          541      541       28      A82       0
                idataBANK1                          630      630        4      AD2       0

TOTAL           Name                               Link     Load   Length     Space
        CLASS   STACK          

        CLASS   CODE           
                end_init                             10       10        2         0
                cinit                                12       12       2A         0
                intentry                              4        4        C         0
                reset_vec                             0        0        3         0
                text21                              3B8      3B8       54         0
                text20                              634      634        3         0
                text18                              5D2      5D2       15         0
                text17                              619      619        B         0
                text16                              4DC      4DC       38         0
                text15                              5A2      5A2       1B         0
                text14                              266      266       82         0
                text13                              569      569       1E         0
                text12                              4A2      4A2       3A         0
                text11                              5BD      5BD       15         0
                text10                              60A      60A        F         0
                text9                               2E8      2E8       69         0
                text8                               40C      40C       53         0
                text7                               45F      45F       43         0
                text6                               587      587       1B         0
                text5                               62A      62A        6         0
                text4                               514      514       2D         0
                text3                               5E7      5E7       13         0
                text2                                3C       3C      22A         0
                text1                               5FA      5FA       10         0
                maintext                            351      351       67         0
                clrtext                             624      624        6         0
                idataBANK1                          630      630        4         0

        CLASS   STRCODE        
                stringtext                          541      541       28         0

        CLASS   STRING         

        CLASS   CONST          

        CLASS   ENTRY          

        CLASS   COMMON         
                cstackCOMMON                         70       70        B         1
                bssCOMMON                            7B       7B        1         1

        CLASS   BANK0          
                cstackBANK0                          20       20       49         1
                bssBANK0                             69       69        4         1

        CLASS   BANK1          
                cstackBANK1                          C3       C3        8         1
                dataBANK1                            CB       CB        4         1
                bssBANK1                             A0       A0       23         1

        CLASS   BANK2          
                bssBANK2                            120      120       23         1

        CLASS   BANK3          

        CLASS   BANK4          

        CLASS   BIGRAM         

        CLASS   RAM            

        CLASS   ABS1           
                abs_s1                               7E       7E        2         1

        CLASS   SFR0           

        CLASS   SFR1           

        CLASS   SFR2           

        CLASS   SFR3           

        CLASS   SFR4           

        CLASS   SFR5           

        CLASS   SFR6           

        CLASS   SFR7           

        CLASS   SFR8           

        CLASS   SFR9           

        CLASS   SFR10          

        CLASS   SFR11          

        CLASS   SFR12          

        CLASS   SFR13          

        CLASS   SFR14          

        CLASS   SFR15          

        CLASS   SFR16          

        CLASS   SFR17          

        CLASS   SFR18          

        CLASS   SFR19          

        CLASS   SFR20          

        CLASS   SFR21          

        CLASS   SFR22          

        CLASS   SFR23          

        CLASS   SFR24          

        CLASS   SFR25          

        CLASS   SFR26          

        CLASS   SFR27          

        CLASS   SFR28          

        CLASS   SFR29          

        CLASS   SFR30          

        CLASS   SFR31          

        CLASS   CONFIG         
                config                             8007     8007        2         0

        CLASS   IDLOC          

        CLASS   EEDATA         

        CLASS   BANK31         

        CLASS   BANK30         

        CLASS   BANK29         

        CLASS   BANK28         

        CLASS   BANK27         

        CLASS   BANK26         

        CLASS   BANK25         

        CLASS   BANK24         

        CLASS   BANK23         

        CLASS   BANK22         

        CLASS   BANK21         

        CLASS   BANK20         

        CLASS   BANK19         

        CLASS   BANK18         

        CLASS   BANK17         

        CLASS   BANK16         

        CLASS   BANK15         

        CLASS   BANK14         

        CLASS   BANK13         

        CLASS   BANK12         

        CLASS   BANK11         

        CLASS   BANK10         

        CLASS   BANK9          

        CLASS   BANK8          

        CLASS   BANK7          

        CLASS   BANK6          

        CLASS   BANK5          



SEGMENTS        Name                           Load    Length   Top    Selector   Space  Class     Delta

                reset_vec                      000000  000003  000003         0       0  CODE        2
                intentry                       000004  00053D  000541         8       0  CODE        2
                cstackBANK0                    000020  00004D  00006D        20       1  BANK0       1
                cstackCOMMON                   000070  00000C  00007C        70       1  COMMON      1
                bssBANK1                       0000A0  00002F  0000CF        A0       1  BANK1       1
                bssBANK2                       000120  000023  000143       120       1  BANK2       1
                stringtext                     000541  000028  000569       A82       0  STRCODE     2
                text13                         000569  0000CE  000637       AD2       0  CODE        2
                config                         008007  000002  008009     1000E       0  CONFIG      2


UNUSED ADDRESS RANGES

        Name                Unused          Largest block    Delta
        BANK0            0006D-0006F               3           1
        BANK1            000CF-000EF              21           1
        BANK2            00143-0016F              2D           1
        BANK3            001A0-001EF              50           1
        BANK4            00220-0023F              20           1
        BIGRAM           02000-0215F             160           1
        CODE             00003-00003               1           2
                         00637-00FFF             1C9
        COMMON           0007C-0007D               2           1
        CONST            00003-00003               1           2
                         00637-00FFF             100
        EEDATA           0F000-0F0FF             100           2
        ENTRY            00003-00003               1           2
                         00637-00FFF             100
        IDLOC            08000-08003               4           2
        RAM              0006D-0006F               3           1
                         000CF-000EF              21
                         00143-0016F              2D
                         001A0-001EF              50
                         00220-0023F              20
        SFR0             00000-0001F              20           1
        SFR1             00080-0009F              20           1
        SFR10            00500-0056F              70           1
        SFR11            00580-005EF              70           1
        SFR12            00600-0066F              70           1
        SFR13            00680-006EF              70           1
        SFR14            00700-0076F              70           1
        SFR15            00780-007EF              70           1
        SFR16            00800-0086F              70           1
        SFR17            00880-008EF              70           1
        SFR18            00900-0096F              70           1
        SFR19            00980-009EF              70           1
        SFR2             00100-0011F              20           1
        SFR20            00A00-00A6F              70           1
        SFR21            00A80-00AEF              70           1
        SFR22            00B00-00B6F              70           1
        SFR23            00B80-00BEF              70           1
        SFR24            00C00-00C6F              70           1
        SFR25            00C80-00CEF              70           1
        SFR26            00D00-00D6F              70           1
        SFR27            00D80-00DEF              70           1
        SFR28            00E00-00E6F              70           1
        SFR29            00E80-00EEF              70           1
        SFR3             00180-0019F              20           1
        SFR30            00F00-00F6F              70           1
        SFR31            00F80-00FEF              70           1
        SFR4             00200-0021F              20           1
        SFR5             00280-002EF              70           1
        SFR6             00300-0036F              70           1
        SFR7             00380-003EF              70           1
        SFR8             00400-0046F              70           1
        SFR9             00480-004EF              70           1
        STACK            020C3-0215F              9D           1
        STRCODE          00003-00003               1           2
                         00637-00FFF             9C9
        STRING           00003-00003               1           2
                         00637-00FFF             100

                                  Symbol Table

?___lldiv                     cstackCOMMON 00072
?___llmod                     cstackCOMMON 00072
?___wmul                      cstackCOMMON 00072
?_xprintf                     cstackBANK0  00055
I2C2_Setting@Speed            cstackCOMMON 00074
I2C2_Setting@address          cstackCOMMON 00076
I2C2_Setting@mode             cstackCOMMON 00073
I2C2_Transmit@address         cstackCOMMON 00076
I2C2_Transmit@i               cstackCOMMON 00077
I2C2_Transmit@i_460           cstackCOMMON 00078
I2C2_Transmit@pData           cstackCOMMON 00072
I2C2_Transmit@result          cstackCOMMON 00079
I2C2_Transmit@size            cstackCOMMON 00073
I2C_Init@I2Cx                 cstackCOMMON 0007A
I2C_Init@Speed                cstackCOMMON 00079
I2C_Init@address              cstackCOMMON 00077
I2C_Init@mode                 cstackCOMMON 00078
I2C_Transmit@I2Cx             cstackBANK0  00026
I2C_Transmit@address          cstackBANK0  00020
I2C_Transmit@pData            cstackBANK0  00021
I2C_Transmit@result           cstackBANK0  00027
I2C_Transmit@size             cstackBANK0  00022
LCD_CursorPosition@tx         cstackCOMMON 00077
LCD_CursorPosition@ty         cstackCOMMON 00075
LCD_Put@word                  cstackCOMMON 00075
LCD_WriteData@point           cstackCOMMON 00074
_ANSELA                       (abs)        0018C
_ANSELB                       (abs)        0018D
_APFCON0                      (abs)        0011D
_APFCON1                      (abs)        0011E
_BCL2IE                       (abs)        004A1
_BCL2IF                       (abs)        000A1
_Basic_Init                   text18       005D2
_GIE                          (abs)        0005F
_I2C2_Config                  bssBANK1     000A0
_I2C2_Interrupt               text21       003B8
_I2C2_PinInit                 text17       00619
_I2C2_Setting                 text16       004DC
_I2C2_Transmit                text14       00266
_I2C_CommonInterrupt          text20       00634
_I2C_Init                     text15       005A2
_I2C_Transmit                 text13       00569
_LCD_CursorPosition           text11       005BD
_LCD_DisplayClear             text10       0060A
_LCD_Init                     text9        002E8
_LCD_Put                      text5        0062A
_LCD_WriteData                text12       004A2
_OSCCON                       (abs)        00099
_PEIE                         (abs)        0005E
_PORTA                        (abs)        0000C
_PORTB                        (abs)        0000D
_RA3                          (abs)        00063
_RA4                          (abs)        00064
_SSP2ADD                      (abs)        0021A
_SSP2BUF                      (abs)        00219
_SSP2CON1                     (abs)        0021D
_SSP2CON1bits                 (abs)        0021D
_SSP2CON2bits                 (abs)        0021E
_SSP2IE                       (abs)        004A0
_SSP2IF                       (abs)        000A0
_SSP2MSK                      (abs)        0021B
_SSP2STAT                     (abs)        0021C
_SSP2STATbits                 (abs)        0021C
_TRISA                        (abs)        0008C
_TRISB                        (abs)        0008D
__CFG_BOREN$ON                (abs)        00000
__CFG_BORV$LO                 (abs)        00000
__CFG_CLKOUTEN$OFF            (abs)        00000
__CFG_CP$OFF                  (abs)        00000
__CFG_CPD$OFF                 (abs)        00000
__CFG_FCMEN$OFF               (abs)        00000
__CFG_FOSC$INTOSC             (abs)        00000
__CFG_IESO$OFF                (abs)        00000
__CFG_LVP$OFF                 (abs)        00000
__CFG_MCLRE$ON                (abs)        00000
__CFG_PLLEN$ON                (abs)        00000
__CFG_PWRTE$ON                (abs)        00000
__CFG_STVREN$OFF              (abs)        00000
__CFG_WDTE$OFF                (abs)        00000
__CFG_WRT$OFF                 (abs)        00000
__Habs1                       abs1         00000
__Hbank0                      bank0        00000
__Hbank1                      bank1        00000
__Hbank10                     bank10       00000
__Hbank11                     bank11       00000
__Hbank12                     bank12       00000
__Hbank13                     bank13       00000
__Hbank14                     bank14       00000
__Hbank15                     bank15       00000
__Hbank16                     bank16       00000
__Hbank17                     bank17       00000
__Hbank18                     bank18       00000
__Hbank19                     bank19       00000
__Hbank2                      bank2        00000
__Hbank20                     bank20       00000
__Hbank21                     bank21       00000
__Hbank22                     bank22       00000
__Hbank23                     bank23       00000
__Hbank24                     bank24       00000
__Hbank25                     bank25       00000
__Hbank26                     bank26       00000
__Hbank27                     bank27       00000
__Hbank28                     bank28       00000
__Hbank29                     bank29       00000
__Hbank3                      bank3        00000
__Hbank30                     bank30       00000
__Hbank31                     bank31       00000
__Hbank4                      bank4        00000
__Hbank5                      bank5        00000
__Hbank6                      bank6        00000
__Hbank7                      bank7        00000
__Hbank8                      bank8        00000
__Hbank9                      bank9        00000
__Hbigram                     bigram       00000
__HbssBANK0                   bssBANK0     00000
__HbssBANK1                   bssBANK1     00000
__HbssBANK2                   bssBANK2     00000
__HbssCOMMON                  bssCOMMON    00000
__Hcinit                      cinit        0003C
__Hclrtext                    clrtext      00000
__Hcode                       code         00000
__Hcommon                     common       00000
__Hconfig                     config       08009
__HcstackBANK0                cstackBANK0  00000
__HcstackBANK1                cstackBANK1  00000
__HcstackCOMMON               cstackCOMMON 00000
__HdataBANK1                  dataBANK1    00000
__Heeprom_data                eeprom_data  00000
__Hend_init                   end_init     00012
__Hfunctab                    functab      00000
__HidataBANK1                 idataBANK1   00000
__Hidloc                      idloc        00000
__Hinit                       init         00010
__Hintentry                   intentry     00010
__Hmaintext                   maintext     00000
__Hpowerup                    powerup      00000
__Hram                        ram          00000
__Hreset_vec                  reset_vec    00003
__Hsfr0                       sfr0         00000
__Hsfr1                       sfr1         00000
__Hsfr10                      sfr10        00000
__Hsfr11                      sfr11        00000
__Hsfr12                      sfr12        00000
__Hsfr13                      sfr13        00000
__Hsfr14                      sfr14        00000
__Hsfr15                      sfr15        00000
__Hsfr16                      sfr16        00000
__Hsfr17                      sfr17        00000
__Hsfr18                      sfr18        00000
__Hsfr19                      sfr19        00000
__Hsfr2                       sfr2         00000
__Hsfr20                      sfr20        00000
__Hsfr21                      sfr21        00000
__Hsfr22                      sfr22        00000
__Hsfr23                      sfr23        00000
__Hsfr24                      sfr24        00000
__Hsfr25                      sfr25        00000
__Hsfr26                      sfr26        00000
__Hsfr27                      sfr27        00000
__Hsfr28                      sfr28        00000
__Hsfr29                      sfr29        00000
__Hsfr3                       sfr3         00000
__Hsfr30                      sfr30        00000
__Hsfr31                      sfr31        00000
__Hsfr4                       sfr4         00000
__Hsfr5                       sfr5         00000
__Hsfr6                       sfr6         00000
__Hsfr7                       sfr7         00000
__Hsfr8                       sfr8         00000
__Hsfr9                       sfr9         00000
__Hspace_0                    (abs)        08009
__Hspace_1                    (abs)        00143
__Hspace_2                    (abs)        00000
__Hspace_3                    (abs)        00000
__Hstack                      stack        00000
__Hstrings                    strings      00000
__Hstringtext                 stringtext   00000
__Htext                       text         00000
__Labs1                       abs1         00000
__Lbank0                      bank0        00000
__Lbank1                      bank1        00000
__Lbank10                     bank10       00000
__Lbank11                     bank11       00000
__Lbank12                     bank12       00000
__Lbank13                     bank13       00000
__Lbank14                     bank14       00000
__Lbank15                     bank15       00000
__Lbank16                     bank16       00000
__Lbank17                     bank17       00000
__Lbank18                     bank18       00000
__Lbank19                     bank19       00000
__Lbank2                      bank2        00000
__Lbank20                     bank20       00000
__Lbank21                     bank21       00000
__Lbank22                     bank22       00000
__Lbank23                     bank23       00000
__Lbank24                     bank24       00000
__Lbank25                     bank25       00000
__Lbank26                     bank26       00000
__Lbank27                     bank27       00000
__Lbank28                     bank28       00000
__Lbank29                     bank29       00000
__Lbank3                      bank3        00000
__Lbank30                     bank30       00000
__Lbank31                     bank31       00000
__Lbank4                      bank4        00000
__Lbank5                      bank5        00000
__Lbank6                      bank6        00000
__Lbank7                      bank7        00000
__Lbank8                      bank8        00000
__Lbank9                      bank9        00000
__Lbigram                     bigram       00000
__LbssBANK0                   bssBANK0     00000
__LbssBANK1                   bssBANK1     00000
__LbssBANK2                   bssBANK2     00000
__LbssCOMMON                  bssCOMMON    00000
__Lcinit                      cinit        00012
__Lclrtext                    clrtext      00000
__Lcode                       code         00000
__Lcommon                     common       00000
__Lconfig                     config       08007
__LcstackBANK0                cstackBANK0  00000
__LcstackBANK1                cstackBANK1  00000
__LcstackCOMMON               cstackCOMMON 00000
__LdataBANK1                  dataBANK1    00000
__Leeprom_data                eeprom_data  00000
__Lend_init                   end_init     00010
__Lfunctab                    functab      00000
__LidataBANK1                 idataBANK1   00000
__Lidloc                      idloc        00000
__Linit                       init         00010
__Lintentry                   intentry     00004
__Lmaintext                   maintext     00000
__Lpowerup                    powerup      00000
__Lram                        ram          00000
__Lreset_vec                  reset_vec    00000
__Lsfr0                       sfr0         00000
__Lsfr1                       sfr1         00000
__Lsfr10                      sfr10        00000
__Lsfr11                      sfr11        00000
__Lsfr12                      sfr12        00000
__Lsfr13                      sfr13        00000
__Lsfr14                      sfr14        00000
__Lsfr15                      sfr15        00000
__Lsfr16                      sfr16        00000
__Lsfr17                      sfr17        00000
__Lsfr18                      sfr18        00000
__Lsfr19                      sfr19        00000
__Lsfr2                       sfr2         00000
__Lsfr20                      sfr20        00000
__Lsfr21                      sfr21        00000
__Lsfr22                      sfr22        00000
__Lsfr23                      sfr23        00000
__Lsfr24                      sfr24        00000
__Lsfr25                      sfr25        00000
__Lsfr26                      sfr26        00000
__Lsfr27                      sfr27        00000
__Lsfr28                      sfr28        00000
__Lsfr29                      sfr29        00000
__Lsfr3                       sfr3         00000
__Lsfr30                      sfr30        00000
__Lsfr31                      sfr31        00000
__Lsfr4                       sfr4         00000
__Lsfr5                       sfr5         00000
__Lsfr6                       sfr6         00000
__Lsfr7                       sfr7         00000
__Lsfr8                       sfr8         00000
__Lsfr9                       sfr9         00000
__Lspace_0                    (abs)        00000
__Lspace_1                    (abs)        00000
__Lspace_2                    (abs)        00000
__Lspace_3                    (abs)        00000
__Lstack                      stack        00000
__Lstrings                    strings      00000
__Lstringtext                 stringtext   00000
__Ltext                       text         00000
__S0                          (abs)        08009
__S1                          (abs)        00143
__S2                          (abs)        00000
__S3                          (abs)        00000
___int_sp                     stack        00000
___latbits                    (abs)        00001
___lldiv                      text8        0040C
___lldiv@counter              cstackBANK0  00024
___lldiv@dividend             cstackCOMMON 00076
___lldiv@divisor              cstackCOMMON 00072
___lldiv@quotient             cstackBANK0  00020
___llmod                      text7        0045F
___llmod@counter              cstackBANK0  00020
___llmod@dividend             cstackCOMMON 00076
___llmod@divisor              cstackCOMMON 00072
___sp                         stack        00000
___wmul                       text6        00587
___wmul@multiplicand          cstackCOMMON 00074
___wmul@multiplier            cstackCOMMON 00072
___wmul@product               cstackCOMMON 00076
__end_of_Basic_Init           text18       005E7
__end_of_I2C2_Interrupt       text21       0040C
__end_of_I2C2_PinInit         text17       00624
__end_of_I2C2_Setting         text16       00514
__end_of_I2C2_Transmit        text14       002E8
__end_of_I2C_CommonInterrupt  text20       00637
__end_of_I2C_Init             text15       005BD
__end_of_I2C_Transmit         text13       00587
__end_of_LCD_CursorPosition   text11       005D2
__end_of_LCD_DisplayClear     text10       00619
__end_of_LCD_Init             text9        00351
__end_of_LCD_Put              text5        00630
__end_of_LCD_WriteData        text12       004DC
__end_of___lldiv              text8        0045F
__end_of___llmod              text7        004A2
__end_of___wmul               text6        005A2
__end_of__initialization      cinit        00038
__end_of_hand                 intentry     00010
__end_of_main                 maintext     003B8
__end_of_xprintf              text1        0060A
__end_of_xputc                text4        00541
__end_of_xputs                text3        005FA
__end_of_xvprintf             text2        00266
__initialization              cinit        00012
__pbssBANK0                   bssBANK0     00069
__pbssBANK1                   bssBANK1     000A0
__pbssBANK2                   bssBANK2     00120
__pbssCOMMON                  bssCOMMON    0007B
__pcstackBANK0                cstackBANK0  00020
__pcstackBANK1                cstackBANK1  000C3
__pcstackCOMMON               cstackCOMMON 00070
__pdataBANK1                  dataBANK1    000CB
__pidataBANK1                 idataBANK1   00630
__pintentry                   intentry     00004
__pmaintext                   maintext     00351
__pstringtext                 stringtext   00541
__ptext1                      text1        005FA
__ptext10                     text10       0060A
__ptext11                     text11       005BD
__ptext12                     text12       004A2
__ptext13                     text13       00569
__ptext14                     text14       00266
__ptext15                     text15       005A2
__ptext16                     text16       004DC
__ptext17                     text17       00619
__ptext18                     text18       005D2
__ptext2                      text2        0003C
__ptext20                     text20       00634
__ptext21                     text21       003B8
__ptext3                      text3        005E7
__ptext4                      text4        00514
__ptext5                      text5        0062A
__ptext6                      text6        00587
__ptext7                      text7        0045F
__ptext8                      text8        0040C
__ptext9                      text9        002E8
__size_of_Basic_Init          (abs)        00000
__size_of_I2C2_Interrupt      (abs)        00000
__size_of_I2C2_PinInit        (abs)        00000
__size_of_I2C2_Setting        (abs)        00000
__size_of_I2C2_Transmit       (abs)        00000
__size_of_I2C_CommonInterrupt (abs)        00000
__size_of_I2C_Init            (abs)        00000
__size_of_I2C_Transmit        (abs)        00000
__size_of_LCD_CursorPosition  (abs)        00000
__size_of_LCD_DisplayClear    (abs)        00000
__size_of_LCD_Init            (abs)        00000
__size_of_LCD_Put             (abs)        00000
__size_of_LCD_WriteData       (abs)        00000
__size_of___lldiv             (abs)        00000
__size_of___llmod             (abs)        00000
__size_of___wmul              (abs)        00000
__size_of_hand                (abs)        00000
__size_of_main                (abs)        00000
__size_of_xprintf             (abs)        00000
__size_of_xputc               (abs)        00000
__size_of_xputs               (abs)        00000
__size_of_xvprintf            (abs)        00000
_hand                         intentry     00004
_main                         maintext     00351
_outptr                       bssCOMMON    0007B
_xfunc_in                     bssBANK0     00069
_xfunc_out                    bssBANK0     0006B
_xprintf                      text1        005FA
_xputc                        text4        00514
_xputs                        text3        005E7
_xvprintf                     text2        0003C
_xvprintf$189                 cstackBANK0  0003C
_xvprintf$190                 cstackBANK0  00040
_xvprintf$191                 cstackBANK0  00042
btemp                         (abs)        0007E
clear_ram0                    clrtext      00624
end_of_initialization         cinit        00038
int$flags                     (abs)        0007E
intlevel0                     functab      00000
intlevel1                     functab      00000
intlevel2                     functab      00000
intlevel3                     functab      00000
intlevel4                     functab      00000
intlevel5                     functab      00000
main@F3055                    dataBANK1    000CB
main@resultdata               cstackBANK1  000C7
main@testdata                 cstackBANK1  000C3
reset_vec                     reset_vec    00000
stackhi                       (abs)        0215F
stacklo                       (abs)        020C3
start                         init         00010
start_initialization          cinit        00012
wtemp0                        (abs)        0007E
xprintf@arp                   cstackBANK0  00060
xprintf@fmt                   cstackBANK0  00055
xputc@c                       cstackCOMMON 00077
xputs@str                     cstackCOMMON 00079
xvprintf@arp                  cstackBANK0  00027
xvprintf@c                    cstackBANK0  00054
xvprintf@d                    cstackBANK0  00053
xvprintf@f                    cstackBANK0  0004F
xvprintf@fmt                  cstackBANK0  00025
xvprintf@i                    cstackBANK0  00051
xvprintf@j                    cstackBANK0  00049
xvprintf@p                    cstackBANK0  00044
xvprintf@r                    cstackBANK0  00045
xvprintf@s                    cstackBANK0  0002C
xvprintf@v                    cstackBANK0  0004B
xvprintf@w                    cstackBANK0  00047


FUNCTION INFORMATION:

 *************** function _main *****************
 Defined at:
		line 12 in file "main.c"
 Parameters:    Size  Location     Type
		None
 Auto vars:     Size  Location     Type
  resultdata      4    4[BANK1 ] unsigned char [4]
  testdata        4    0[BANK1 ] unsigned char [4]
 Return value:  Size  Location     Type
                  1    wreg      char 
 Registers used:
		wreg, fsr0l, fsr0h, fsr1l, fsr1h, status,2, status,0, pclath, cstack
 Tracked objects:
		On entry : 
		On exit  : 
		Unchanged: 
 Data sizes:     COMMON   BANK0   BANK1   BANK2   BANK3   BANK4
      Params:         0       0       0       0       0       0
      Locals:         0       0       8       0       0       0
      Temps:          0       8       0       0       0       0
      Totals:         0       8       8       0       0       0
Total ram usage:       16 bytes
 Hardware stack levels required when called:    9
 This function calls:
		_Basic_Init
		_I2C_Init
		_I2C_Transmit
		_LCD_CursorPosition
		_LCD_Init
		_xprintf
 This function is called by:
		Startup code after reset
 This function uses a non-reentrant model


 *************** function _xprintf *****************
 Defined at:
		line 165 in file "xprintf.c"
 Parameters:    Size  Location     Type
  fmt             2   53[BANK0 ] PTR const unsigned char 
		 -> STR_6(7), STR_5(6), STR_4(6), STR_3(7), 
		 -> STR_1(12), 
 Auto vars:     Size  Location     Type
  arp             1   64[BANK0 ] PTR void [1]
		 -> ?_xfprintf(1), ?_xsprintf(1), ?_xprintf(1), 
 Return value:  Size  Location     Type
                  1    wreg      void 
 Registers used:
		wreg, fsr0l, fsr0h, fsr1l, fsr1h, status,2, status,0, pclath, cstack
 Tracked objects:
		On entry : 
		On exit  : 
		Unchanged: 
 Data sizes:     COMMON   BANK0   BANK1   BANK2   BANK3   BANK4
      Params:         0      10       0       0       0       0
      Locals:         0       1       0       0       0       0
      Temps:          0       1       0       0       0       0
      Totals:         0      12       0       0       0       0
Total ram usage:       12 bytes
 Hardware stack levels used:    1
 Hardware stack levels required when called:    8
 This function calls:
		_xvprintf
 This function is called by:
		_main
		_put_dump
 This function uses a non-reentrant model


 *************** function _xvprintf *****************
 Defined at:
		line 88 in file "xprintf.c"
 Parameters:    Size  Location     Type
  fmt             2    5[BANK0 ] PTR const unsigned char 
		 -> STR_6(7), STR_5(6), STR_4(6), STR_3(7), 
		 -> STR_1(12), 
  arp             1    7[BANK0 ] PTR PTR void 
		 -> xfprintf@arp(1), xsprintf@arp(1), xprintf@arp(1), 
 Auto vars:     Size  Location     Type
  s              16   12[BANK0 ] unsigned char [16]
  v               4   43[BANK0 ] unsigned long 
  i               2   49[BANK0 ] unsigned int 
  f               2   47[BANK0 ] unsigned int 
  j               2   41[BANK0 ] unsigned int 
  w               2   39[BANK0 ] unsigned int 
  r               2   37[BANK0 ] unsigned int 
  c               1   52[BANK0 ] unsigned char 
  d               1   51[BANK0 ] unsigned char 
  p               1   36[BANK0 ] PTR unsigned char 
		 -> ?_xfprintf(1), ?_xsprintf(1), ?_xprintf(1), 
 Return value:  Size  Location     Type
                  1    wreg      void 
 Registers used:
		wreg, fsr0l, fsr0h, fsr1l, fsr1h, status,2, status,0, pclath, cstack
 Tracked objects:
		On entry : 
		On exit  : 
		Unchanged: 
 Data sizes:     COMMON   BANK0   BANK1   BANK2   BANK3   BANK4
      Params:         0       3       0       0       0       0
      Locals:         0      41       0       0       0       0
      Temps:          0       4       0       0       0       0
      Totals:         0      48       0       0       0       0
Total ram usage:       48 bytes
 Hardware stack levels used:    1
 Hardware stack levels required when called:    7
 This function calls:
		___lldiv
		___llmod
		___wmul
		_xputc
		_xputs
 This function is called by:
		_xprintf
		_xsprintf
		_xfprintf
 This function uses a non-reentrant model


 *************** function _xputs *****************
 Defined at:
		line 44 in file "xprintf.c"
 Parameters:    Size  Location     Type
  str             1    wreg     PTR const unsigned char 
		 -> ?_xfprintf(1), ?_xsprintf(1), ?_xprintf(1), 
 Auto vars:     Size  Location     Type
  str             1    9[COMMON] PTR const unsigned char 
		 -> ?_xfprintf(1), ?_xsprintf(1), ?_xprintf(1), 
 Return value:  Size  Location     Type
                  1    wreg      void 
 Registers used:
		wreg, fsr1l, fsr1h, status,2, status,0, pclath, cstack
 Tracked objects:
		On entry : 
		On exit  : 
		Unchanged: 
 Data sizes:     COMMON   BANK0   BANK1   BANK2   BANK3   BANK4
      Params:         0       0       0       0       0       0
      Locals:         1       0       0       0       0       0
      Temps:          1       0       0       0       0       0
      Totals:         2       0       0       0       0       0
Total ram usage:        2 bytes
 Hardware stack levels used:    1
 Hardware stack levels required when called:    6
 This function calls:
		_xputc
 This function is called by:
		_xvprintf
 This function uses a non-reentrant model


 *************** function _xputc *****************
 Defined at:
		line 26 in file "xprintf.c"
 Parameters:    Size  Location     Type
  c               1    wreg     unsigned char 
 Auto vars:     Size  Location     Type
  c               1    7[COMMON] unsigned char 
 Return value:  Size  Location     Type
                  1    wreg      void 
 Registers used:
		wreg, fsr1l, fsr1h, status,2, status,0, pclath, cstack
 Tracked objects:
		On entry : 
		On exit  : 
		Unchanged: 
 Data sizes:     COMMON   BANK0   BANK1   BANK2   BANK3   BANK4
      Params:         0       0       0       0       0       0
      Locals:         1       0       0       0       0       0
      Temps:          1       0       0       0       0       0
      Totals:         2       0       0       0       0       0
Total ram usage:        2 bytes
 Hardware stack levels used:    1
 Hardware stack levels required when called:    5
 This function calls:
		Absolute function
		_LCD_Put
 This function is called by:
		_xputs
		_xvprintf
		_xfputs
		_put_dump
		_xgets
 This function uses a non-reentrant model


 *************** function _LCD_Put *****************
 Defined at:
		line 54 in file "LCD.c"
 Parameters:    Size  Location     Type
  word            1    5[COMMON] char 
 Auto vars:     Size  Location     Type
		None
 Return value:  Size  Location     Type
                  1    wreg      void 
 Registers used:
		wreg, status,2, status,0, pclath, cstack
 Tracked objects:
		On entry : 
		On exit  : 
		Unchanged: 
 Data sizes:     COMMON   BANK0   BANK1   BANK2   BANK3   BANK4
      Params:         1       0       0       0       0       0
      Locals:         0       0       0       0       0       0
      Temps:          0       0       0       0       0       0
      Totals:         1       0       0       0       0       0
Total ram usage:        1 bytes
 Hardware stack levels used:    1
 Hardware stack levels required when called:    4
 This function calls:
		_LCD_WriteData
 This function is called by:
		_main
		_xputc
 This function uses a non-reentrant model


 *************** function ___wmul *****************
 Defined at:
		line 15 in file "/opt/microchip/xc8/v1.41/sources/common/Umul16.c"
 Parameters:    Size  Location     Type
  multiplier      2    2[COMMON] unsigned int 
  multiplicand    2    4[COMMON] unsigned int 
 Auto vars:     Size  Location     Type
  product         2    6[COMMON] unsigned int 
 Return value:  Size  Location     Type
                  2    2[COMMON] unsigned int 
 Registers used:
		wreg, status,2, status,0
 Tracked objects:
		On entry : 
		On exit  : 
		Unchanged: 
 Data sizes:     COMMON   BANK0   BANK1   BANK2   BANK3   BANK4
      Params:         4       0       0       0       0       0
      Locals:         2       0       0       0       0       0
      Temps:          0       0       0       0       0       0
      Totals:         6       0       0       0       0       0
Total ram usage:        6 bytes
 Hardware stack levels used:    1
 Hardware stack levels required when called:    3
 This function calls:
		Nothing
 This function is called by:
		_xvprintf
 This function uses a non-reentrant model


 *************** function ___llmod *****************
 Defined at:
		line 6 in file "/opt/microchip/xc8/v1.41/sources/common/llmod.c"
 Parameters:    Size  Location     Type
  divisor         4    2[COMMON] unsigned long 
  dividend        4    6[COMMON] unsigned long 
 Auto vars:     Size  Location     Type
  counter         1    0[BANK0 ] unsigned char 
 Return value:  Size  Location     Type
                  4    2[COMMON] unsigned long 
 Registers used:
		wreg, status,2, status,0
 Tracked objects:
		On entry : 
		On exit  : 
		Unchanged: 
 Data sizes:     COMMON   BANK0   BANK1   BANK2   BANK3   BANK4
      Params:         8       0       0       0       0       0
      Locals:         0       1       0       0       0       0
      Temps:          1       0       0       0       0       0
      Totals:         9       1       0       0       0       0
Total ram usage:       10 bytes
 Hardware stack levels used:    1
 Hardware stack levels required when called:    3
 This function calls:
		Nothing
 This function is called by:
		_xvprintf
 This function uses a non-reentrant model


 *************** function ___lldiv *****************
 Defined at:
		line 6 in file "/opt/microchip/xc8/v1.41/sources/common/lldiv.c"
 Parameters:    Size  Location     Type
  divisor         4    2[COMMON] unsigned long 
  dividend        4    6[COMMON] unsigned long 
 Auto vars:     Size  Location     Type
  quotient        4    0[BANK0 ] unsigned long 
  counter         1    4[BANK0 ] unsigned char 
 Return value:  Size  Location     Type
                  4    2[COMMON] unsigned long 
 Registers used:
		wreg, status,2, status,0
 Tracked objects:
		On entry : 
		On exit  : 
		Unchanged: 
 Data sizes:     COMMON   BANK0   BANK1   BANK2   BANK3   BANK4
      Params:         8       0       0       0       0       0
      Locals:         0       5       0       0       0       0
      Temps:          1       0       0       0       0       0
      Totals:         9       5       0       0       0       0
Total ram usage:       14 bytes
 Hardware stack levels used:    1
 Hardware stack levels required when called:    3
 This function calls:
		Nothing
 This function is called by:
		_xvprintf
 This function uses a non-reentrant model


 *************** function _LCD_Init *****************
 Defined at:
		line 28 in file "LCD.c"
 Parameters:    Size  Location     Type
		None
 Auto vars:     Size  Location     Type
		None
 Return value:  Size  Location     Type
                  1    wreg      void 
 Registers used:
		wreg, status,2, status,0, pclath, cstack
 Tracked objects:
		On entry : 
		On exit  : 
		Unchanged: 
 Data sizes:     COMMON   BANK0   BANK1   BANK2   BANK3   BANK4
      Params:         0       0       0       0       0       0
      Locals:         0       0       0       0       0       0
      Temps:          2       0       0       0       0       0
      Totals:         2       0       0       0       0       0
Total ram usage:        2 bytes
 Hardware stack levels used:    1
 Hardware stack levels required when called:    5
 This function calls:
		_LCD_DisplayClear
		_LCD_WriteData
 This function is called by:
		_main
 This function uses a non-reentrant model


 *************** function _LCD_DisplayClear *****************
 Defined at:
		line 64 in file "LCD.c"
 Parameters:    Size  Location     Type
		None
 Auto vars:     Size  Location     Type
		None
 Return value:  Size  Location     Type
                  1    wreg      void 
 Registers used:
		wreg, status,2, status,0, pclath, cstack
 Tracked objects:
		On entry : 
		On exit  : 
		Unchanged: 
 Data sizes:     COMMON   BANK0   BANK1   BANK2   BANK3   BANK4
      Params:         0       0       0       0       0       0
      Locals:         0       0       0       0       0       0
      Temps:          1       0       0       0       0       0
      Totals:         1       0       0       0       0       0
Total ram usage:        1 bytes
 Hardware stack levels used:    1
 Hardware stack levels required when called:    4
 This function calls:
		_LCD_WriteData
 This function is called by:
		_LCD_Init
 This function uses a non-reentrant model


 *************** function _LCD_CursorPosition *****************
 Defined at:
		line 86 in file "LCD.c"
 Parameters:    Size  Location     Type
  tx              1    wreg     unsigned char 
  ty              1    5[COMMON] unsigned char 
 Auto vars:     Size  Location     Type
  tx              1    7[COMMON] unsigned char 
 Return value:  Size  Location     Type
                  1    wreg      void 
 Registers used:
		wreg, status,2, status,0, pclath, cstack
 Tracked objects:
		On entry : 
		On exit  : 
		Unchanged: 
 Data sizes:     COMMON   BANK0   BANK1   BANK2   BANK3   BANK4
      Params:         1       0       0       0       0       0
      Locals:         1       0       0       0       0       0
      Temps:          1       0       0       0       0       0
      Totals:         3       0       0       0       0       0
Total ram usage:        3 bytes
 Hardware stack levels used:    1
 Hardware stack levels required when called:    4
 This function calls:
		_LCD_WriteData
 This function is called by:
		_main
 This function uses a non-reentrant model


 *************** function _LCD_WriteData *****************
 Defined at:
		line 15 in file "LCD.c"
 Parameters:    Size  Location     Type
  point           1    wreg     char 
 Auto vars:     Size  Location     Type
  point           1    4[COMMON] char 
 Return value:  Size  Location     Type
                  1    wreg      void 
 Registers used:
		wreg, status,2, status,0
 Tracked objects:
		On entry : 
		On exit  : 
		Unchanged: 
 Data sizes:     COMMON   BANK0   BANK1   BANK2   BANK3   BANK4
      Params:         0       0       0       0       0       0
      Locals:         1       0       0       0       0       0
      Temps:          2       0       0       0       0       0
      Totals:         3       0       0       0       0       0
Total ram usage:        3 bytes
 Hardware stack levels used:    1
 Hardware stack levels required when called:    3
 This function calls:
		Nothing
 This function is called by:
		_LCD_Init
		_LCD_Put
		_LCD_DisplayClear
		_LCD_CursorPosition
		_LCD_CursorHome
		_LCD_CursorShift
		_LCD_DispShift
 This function uses a non-reentrant model


 *************** function _I2C_Transmit *****************
 Defined at:
		line 23 in file "I2C_Common.c"
 Parameters:    Size  Location     Type
  I2Cx            1    wreg     enum E2992
  address         1    0[BANK0 ] unsigned char 
  pData           1    1[BANK0 ] PTR unsigned char 
		 -> main@testdata(4), 
  size            1    2[BANK0 ] unsigned char 
 Auto vars:     Size  Location     Type
  I2Cx            1    6[BANK0 ] enum E2992
  result          1    7[BANK0 ] char 
 Return value:  Size  Location     Type
                  1    wreg      char 
 Registers used:
		wreg, fsr0l, fsr0h, fsr1l, fsr1h, status,2, status,0, pclath, cstack
 Tracked objects:
		On entry : 
		On exit  : 
		Unchanged: 
 Data sizes:     COMMON   BANK0   BANK1   BANK2   BANK3   BANK4
      Params:         0       3       0       0       0       0
      Locals:         0       2       0       0       0       0
      Temps:          0       3       0       0       0       0
      Totals:         0       8       0       0       0       0
Total ram usage:        8 bytes
 Hardware stack levels used:    1
 Hardware stack levels required when called:    4
 This function calls:
		_I2C2_Transmit
 This function is called by:
		_main
 This function uses a non-reentrant model


 *************** function _I2C2_Transmit *****************
 Defined at:
		line 52 in file "I2C2.c"
 Parameters:    Size  Location     Type
  address         1    wreg     unsigned char 
  pData           1    2[COMMON] PTR unsigned char 
		 -> main@testdata(4), 
  size            1    3[COMMON] unsigned char 
 Auto vars:     Size  Location     Type
  address         1    6[COMMON] unsigned char 
  i               1    8[COMMON] unsigned char 
  i               1    7[COMMON] unsigned char 
  result          1    9[COMMON] char 
 Return value:  Size  Location     Type
                  1    wreg      char 
 Registers used:
		wreg, fsr0l, fsr0h, fsr1l, fsr1h, status,2, status,0
 Tracked objects:
		On entry : 
		On exit  : 
		Unchanged: 
 Data sizes:     COMMON   BANK0   BANK1   BANK2   BANK3   BANK4
      Params:         2       0       0       0       0       0
      Locals:         4       0       0       0       0       0
      Temps:          2       0       0       0       0       0
      Totals:         8       0       0       0       0       0
Total ram usage:        8 bytes
 Hardware stack levels used:    1
 Hardware stack levels required when called:    3
 This function calls:
		Nothing
 This function is called by:
		_I2C_Transmit
 This function uses a non-reentrant model


 *************** function _I2C_Init *****************
 Defined at:
		line 6 in file "I2C_Common.c"
 Parameters:    Size  Location     Type
  I2Cx            1    wreg     enum E2992
  address         1    7[COMMON] unsigned char 
  mode            1    8[COMMON] enum E2983
  Speed           1    9[COMMON] enum E2987
 Auto vars:     Size  Location     Type
  I2Cx            1   10[COMMON] enum E2992
 Return value:  Size  Location     Type
                  1    wreg      void 
 Registers used:
		wreg, fsr0l, fsr0h, status,2, status,0, pclath, cstack
 Tracked objects:
		On entry : 
		On exit  : 
		Unchanged: 
 Data sizes:     COMMON   BANK0   BANK1   BANK2   BANK3   BANK4
      Params:         3       0       0       0       0       0
      Locals:         1       0       0       0       0       0
      Temps:          0       2       0       0       0       0
      Totals:         4       2       0       0       0       0
Total ram usage:        6 bytes
 Hardware stack levels used:    1
 Hardware stack levels required when called:    5
 This function calls:
		_I2C2_Setting
 This function is called by:
		_main
 This function uses a non-reentrant model


 *************** function _I2C2_Setting *****************
 Defined at:
		line 15 in file "I2C2.c"
 Parameters:    Size  Location     Type
  address         1    wreg     unsigned char 
  mode            1    3[COMMON] enum E2983
  Speed           1    4[COMMON] enum E2987
 Auto vars:     Size  Location     Type
  address         1    6[COMMON] unsigned char 
 Return value:  Size  Location     Type
                  1    wreg      void 
 Registers used:
		wreg, fsr0l, fsr0h, status,2, status,0, pclath, cstack
 Tracked objects:
		On entry : 
		On exit  : 
		Unchanged: 
 Data sizes:     COMMON   BANK0   BANK1   BANK2   BANK3   BANK4
      Params:         2       0       0       0       0       0
      Locals:         1       0       0       0       0       0
      Temps:          1       0       0       0       0       0
      Totals:         4       0       0       0       0       0
Total ram usage:        4 bytes
 Hardware stack levels used:    1
 Hardware stack levels required when called:    4
 This function calls:
		_I2C2_PinInit
 This function is called by:
		_I2C_Init
 This function uses a non-reentrant model


 *************** function _I2C2_PinInit *****************
 Defined at:
		line 9 in file "I2C2.c"
 Parameters:    Size  Location     Type
		None
 Auto vars:     Size  Location     Type
		None
 Return value:  Size  Location     Type
                  1    wreg      void 
 Registers used:
		wreg, status,2, status,0
 Tracked objects:
		On entry : 
		On exit  : 
		Unchanged: 
 Data sizes:     COMMON   BANK0   BANK1   BANK2   BANK3   BANK4
      Params:         0       0       0       0       0       0
      Locals:         0       0       0       0       0       0
      Temps:          1       0       0       0       0       0
      Totals:         1       0       0       0       0       0
Total ram usage:        1 bytes
 Hardware stack levels used:    1
 Hardware stack levels required when called:    3
 This function calls:
		Nothing
 This function is called by:
		_I2C2_Setting
 This function uses a non-reentrant model


 *************** function _Basic_Init *****************
 Defined at:
		line 34 in file "main.c"
 Parameters:    Size  Location     Type
		None
 Auto vars:     Size  Location     Type
		None
 Return value:  Size  Location     Type
                  1    wreg      char 
 Registers used:
		wreg, status,2
 Tracked objects:
		On entry : 
		On exit  : 
		Unchanged: 
 Data sizes:     COMMON   BANK0   BANK1   BANK2   BANK3   BANK4
      Params:         0       0       0       0       0       0
      Locals:         0       0       0       0       0       0
      Temps:          0       0       0       0       0       0
      Totals:         0       0       0       0       0       0
Total ram usage:        0 bytes
 Hardware stack levels used:    1
 Hardware stack levels required when called:    3
 This function calls:
		Nothing
 This function is called by:
		_main
 This function uses a non-reentrant model


 *************** function _hand *****************
 Defined at:
		line 56 in file "main.c"
 Parameters:    Size  Location     Type
		None
 Auto vars:     Size  Location     Type
		None
 Return value:  Size  Location     Type
                  1    wreg      void 
 Registers used:
		wreg, fsr1l, fsr1h, status,2, status,0, pclath, cstack
 Tracked objects:
		On entry : 
		On exit  : 
		Unchanged: 
 Data sizes:     COMMON   BANK0   BANK1   BANK2   BANK3   BANK4
      Params:         0       0       0       0       0       0
      Locals:         0       0       0       0       0       0
      Temps:          1       0       0       0       0       0
      Totals:         1       0       0       0       0       0
Total ram usage:        1 bytes
 Hardware stack levels used:    1
 Hardware stack levels required when called:    2
 This function calls:
		_I2C_CommonInterrupt
 This function is called by:
		Interrupt level 1
 This function uses a non-reentrant model


 *************** function _I2C_CommonInterrupt *****************
 Defined at:
		line 58 in file "I2C_Common.c"
 Parameters:    Size  Location     Type
		None
 Auto vars:     Size  Location     Type
		None
 Return value:  Size  Location     Type
                  1    wreg      void 
 Registers used:
		wreg, fsr1l, fsr1h, status,2, status,0, pclath, cstack
 Tracked objects:
		On entry : 
		On exit  : 
		Unchanged: 
 Data sizes:     COMMON   BANK0   BANK1   BANK2   BANK3   BANK4
      Params:         0       0       0       0       0       0
      Locals:         0       0       0       0       0       0
      Temps:          0       0       0       0       0       0
      Totals:         0       0       0       0       0       0
Total ram usage:        0 bytes
 Hardware stack levels used:    1
 Hardware stack levels required when called:    1
 This function calls:
		_I2C2_Interrupt
 This function is called by:
		_hand
 This function uses a non-reentrant model


 *************** function _I2C2_Interrupt *****************
 Defined at:
		line 152 in file "I2C2.c"
 Parameters:    Size  Location     Type
		None
 Auto vars:     Size  Location     Type
		None
 Return value:  Size  Location     Type
                  1    wreg      void 
 Registers used:
		wreg, fsr1l, fsr1h, status,2, status,0
 Tracked objects:
		On entry : 
		On exit  : 
		Unchanged: 
 Data sizes:     COMMON   BANK0   BANK1   BANK2   BANK3   BANK4
      Params:         0       0       0       0       0       0
      Locals:         0       0       0       0       0       0
      Temps:          1       0       0       0       0       0
      Totals:         1       0       0       0       0       0
Total ram usage:        1 bytes
 Hardware stack levels used:    1
 This function calls:
		Nothing
 This function is called by:
		_I2C_CommonInterrupt
 This function uses a non-reentrant model



MODULE INFORMATION

Module		Function		Class		Link	Load	Size
/opt/microchip/xc8/v1.41/sources/common/lldiv.c
		___lldiv       		CODE           	040C	0000	84

/opt/microchip/xc8/v1.41/sources/common/lldiv.c estimated size: 84

I2C_Common.c
		_I2C_Transmit  		CODE           	0569	0000	31
		_I2C_CommonInterrupt		CODE           	0634	0000	4
		_I2C_Init      		CODE           	05A2	0000	28

I2C_Common.c estimated size: 63

xprintf.c
		_xvprintf      		CODE           	003C	0000	555
		_xputs         		CODE           	05E7	0000	20
		_xprintf       		CODE           	05FA	0000	17
		_xputc         		CODE           	0514	0000	46

xprintf.c estimated size: 638

shared
		__initialization		CODE           	0012	0000	39

shared estimated size: 39

/opt/microchip/xc8/v1.41/sources/common/llmod.c
		___llmod       		CODE           	045F	0000	68

/opt/microchip/xc8/v1.41/sources/common/llmod.c estimated size: 68

/opt/microchip/xc8/v1.41/sources/common/Umul16.c
		___wmul        		CODE           	0587	0000	28

/opt/microchip/xc8/v1.41/sources/common/Umul16.c estimated size: 28

main.c
		_main          		CODE           	0351	0000	104
		_hand          		CODE           	0004	0000	13
		_Basic_Init    		CODE           	05D2	0000	22

main.c estimated size: 139

I2C2.c
		_I2C2_PinInit  		CODE           	0619	0000	12
		_I2C2_Interrupt		CODE           	03B8	0000	85
		_I2C2_Setting  		CODE           	04DC	0000	57
		_I2C2_Transmit 		CODE           	0266	0000	131

I2C2.c estimated size: 285

LCD.c
		_LCD_Init      		CODE           	02E8	0000	106
		_LCD_Put       		CODE           	062A	0000	7
		_LCD_CursorPosition		CODE           	05BD	0000	22
		_LCD_DisplayClear		CODE           	060A	0000	16
		_LCD_WriteData 		CODE           	04A2	0000	59

LCD.c estimated size: 210

