Microchip MPLAB XC8 Compiler V1.41 ()

Linker command line:

-W-3 --edf=/opt/microchip/xc8/v1.41/dat/en_msgs.txt -cs \
  -h+dist/default/production/GeigerCounter.X.production.sym \
  --cmf=dist/default/production/GeigerCounter.X.production.cmf -z -Q16F1827 \
  -o/tmp/xcXkC5qRt -Mdist/default/production/GeigerCounter.X.production.map \
  -E1 -ver=XC8 -ASTACK=0210Eh-0216fh -pstack=STACK -ACODE=00h-07FFhx2 \
  -ASTRCODE=00h-0FFFh -ASTRING=00h-0FFhx16 -ACONST=00h-0FFhx16 \
  -AENTRY=00h-0FFhx16 -ACOMMON=070h-07Fh -ABANK0=020h-06Fh \
  -ABANK1=0A0h-0EFh -ABANK2=0120h-016Fh -ABANK3=01A0h-01EFh \
  -ABANK4=0220h-024Fh -ABIGRAM=02000h-0216Fh \
  -ARAM=020h-06Fh,0A0h-0EFh,0120h-016Fh,01A0h-01EFh,0220h-024Fh \
  -AABS1=020h-07Fh,0A0h-0EFh,0120h-016Fh,01A0h-01EFh,0220h-024Fh \
  -ASFR0=00h-01Fh -ASFR1=080h-09Fh -ASFR2=0100h-011Fh -ASFR3=0180h-019Fh \
  -ASFR4=0200h-021Fh -ASFR5=0280h-02EFh -ASFR6=0300h-036Fh \
  -ASFR7=0380h-03EFh -ASFR8=0400h-046Fh -ASFR9=0480h-04EFh \
  -ASFR10=0500h-056Fh -ASFR11=0580h-05EFh -ASFR12=0600h-066Fh \
  -ASFR13=0680h-06EFh -ASFR14=0700h-076Fh -ASFR15=0780h-07EFh \
  -ASFR16=0800h-086Fh -ASFR17=0880h-08EFh -ASFR18=0900h-096Fh \
  -ASFR19=0980h-09EFh -ASFR20=0A00h-0A6Fh -ASFR21=0A80h-0AEFh \
  -ASFR22=0B00h-0B6Fh -ASFR23=0B80h-0BEFh -ASFR24=0C00h-0C6Fh \
  -ASFR25=0C80h-0CEFh -ASFR26=0D00h-0D6Fh -ASFR27=0D80h-0DEFh \
  -ASFR28=0E00h-0E6Fh -ASFR29=0E80h-0EEFh -ASFR30=0F00h-0F6Fh \
  -ASFR31=0F80h-0FEFh -preset_vec=00h,intentry=04h,init,end_init \
  -ppowerup=CODE -pcinit=CODE -pfunctab=CODE -ACONFIG=08007h-08008h \
  -pconfig=CONFIG -DCONFIG=2 -AIDLOC=08000h-08003h -pidloc=IDLOC -DIDLOC=2 \
  -AEEDATA=00h-0FFh/0F000h -peeprom_data=EEDATA -DEEDATA=2 -DCODE=2 \
  -DSTRCODE=2 -DSTRING=2 -DCONST=2 -DENTRY=2 -k /tmp/xcXqGiwb4.obj \
  dist/default/production/GeigerCounter.X.production.obj 

Object code version is 3.11

Machine type is 16F1827



                Name                               Link     Load   Length Selector   Space Scale
/tmp/xcXqGiwb4.obj
                end_init                             2B       2B        2        8       0
                reset_vec                             0        0        2        0       0
                config                             8007     8007        2    1000E       0
dist/default/production/GeigerCounter.X.production.obj
                cinit                                2D       2D       2B        8       0
                intentry                              4        4       27        8       0
                text46                              DC8      DC8       1C     1B90       0
                text45                              D67      D67       16     1ACE       0
                text44                              649      649       54      7A8       0
                text43                              C6D      C6D        3     18DA       0
                text42                              7CB      7CB       2F      7A8       0
                text41                              C8A      C8A        A     1914       0
                text40                              6F0      6F0       53      7A8       0
                text39                              4A0      4A0       A2      7A8       0
                text38                              E5F      E5F       22     1CBE       0
                text37                              C9E      C9E        B     193C       0
                text36                              D0E      D0E       11     1A1C       0
                text35                              E81      E81       25     1D02       0
                text33                              D1F      D1F       11     1A3E       0
                text32                              EA6      EA6       28     1D4C       0
                text31                              CA9      CA9        D     1952       0
                text30                              787      787       44      7A8       0
                text29                              D94      D94       19     1B28       0
                text28                              542      542       98      7A8       0
                text27                              DAD      DAD       1B     1B5A       0
                text26                              E1E      E1E       20     1C3C       0
                text25                              ECE      ECE       3A     1D9C       0
                text24                              F80      F80       3D     1F00       0
                text23                              CEE      CEE       10     19DC       0
                text22                              D7D      D7D       17     1AFA       0
                text21                              CFE      CFE       10     19FC       0
                text20                              5DA      5DA       6F      7A8       0
                text19                              CC3      CC3        E     1986       0
                text18                              CD1      CD1        E     19A2       0
                text17                              D30      D30       11     1A60       0
                text16                              C70      C70        3     18E0       0
                text15                              C73      C73        3     18E6       0
                text14                              E3E      E3E       21     1C7C       0
                text13                              F08      F08       3C     1E10       0
                text12                              C76      C76        5     18EC       0
                text11                              D41      D41       13     1A82       0
                text10                              C94      C94        A     1928       0
                text9                               743      743       44      7A8       0
                text8                               CB6      CB6        D     196C       0
                text7                               D54      D54       13     1AA8       0
                text6                               69D      69D       53      7A8       0
                text5                               FBD      FBD       43     1F7A       0
                text4                               DE4      DE4       1C     1BC8       0
                text3                               CDF      CDF        F     19BE       0
                text2                               C81      C81        9     1902       0
                text1                                58       58      1EB        8       0
                maintext                            3D4      3D4       CC      7A8       0
                cstackBANK0                          20       20       34       20       1
                cstackCOMMON                         70       70        E       70       1
                cstackBANK1                          D4       D4       11       A0       1
                clrtext                             C7B      C7B        6     18F6       0
                inittext                            7FA      7FA        6      7A8       0
                dataBANK3                           1A0      1A0       1E      1A0       1
                dataBANK2                           120      120       3C      120       1
                bssBANK1                             A0       A0       34       A0       1
                bssBANK0                             54       54        E       20       1
                stringtext                          243      243      191      486       0
                idataBANK3                          E00      E00       1E     1C00       0
                idataBANK2                          F44      F44       3C     1E88       0

TOTAL           Name                               Link     Load   Length     Space
        CLASS   STACK          

        CLASS   CODE           
                end_init                             2B       2B        2         0
                cinit                                2D       2D       2B         0
                intentry                              4        4       27         0
                reset_vec                             0        0        2         0
                text46                              DC8      DC8       1C         0
                text45                              D67      D67       16         0
                text44                              649      649       54         0
                text43                              C6D      C6D        3         0
                text42                              7CB      7CB       2F         0
                text41                              C8A      C8A        A         0
                text40                              6F0      6F0       53         0
                text39                              4A0      4A0       A2         0
                text38                              E5F      E5F       22         0
                text37                              C9E      C9E        B         0
                text36                              D0E      D0E       11         0
                text35                              E81      E81       25         0
                text33                              D1F      D1F       11         0
                text32                              EA6      EA6       28         0
                text31                              CA9      CA9        D         0
                text30                              787      787       44         0
                text29                              D94      D94       19         0
                text28                              542      542       98         0
                text27                              DAD      DAD       1B         0
                text26                              E1E      E1E       20         0
                text25                              ECE      ECE       3A         0
                text24                              F80      F80       3D         0
                text23                              CEE      CEE       10         0
                text22                              D7D      D7D       17         0
                text21                              CFE      CFE       10         0
                text20                              5DA      5DA       6F         0
                text19                              CC3      CC3        E         0
                text18                              CD1      CD1        E         0
                text17                              D30      D30       11         0
                text16                              C70      C70        3         0
                text15                              C73      C73        3         0
                text14                              E3E      E3E       21         0
                text13                              F08      F08       3C         0
                text12                              C76      C76        5         0
                text11                              D41      D41       13         0
                text10                              C94      C94        A         0
                text9                               743      743       44         0
                text8                               CB6      CB6        D         0
                text7                               D54      D54       13         0
                text6                               69D      69D       53         0
                text5                               FBD      FBD       43         0
                text4                               DE4      DE4       1C         0
                text3                               CDF      CDF        F         0
                text2                               C81      C81        9         0
                text1                                58       58      1EB         0
                maintext                            3D4      3D4       CC         0
                clrtext                             C7B      C7B        6         0
                inittext                            7FA      7FA        6         0
                idataBANK3                          E00      E00       1E         0
                idataBANK2                          F44      F44       3C         0

        CLASS   STRCODE        
                stringtext                          243      243      191         0

        CLASS   STRING         

        CLASS   CONST          

        CLASS   ENTRY          

        CLASS   COMMON         
                cstackCOMMON                         70       70        E         1

        CLASS   BANK0          
                cstackBANK0                          20       20       34         1
                bssBANK0                             54       54        E         1

        CLASS   BANK1          
                cstackBANK1                          D4       D4       11         1
                bssBANK1                             A0       A0       34         1

        CLASS   BANK2          
                dataBANK2                           120      120       3C         1

        CLASS   BANK3          
                dataBANK3                           1A0      1A0       1E         1

        CLASS   BANK4          

        CLASS   BIGRAM         

        CLASS   RAM            

        CLASS   ABS1           
                abs_s1                               7E       7E        2         1

        CLASS   SFR0           

        CLASS   SFR1           

        CLASS   SFR2           

        CLASS   SFR3           

        CLASS   SFR4           

        CLASS   SFR5           

        CLASS   SFR6           

        CLASS   SFR7           

        CLASS   SFR8           

        CLASS   SFR9           

        CLASS   SFR10          

        CLASS   SFR11          

        CLASS   SFR12          

        CLASS   SFR13          

        CLASS   SFR14          

        CLASS   SFR15          

        CLASS   SFR16          

        CLASS   SFR17          

        CLASS   SFR18          

        CLASS   SFR19          

        CLASS   SFR20          

        CLASS   SFR21          

        CLASS   SFR22          

        CLASS   SFR23          

        CLASS   SFR24          

        CLASS   SFR25          

        CLASS   SFR26          

        CLASS   SFR27          

        CLASS   SFR28          

        CLASS   SFR29          

        CLASS   SFR30          

        CLASS   SFR31          

        CLASS   CONFIG         
                config                             8007     8007        2         0

        CLASS   IDLOC          

        CLASS   EEDATA         

        CLASS   BANK31         

        CLASS   BANK30         

        CLASS   BANK29         

        CLASS   BANK28         

        CLASS   BANK27         

        CLASS   BANK26         

        CLASS   BANK25         

        CLASS   BANK24         

        CLASS   BANK23         

        CLASS   BANK22         

        CLASS   BANK21         

        CLASS   BANK20         

        CLASS   BANK19         

        CLASS   BANK18         

        CLASS   BANK17         

        CLASS   BANK16         

        CLASS   BANK15         

        CLASS   BANK14         

        CLASS   BANK13         

        CLASS   BANK12         

        CLASS   BANK11         

        CLASS   BANK10         

        CLASS   BANK9          

        CLASS   BANK8          

        CLASS   BANK7          

        CLASS   BANK6          

        CLASS   BANK5          



SEGMENTS        Name                           Load    Length   Top    Selector   Space  Class     Delta

                reset_vec                      000000  000002  000002         0       0  CODE        2
                intentry                       000004  00023F  000243         8       0  CODE        2
                cstackBANK0                    000020  000042  000062        20       1  BANK0       1
                cstackCOMMON                   000070  00000E  00007E        70       1  COMMON      1
                bssBANK1                       0000A0  000045  0000E5        A0       1  BANK1       1
                dataBANK2                      000120  00003C  00015C       120       1  BANK2       1
                dataBANK3                      0001A0  00001E  0001BE       1A0       1  BANK3       1
                stringtext                     000243  000191  0003D4       486       0  STRCODE     2
                maintext                       0003D4  00042C  000800       7A8       0  CODE        2
                text43                         000C6D  000003  000C70      18DA       0  CODE        2
                text16                         000C70  000003  000C73      18E0       0  CODE        2
                text15                         000C73  000003  000C76      18E6       0  CODE        2
                text12                         000C76  000005  000C7B      18EC       0  CODE        2
                clrtext                        000C7B  000006  000C81      18F6       0  CODE        2
                text2                          000C81  000009  000C8A      1902       0  CODE        2
                text41                         000C8A  00000A  000C94      1914       0  CODE        2
                text10                         000C94  00000A  000C9E      1928       0  CODE        2
                text37                         000C9E  00000B  000CA9      193C       0  CODE        2
                text31                         000CA9  00000D  000CB6      1952       0  CODE        2
                text8                          000CB6  00000D  000CC3      196C       0  CODE        2
                text19                         000CC3  00000E  000CD1      1986       0  CODE        2
                text18                         000CD1  00000E  000CDF      19A2       0  CODE        2
                text3                          000CDF  00000F  000CEE      19BE       0  CODE        2
                text23                         000CEE  000010  000CFE      19DC       0  CODE        2
                text21                         000CFE  000010  000D0E      19FC       0  CODE        2
                text36                         000D0E  000011  000D1F      1A1C       0  CODE        2
                text33                         000D1F  000011  000D30      1A3E       0  CODE        2
                text17                         000D30  000011  000D41      1A60       0  CODE        2
                text11                         000D41  000013  000D54      1A82       0  CODE        2
                text7                          000D54  000013  000D67      1AA8       0  CODE        2
                text45                         000D67  000016  000D7D      1ACE       0  CODE        2
                text22                         000D7D  000017  000D94      1AFA       0  CODE        2
                text29                         000D94  000019  000DAD      1B28       0  CODE        2
                text27                         000DAD  00001B  000DC8      1B5A       0  CODE        2
                text46                         000DC8  00001C  000DE4      1B90       0  CODE        2
                text4                          000DE4  00001C  000E00      1BC8       0  CODE        2
                idataBANK3                     000E00  00001E  000E1E      1C00       0  CODE        2
                text26                         000E1E  000020  000E3E      1C3C       0  CODE        2
                text14                         000E3E  000021  000E5F      1C7C       0  CODE        2
                text38                         000E5F  000022  000E81      1CBE       0  CODE        2
                text35                         000E81  000025  000EA6      1D02       0  CODE        2
                text32                         000EA6  000028  000ECE      1D4C       0  CODE        2
                text25                         000ECE  00003A  000F08      1D9C       0  CODE        2
                text13                         000F08  00003C  000F44      1E10       0  CODE        2
                idataBANK2                     000F44  00003C  000F80      1E88       0  CODE        2
                text24                         000F80  00003D  000FBD      1F00       0  CODE        2
                text5                          000FBD  000043  001000      1F7A       0  CODE        2
                config                         008007  000002  008009     1000E       0  CONFIG      2


UNUSED ADDRESS RANGES

        Name                Unused          Largest block    Delta
        BANK0            00062-0006F               E           1
        BANK1            000E5-000EF               B           1
        BANK2            0015C-0016F              14           1
        BANK3            001BE-001EF              32           1
        BANK4            00220-0024F              30           1
        BIGRAM           02000-0216F             170           1
        CODE             00002-00003               2           2
                         00800-00C6C             46D
        CONST            00002-00003               2           2
                         00800-00C6C             100
        EEDATA           0F000-0F0FF             100           2
        ENTRY            00002-00003               2           2
                         00800-00C6C             100
        IDLOC            08000-08003               4           2
        RAM              00062-0006F               E           1
                         000E5-000EF               B
                         0015C-0016F              14
                         001BE-001EF              32
                         00220-0024F              30
        SFR0             00000-0001F              20           1
        SFR1             00080-0009F              20           1
        SFR10            00500-0056F              70           1
        SFR11            00580-005EF              70           1
        SFR12            00600-0066F              70           1
        SFR13            00680-006EF              70           1
        SFR14            00700-0076F              70           1
        SFR15            00780-007EF              70           1
        SFR16            00800-0086F              70           1
        SFR17            00880-008EF              70           1
        SFR18            00900-0096F              70           1
        SFR19            00980-009EF              70           1
        SFR2             00100-0011F              20           1
        SFR20            00A00-00A6F              70           1
        SFR21            00A80-00AEF              70           1
        SFR22            00B00-00B6F              70           1
        SFR23            00B80-00BEF              70           1
        SFR24            00C00-00C6F              70           1
        SFR25            00C80-00CEF              70           1
        SFR26            00D00-00D6F              70           1
        SFR27            00D80-00DEF              70           1
        SFR28            00E00-00E6F              70           1
        SFR29            00E80-00EEF              70           1
        SFR3             00180-0019F              20           1
        SFR30            00F00-00F6F              70           1
        SFR31            00F80-00FEF              70           1
        SFR4             00200-0021F              20           1
        SFR5             00280-002EF              70           1
        SFR6             00300-0036F              70           1
        SFR7             00380-003EF              70           1
        SFR8             00400-0046F              70           1
        SFR9             00480-004EF              70           1
        STACK            0210E-0216F              62           1
        STRCODE          00002-00003               2           2
                         00800-00C6C             46D
        STRING           00002-00003               2           2
                         00800-00C6C             100

                                  Symbol Table

?_Timer1_GetCPM                    cstackBANK0  0002E
?_Timer1_GetCPS                    cstackBANK0  0002E
?_Timer1_GetCountSum               cstackBANK0  0002E
?___lldiv                          cstackBANK0  0002E
?___llmod                          cstackBANK0  0003C
?___lmul                           cstackCOMMON 00070
?___wmul                           cstackBANK0  0002E
?_printf                           cstackBANK0  00046
?i1___lldiv                        cstackBANK0  00020
Buzzer_MiliSecond@time             cstackBANK0  0002E
Buzzer_SetDuty@CCP2CON_Pre         cstackCOMMON 00074
Buzzer_SetDuty@duty                cstackCOMMON 00070
DAC_WriteVoltage@volue             cstackBANK0  0003E
I2C2_Setting@Speed                 cstackBANK0  00030
I2C2_Setting@address               cstackBANK0  00032
I2C2_Setting@mode                  cstackBANK0  0002F
I2C2_Transmit@address              cstackBANK0  00032
I2C2_Transmit@i                    cstackBANK0  00033
I2C2_Transmit@i_574                cstackBANK0  00034
I2C2_Transmit@pData                cstackBANK0  0002E
I2C2_Transmit@result               cstackBANK0  00035
I2C2_Transmit@size                 cstackBANK0  0002F
I2C_Init@I2Cx                      cstackBANK0  00038
I2C_Init@Speed                     cstackBANK0  00035
I2C_Init@address                   cstackBANK0  00033
I2C_Init@mode                      cstackBANK0  00034
I2C_Transmit@I2Cx                  cstackBANK0  0003C
I2C_Transmit@address               cstackBANK0  00036
I2C_Transmit@pData                 cstackBANK0  00037
I2C_Transmit@result                cstackBANK0  0003D
I2C_Transmit@size                  cstackBANK0  00038
LCD_CursorPosition@tx              cstackBANK0  00033
LCD_CursorPosition@ty              cstackBANK0  00031
LCD_WriteData@point                cstackBANK0  00030
_ANSELA                            (abs)        0018C
_ANSELB                            (abs)        0018D
_APFCON0                           (abs)        0011D
_APFCON1                           (abs)        0011E
_BCL2IE                            (abs)        004A1
_BCL2IF                            (abs)        000A1
_Basic_Init                        text33       00D1F
_Buzzer_Count1ms                   text45       00D67
_Buzzer_Init                       text32       00EA6
_Buzzer_MiliSecond                 text10       00C94
_Buzzer_SetDuty                    text46       00DC8
_CCP2CON                           (abs)        0029A
_CCPR2L                            (abs)        00298
_CCPTMRS                           (abs)        0029E
_CPSCON0                           (abs)        0001E
_CPSCON1                           (abs)        0001F
_CPS_Data                          bssBANK1     000B7
_CPS_PreData                       bssBANK1     000BA
_ConfigReg                         bssBANK0     00061
_DAC_DataTable                     stringtext   0026B
_DAC_Initialize                    text26       00E1E
_DAC_WriteVoltage                  text25       00ECE
_GIE                               (abs)        0005F
_Handler                           intentry     00004
_I2C2_Config                       bssBANK1     000BF
_I2C2_Interrupt                    text44       00649
_I2C2_PinInit                      text31       00CA9
_I2C2_Setting                      text30       00787
_I2C2_Transmit                     text28       00542
_I2C_CommonInterrupt               text43       00C6D
_I2C_Init                          text29       00D94
_I2C_Transmit                      text27       00DAD
_LATA3                             (abs)        00863
_LATA4                             (abs)        00864
_LATA6                             (abs)        00866
_LCD_CursorHome                    text23       00CEE
_LCD_CursorPosition                text22       00D7D
_LCD_DisplayClear                  text21       00CFE
_LCD_Init                          text20       005DA
_LCD_WriteData                     text24       00F80
_OPTION_REG                        (abs)        00095
_OSCCON                            (abs)        00099
_PEIE                              (abs)        0005E
_PORTA                             (abs)        0000C
_PORTB                             (abs)        0000D
_PR2                               (abs)        0001B
_PR4                               (abs)        00416
_PR6                               (abs)        0041D
_SSP2ADD                           (abs)        0021A
_SSP2BUF                           (abs)        00219
_SSP2CON1                          (abs)        0021D
_SSP2CON1bits                      (abs)        0021D
_SSP2CON2                          (abs)        0021E
_SSP2CON2bits                      (abs)        0021E
_SSP2IE                            (abs)        004A0
_SSP2IF                            (abs)        000A0
_SSP2MSK                           (abs)        0021B
_SSP2STAT                          (abs)        0021C
_SSP2STATbits                      (abs)        0021C
_T1CON                             (abs)        00018
_T1GCON                            (abs)        00019
_T2CON                             (abs)        0001C
_T4CON                             (abs)        00417
_T6CON                             (abs)        0041E
_TMR0                              (abs)        00015
_TMR1                              (abs)        00016
_TMR1IE                            (abs)        00488
_TMR1IF                            (abs)        00088
_TMR1ON                            (abs)        000C0
_TMR2                              (abs)        0001A
_TMR4                              (abs)        00415
_TMR4IE                            (abs)        00499
_TMR4IF                            (abs)        00099
_TMR6                              (abs)        0041C
_TMR6IE                            (abs)        0049B
_TMR6IF                            (abs)        0009B
_TRISA                             (abs)        0008C
_TRISB                             (abs)        0008D
_Timer1_ClearRecord                text13       00F08
_Timer1_Count1ms                   text39       004A0
_Timer1_DetectAssignCount          text38       00E5F
_Timer1_GetCPM                     text19       00CC3
_Timer1_GetCPS                     text18       00CD1
_Timer1_GetCountSum                text17       00D30
_Timer1_GetMinute                  text16       00C70
_Timer1_GetSecond                  text15       00C73
_Timer1_Init                       text14       00E3E
_Timer1_StartCount                 text12       00C76
_Timer6_CheckFlag                  text37       00C9E
_Timer6_Init                       text11       00D41
_VoltageReg                        bssBANK1     000D2
_WPUB                              (abs)        0020D
__CFG_BOREN$ON                     (abs)        00000
__CFG_BORV$LO                      (abs)        00000
__CFG_CLKOUTEN$OFF                 (abs)        00000
__CFG_CP$OFF                       (abs)        00000
__CFG_CPD$OFF                      (abs)        00000
__CFG_FCMEN$OFF                    (abs)        00000
__CFG_FOSC$INTOSC                  (abs)        00000
__CFG_IESO$OFF                     (abs)        00000
__CFG_LVP$OFF                      (abs)        00000
__CFG_MCLRE$ON                     (abs)        00000
__CFG_PLLEN$ON                     (abs)        00000
__CFG_PWRTE$ON                     (abs)        00000
__CFG_STVREN$OFF                   (abs)        00000
__CFG_WDTE$OFF                     (abs)        00000
__CFG_WRT$OFF                      (abs)        00000
__Habs1                            abs1         00000
__Hbank0                           bank0        00000
__Hbank1                           bank1        00000
__Hbank10                          bank10       00000
__Hbank11                          bank11       00000
__Hbank12                          bank12       00000
__Hbank13                          bank13       00000
__Hbank14                          bank14       00000
__Hbank15                          bank15       00000
__Hbank16                          bank16       00000
__Hbank17                          bank17       00000
__Hbank18                          bank18       00000
__Hbank19                          bank19       00000
__Hbank2                           bank2        00000
__Hbank20                          bank20       00000
__Hbank21                          bank21       00000
__Hbank22                          bank22       00000
__Hbank23                          bank23       00000
__Hbank24                          bank24       00000
__Hbank25                          bank25       00000
__Hbank26                          bank26       00000
__Hbank27                          bank27       00000
__Hbank28                          bank28       00000
__Hbank29                          bank29       00000
__Hbank3                           bank3        00000
__Hbank30                          bank30       00000
__Hbank31                          bank31       00000
__Hbank4                           bank4        00000
__Hbank5                           bank5        00000
__Hbank6                           bank6        00000
__Hbank7                           bank7        00000
__Hbank8                           bank8        00000
__Hbank9                           bank9        00000
__Hbigram                          bigram       00000
__HbssBANK0                        bssBANK0     00000
__HbssBANK1                        bssBANK1     00000
__Hcinit                           cinit        00058
__Hclrtext                         clrtext      00000
__Hcode                            code         00000
__Hcommon                          common       00000
__Hconfig                          config       08009
__HcstackBANK0                     cstackBANK0  00000
__HcstackBANK1                     cstackBANK1  00000
__HcstackCOMMON                    cstackCOMMON 00000
__HdataBANK2                       dataBANK2    00000
__HdataBANK3                       dataBANK3    00000
__Heeprom_data                     eeprom_data  00000
__Hend_init                        end_init     0002D
__Hfunctab                         functab      00000
__HidataBANK2                      idataBANK2   00000
__HidataBANK3                      idataBANK3   00000
__Hidloc                           idloc        00000
__Hinit                            init         0002B
__Hinittext                        inittext     00000
__Hintentry                        intentry     0002B
__Hmaintext                        maintext     00000
__Hpowerup                         powerup      00000
__Hram                             ram          00000
__Hreset_vec                       reset_vec    00002
__Hsfr0                            sfr0         00000
__Hsfr1                            sfr1         00000
__Hsfr10                           sfr10        00000
__Hsfr11                           sfr11        00000
__Hsfr12                           sfr12        00000
__Hsfr13                           sfr13        00000
__Hsfr14                           sfr14        00000
__Hsfr15                           sfr15        00000
__Hsfr16                           sfr16        00000
__Hsfr17                           sfr17        00000
__Hsfr18                           sfr18        00000
__Hsfr19                           sfr19        00000
__Hsfr2                            sfr2         00000
__Hsfr20                           sfr20        00000
__Hsfr21                           sfr21        00000
__Hsfr22                           sfr22        00000
__Hsfr23                           sfr23        00000
__Hsfr24                           sfr24        00000
__Hsfr25                           sfr25        00000
__Hsfr26                           sfr26        00000
__Hsfr27                           sfr27        00000
__Hsfr28                           sfr28        00000
__Hsfr29                           sfr29        00000
__Hsfr3                            sfr3         00000
__Hsfr30                           sfr30        00000
__Hsfr31                           sfr31        00000
__Hsfr4                            sfr4         00000
__Hsfr5                            sfr5         00000
__Hsfr6                            sfr6         00000
__Hsfr7                            sfr7         00000
__Hsfr8                            sfr8         00000
__Hsfr9                            sfr9         00000
__Hspace_0                         (abs)        08009
__Hspace_1                         (abs)        001BE
__Hspace_2                         (abs)        00000
__Hspace_3                         (abs)        00000
__Hstack                           stack        00000
__Hstrings                         strings      00000
__Hstringtext                      stringtext   00000
__Htext                            text         00000
__Labs1                            abs1         00000
__Lbank0                           bank0        00000
__Lbank1                           bank1        00000
__Lbank10                          bank10       00000
__Lbank11                          bank11       00000
__Lbank12                          bank12       00000
__Lbank13                          bank13       00000
__Lbank14                          bank14       00000
__Lbank15                          bank15       00000
__Lbank16                          bank16       00000
__Lbank17                          bank17       00000
__Lbank18                          bank18       00000
__Lbank19                          bank19       00000
__Lbank2                           bank2        00000
__Lbank20                          bank20       00000
__Lbank21                          bank21       00000
__Lbank22                          bank22       00000
__Lbank23                          bank23       00000
__Lbank24                          bank24       00000
__Lbank25                          bank25       00000
__Lbank26                          bank26       00000
__Lbank27                          bank27       00000
__Lbank28                          bank28       00000
__Lbank29                          bank29       00000
__Lbank3                           bank3        00000
__Lbank30                          bank30       00000
__Lbank31                          bank31       00000
__Lbank4                           bank4        00000
__Lbank5                           bank5        00000
__Lbank6                           bank6        00000
__Lbank7                           bank7        00000
__Lbank8                           bank8        00000
__Lbank9                           bank9        00000
__Lbigram                          bigram       00000
__LbssBANK0                        bssBANK0     00000
__LbssBANK1                        bssBANK1     00000
__Lcinit                           cinit        0002D
__Lclrtext                         clrtext      00000
__Lcode                            code         00000
__Lcommon                          common       00000
__Lconfig                          config       08007
__LcstackBANK0                     cstackBANK0  00000
__LcstackBANK1                     cstackBANK1  00000
__LcstackCOMMON                    cstackCOMMON 00000
__LdataBANK2                       dataBANK2    00000
__LdataBANK3                       dataBANK3    00000
__Leeprom_data                     eeprom_data  00000
__Lend_init                        end_init     0002B
__Lfunctab                         functab      00000
__LidataBANK2                      idataBANK2   00000
__LidataBANK3                      idataBANK3   00000
__Lidloc                           idloc        00000
__Linit                            init         0002B
__Linittext                        inittext     00000
__Lintentry                        intentry     00004
__Lmaintext                        maintext     00000
__Lpowerup                         powerup      00000
__Lram                             ram          00000
__Lreset_vec                       reset_vec    00000
__Lsfr0                            sfr0         00000
__Lsfr1                            sfr1         00000
__Lsfr10                           sfr10        00000
__Lsfr11                           sfr11        00000
__Lsfr12                           sfr12        00000
__Lsfr13                           sfr13        00000
__Lsfr14                           sfr14        00000
__Lsfr15                           sfr15        00000
__Lsfr16                           sfr16        00000
__Lsfr17                           sfr17        00000
__Lsfr18                           sfr18        00000
__Lsfr19                           sfr19        00000
__Lsfr2                            sfr2         00000
__Lsfr20                           sfr20        00000
__Lsfr21                           sfr21        00000
__Lsfr22                           sfr22        00000
__Lsfr23                           sfr23        00000
__Lsfr24                           sfr24        00000
__Lsfr25                           sfr25        00000
__Lsfr26                           sfr26        00000
__Lsfr27                           sfr27        00000
__Lsfr28                           sfr28        00000
__Lsfr29                           sfr29        00000
__Lsfr3                            sfr3         00000
__Lsfr30                           sfr30        00000
__Lsfr31                           sfr31        00000
__Lsfr4                            sfr4         00000
__Lsfr5                            sfr5         00000
__Lsfr6                            sfr6         00000
__Lsfr7                            sfr7         00000
__Lsfr8                            sfr8         00000
__Lsfr9                            sfr9         00000
__Lspace_0                         (abs)        00000
__Lspace_1                         (abs)        00000
__Lspace_2                         (abs)        00000
__Lspace_3                         (abs)        00000
__Lstack                           stack        00000
__Lstrings                         strings      00000
__Lstringtext                      stringtext   00000
__Ltext                            text         00000
__S0                               (abs)        08009
__S1                               (abs)        001BE
__S2                               (abs)        00000
__S3                               (abs)        00000
___int_sp                          stack        00000
___latbits                         (abs)        00001
___lldiv                           text6        0069D
___lldiv@counter                   cstackBANK0  0003B
___lldiv@dividend                  cstackBANK0  00032
___lldiv@divisor                   cstackBANK0  0002E
___lldiv@quotient                  cstackBANK0  00037
___llmod                           text5        00FBD
___llmod@counter                   cstackBANK0  00045
___llmod@dividend                  cstackBANK0  00040
___llmod@divisor                   cstackBANK0  0003C
___lmul                            text42       007CB
___lmul@multiplicand               cstackCOMMON 00074
___lmul@multiplier                 cstackCOMMON 00070
___lmul@product                    cstackCOMMON 00078
___sp                              stack        00000
___wmul                            text4        00DE4
___wmul@multiplicand               cstackBANK0  00030
___wmul@multiplier                 cstackBANK0  0002E
___wmul@product                    cstackBANK0  00032
__end_of_Basic_Init                text33       00D30
__end_of_Buzzer_Count1ms           text45       00D7D
__end_of_Buzzer_Init               text32       00ECE
__end_of_Buzzer_MiliSecond         text10       00C9E
__end_of_Buzzer_SetDuty            text46       00DE4
__end_of_DAC_DataTable             stringtext   00289
__end_of_DAC_Initialize            text26       00E3E
__end_of_DAC_WriteVoltage          text25       00F08
__end_of_Handler                   intentry     0002B
__end_of_I2C2_Interrupt            text44       0069D
__end_of_I2C2_PinInit              text31       00CB6
__end_of_I2C2_Setting              text30       007CB
__end_of_I2C2_Transmit             text28       005DA
__end_of_I2C_CommonInterrupt       text43       00C70
__end_of_I2C_Init                  text29       00DAD
__end_of_I2C_Transmit              text27       00DC8
__end_of_LCD_CursorHome            text23       00CFE
__end_of_LCD_CursorPosition        text22       00D94
__end_of_LCD_DisplayClear          text21       00D0E
__end_of_LCD_Init                  text20       00649
__end_of_LCD_WriteData             text24       00FBD
__end_of_Timer1_ClearRecord        text13       00F44
__end_of_Timer1_Count1ms           text39       00542
__end_of_Timer1_DetectAssignCount  text38       00E81
__end_of_Timer1_GetCPM             text19       00CD1
__end_of_Timer1_GetCPS             text18       00CDF
__end_of_Timer1_GetCountSum        text17       00D41
__end_of_Timer1_GetMinute          text16       00C73
__end_of_Timer1_GetSecond          text15       00C76
__end_of_Timer1_Init               text14       00E5F
__end_of_Timer1_StartCount         text12       00C7B
__end_of_Timer6_CheckFlag          text37       00CA9
__end_of_Timer6_Init               text11       00D54
__end_of___lldiv                   text6        006F0
__end_of___llmod                   text5        01000
__end_of___lmul                    text42       007FA
__end_of___wmul                    text4        00E00
__end_of__initialization           cinit        00054
__end_of_dpowers                   stringtext   0026B
__end_of_isdigit                   text3        00CEE
__end_of_mTouch_Check              text9        00787
__end_of_mTouch_Init               text7        00D67
__end_of_mTouch_IntervalDecrement  text36       00D1F
__end_of_mTouch_PortInit           text8        00CC3
__end_of_mTouch_Read               text35       00EA6
__end_of_main                      maintext     004A0
__end_of_printf                    text1        00243
__end_of_putch                     text2        00C8A
__end_ofi1_Buzzer_MiliSecond       text41       00C94
__end_ofi1___lldiv                 text40       00743
__initialization                   cinit        0002D
__pbssBANK0                        bssBANK0     00054
__pbssBANK1                        bssBANK1     000A0
__pcstackBANK0                     cstackBANK0  00020
__pcstackBANK1                     cstackBANK1  000D4
__pcstackCOMMON                    cstackCOMMON 00070
__pdataBANK2                       dataBANK2    00120
__pdataBANK3                       dataBANK3    001A0
__pidataBANK2                      idataBANK2   00F44
__pidataBANK3                      idataBANK3   00E00
__pintentry                        intentry     00004
__pmaintext                        maintext     003D4
__pstringtext                      stringtext   00243
__ptext1                           text1        00058
__ptext10                          text10       00C94
__ptext11                          text11       00D41
__ptext12                          text12       00C76
__ptext13                          text13       00F08
__ptext14                          text14       00E3E
__ptext15                          text15       00C73
__ptext16                          text16       00C70
__ptext17                          text17       00D30
__ptext18                          text18       00CD1
__ptext19                          text19       00CC3
__ptext2                           text2        00C81
__ptext20                          text20       005DA
__ptext21                          text21       00CFE
__ptext22                          text22       00D7D
__ptext23                          text23       00CEE
__ptext24                          text24       00F80
__ptext25                          text25       00ECE
__ptext26                          text26       00E1E
__ptext27                          text27       00DAD
__ptext28                          text28       00542
__ptext29                          text29       00D94
__ptext3                           text3        00CDF
__ptext30                          text30       00787
__ptext31                          text31       00CA9
__ptext32                          text32       00EA6
__ptext33                          text33       00D1F
__ptext35                          text35       00E81
__ptext36                          text36       00D0E
__ptext37                          text37       00C9E
__ptext38                          text38       00E5F
__ptext39                          text39       004A0
__ptext4                           text4        00DE4
__ptext40                          text40       006F0
__ptext41                          text41       00C8A
__ptext42                          text42       007CB
__ptext43                          text43       00C6D
__ptext44                          text44       00649
__ptext45                          text45       00D67
__ptext46                          text46       00DC8
__ptext5                           text5        00FBD
__ptext6                           text6        0069D
__ptext7                           text7        00D54
__ptext8                           text8        00CB6
__ptext9                           text9        00743
__size_of_Basic_Init               (abs)        00000
__size_of_Buzzer_Count1ms          (abs)        00000
__size_of_Buzzer_Init              (abs)        00000
__size_of_Buzzer_MiliSecond        (abs)        00000
__size_of_Buzzer_SetDuty           (abs)        00000
__size_of_DAC_Initialize           (abs)        00000
__size_of_DAC_WriteVoltage         (abs)        00000
__size_of_Handler                  (abs)        00000
__size_of_I2C2_Interrupt           (abs)        00000
__size_of_I2C2_PinInit             (abs)        00000
__size_of_I2C2_Setting             (abs)        00000
__size_of_I2C2_Transmit            (abs)        00000
__size_of_I2C_CommonInterrupt      (abs)        00000
__size_of_I2C_Init                 (abs)        00000
__size_of_I2C_Transmit             (abs)        00000
__size_of_LCD_CursorHome           (abs)        00000
__size_of_LCD_CursorPosition       (abs)        00000
__size_of_LCD_DisplayClear         (abs)        00000
__size_of_LCD_Init                 (abs)        00000
__size_of_LCD_WriteData            (abs)        00000
__size_of_Timer1_ClearRecord       (abs)        00000
__size_of_Timer1_Count1ms          (abs)        00000
__size_of_Timer1_DetectAssignCount (abs)        00000
__size_of_Timer1_GetCPM            (abs)        00000
__size_of_Timer1_GetCPS            (abs)        00000
__size_of_Timer1_GetCountSum       (abs)        00000
__size_of_Timer1_GetMinute         (abs)        00000
__size_of_Timer1_GetSecond         (abs)        00000
__size_of_Timer1_Init              (abs)        00000
__size_of_Timer1_StartCount        (abs)        00000
__size_of_Timer6_CheckFlag         (abs)        00000
__size_of_Timer6_Init              (abs)        00000
__size_of___lldiv                  (abs)        00000
__size_of___llmod                  (abs)        00000
__size_of___lmul                   (abs)        00000
__size_of___wmul                   (abs)        00000
__size_of_isdigit                  (abs)        00000
__size_of_mTouch_Check             (abs)        00000
__size_of_mTouch_Init              (abs)        00000
__size_of_mTouch_IntervalDecrement (abs)        00000
__size_of_mTouch_PortInit          (abs)        00000
__size_of_mTouch_Read              (abs)        00000
__size_of_main                     (abs)        00000
__size_of_printf                   (abs)        00000
__size_of_putch                    (abs)        00000
__size_ofi1_Buzzer_MiliSecond      (abs)        00000
__size_ofi1___lldiv                (abs)        00000
_cnts                              bssBANK1     000A0
_count                             bssBANK0     0005E
_dpowers                           stringtext   00243
_isdigit                           text3        00CDF
_isdigit$819                       cstackBANK0  0002E
_mTouch_Check                      text9        00743
_mTouch_Init                       text7        00D54
_mTouch_Interval                   bssBANK1     000B4
_mTouch_IntervalDecrement          text36       00D0E
_mTouch_PortInit                   text8        00CB6
_mTouch_Read                       text35       00E81
_main                              maintext     003D4
_mode                              bssBANK0     0005C
_printf                            text1        00058
_putch                             text2        00C81
_tcnt                              bssBANK0     00054
btemp                              (abs)        0007E
clear_ram0                         clrtext      00C7B
end_of_initialization              cinit        00054
i1Buzzer_MiliSecond@time           cstackCOMMON 00070
i1_Buzzer_MiliSecond               text41       00C8A
i1___lldiv                         text40       006F0
i1___lldiv@counter                 cstackBANK0  0002C
i1___lldiv@dividend                cstackBANK0  00024
i1___lldiv@divisor                 cstackBANK0  00020
i1___lldiv@quotient                cstackBANK0  00028
init_ram                           inittext     007FA
int$flags                          (abs)        0007E
intlevel0                          functab      00000
intlevel1                          functab      00000
intlevel2                          functab      00000
intlevel3                          functab      00000
intlevel4                          functab      00000
intlevel5                          functab      00000
isdigit@c                          cstackBANK0  0002F
mTouch_Check@chan                  cstackBANK0  00035
mTouch_Read@channel                bssBANK0     00060
printf@ap                          cstackBANK1  000E0
printf@c                           cstackBANK1  000E4
printf@f                           cstackBANK0  00046
printf@flag                        cstackBANK1  000E1
printf@prec                        cstackBANK1  000DA
printf@val                         cstackBANK1  000DC
printf@width                       cstackBANK1  000E2
putch@c                            cstackBANK0  00031
reset_vec                          reset_vec    00000
stackhi                            (abs)        0216F
stacklo                            (abs)        0210E
start                              init         0002B
start_initialization               cinit        0002D
wtemp0                             (abs)        0007E


FUNCTION INFORMATION:

 *************** function _main *****************
 Defined at:
		line 23 in file "main.c"
 Parameters:    Size  Location     Type
		None
 Auto vars:     Size  Location     Type
		None
 Return value:  Size  Location     Type
                  1    wreg      char 
 Registers used:
		wreg, fsr0l, fsr0h, fsr1l, fsr1h, status,2, status,0, pclath, cstack
 Tracked objects:
		On entry : 
		On exit  : 
		Unchanged: 
 Data sizes:     COMMON   BANK0   BANK1   BANK2   BANK3   BANK4
      Params:         0       0       0       0       0       0
      Locals:         0       0       0       0       0       0
      Temps:          0       4       0       0       0       0
      Totals:         0       4       0       0       0       0
Total ram usage:        4 bytes
 Hardware stack levels required when called:    7
 This function calls:
		_Basic_Init
		_Buzzer_Init
		_DAC_Initialize
		_DAC_WriteVoltage
		_LCD_CursorHome
		_LCD_CursorPosition
		_LCD_Init
		_Timer1_GetCPM
		_Timer1_GetCPS
		_Timer1_GetCountSum
		_Timer1_GetMinute
		_Timer1_GetSecond
		_Timer1_Init
		_Timer1_StartCount
		_Timer6_Init
		_mTouch_Check
		_mTouch_Init
		_printf
 This function is called by:
		Startup code after reset
 This function uses a non-reentrant model


 *************** function _printf *****************
 Defined at:
		line 464 in file "/opt/microchip/xc8/v1.41/sources/common/doprnt.c"
 Parameters:    Size  Location     Type
  f               2   38[BANK0 ] PTR const unsigned char 
		 -> STR_6(10), STR_5(8), STR_4(11), STR_3(14), 
		 -> STR_2(5), STR_1(10), 
 Auto vars:     Size  Location     Type
  val             4    8[BANK1 ] unsigned long 
  tmpval          4    0        struct .
  width           2   14[BANK1 ] int 
  prec            2    6[BANK1 ] int 
  cp              2    0        PTR const unsigned char 
  len             2    0        unsigned int 
  c               1   16[BANK1 ] char 
  flag            1   13[BANK1 ] unsigned char 
  ap              1   12[BANK1 ] PTR void [1]
		 -> ?_printf(2), 
 Return value:  Size  Location     Type
                  2   38[BANK0 ] int 
 Registers used:
		wreg, fsr0l, fsr0h, fsr1l, fsr1h, status,2, status,0, pclath, cstack
 Tracked objects:
		On entry : 
		On exit  : 
		Unchanged: 
 Data sizes:     COMMON   BANK0   BANK1   BANK2   BANK3   BANK4
      Params:         0      10       0       0       0       0
      Locals:         0       0      11       0       0       0
      Temps:          0       0       6       0       0       0
      Totals:         0      10      17       0       0       0
Total ram usage:       27 bytes
 Hardware stack levels used:    1
 Hardware stack levels required when called:    5
 This function calls:
		___lldiv
		___llmod
		___wmul
		_isdigit
		_putch
 This function is called by:
		_main
 This function uses a non-reentrant model


 *************** function _putch *****************
 Defined at:
		line 64 in file "LCD.c"
 Parameters:    Size  Location     Type
  c               1    wreg     unsigned char 
 Auto vars:     Size  Location     Type
  c               1   17[BANK0 ] unsigned char 
 Return value:  Size  Location     Type
                  1    wreg      void 
 Registers used:
		wreg, status,2, status,0, pclath, cstack
 Tracked objects:
		On entry : 
		On exit  : 
		Unchanged: 
 Data sizes:     COMMON   BANK0   BANK1   BANK2   BANK3   BANK4
      Params:         0       0       0       0       0       0
      Locals:         0       1       0       0       0       0
      Temps:          0       0       0       0       0       0
      Totals:         0       1       0       0       0       0
Total ram usage:        1 bytes
 Hardware stack levels used:    1
 Hardware stack levels required when called:    4
 This function calls:
		_LCD_WriteData
 This function is called by:
		_printf
 This function uses a non-reentrant model


 *************** function _isdigit *****************
 Defined at:
		line 8 in file "/opt/microchip/xc8/v1.41/sources/common/isdigit.c"
 Parameters:    Size  Location     Type
  c               1    wreg     unsigned char 
 Auto vars:     Size  Location     Type
  c               1   15[BANK0 ] unsigned char 
 Return value:  Size  Location     Type
		None               void
 Registers used:
		wreg, status,2, status,0
 Tracked objects:
		On entry : 
		On exit  : 
		Unchanged: 
 Data sizes:     COMMON   BANK0   BANK1   BANK2   BANK3   BANK4
      Params:         0       0       0       0       0       0
      Locals:         0       2       0       0       0       0
      Temps:          0       0       0       0       0       0
      Totals:         0       2       0       0       0       0
Total ram usage:        2 bytes
 Hardware stack levels used:    1
 Hardware stack levels required when called:    3
 This function calls:
		Nothing
 This function is called by:
		_printf
 This function uses a non-reentrant model


 *************** function ___wmul *****************
 Defined at:
		line 15 in file "/opt/microchip/xc8/v1.41/sources/common/Umul16.c"
 Parameters:    Size  Location     Type
  multiplier      2   14[BANK0 ] unsigned int 
  multiplicand    2   16[BANK0 ] unsigned int 
 Auto vars:     Size  Location     Type
  product         2   18[BANK0 ] unsigned int 
 Return value:  Size  Location     Type
                  2   14[BANK0 ] unsigned int 
 Registers used:
		wreg, status,2, status,0
 Tracked objects:
		On entry : 
		On exit  : 
		Unchanged: 
 Data sizes:     COMMON   BANK0   BANK1   BANK2   BANK3   BANK4
      Params:         0       4       0       0       0       0
      Locals:         0       2       0       0       0       0
      Temps:          0       0       0       0       0       0
      Totals:         0       6       0       0       0       0
Total ram usage:        6 bytes
 Hardware stack levels used:    1
 Hardware stack levels required when called:    3
 This function calls:
		Nothing
 This function is called by:
		_printf
 This function uses a non-reentrant model


 *************** function ___llmod *****************
 Defined at:
		line 6 in file "/opt/microchip/xc8/v1.41/sources/common/llmod.c"
 Parameters:    Size  Location     Type
  divisor         4   28[BANK0 ] unsigned long 
  dividend        4   32[BANK0 ] unsigned long 
 Auto vars:     Size  Location     Type
  counter         1   37[BANK0 ] unsigned char 
 Return value:  Size  Location     Type
                  4   28[BANK0 ] unsigned long 
 Registers used:
		wreg, status,2, status,0
 Tracked objects:
		On entry : 
		On exit  : 
		Unchanged: 
 Data sizes:     COMMON   BANK0   BANK1   BANK2   BANK3   BANK4
      Params:         0       8       0       0       0       0
      Locals:         0       1       0       0       0       0
      Temps:          0       1       0       0       0       0
      Totals:         0      10       0       0       0       0
Total ram usage:       10 bytes
 Hardware stack levels used:    1
 Hardware stack levels required when called:    3
 This function calls:
		Nothing
 This function is called by:
		_printf
 This function uses a non-reentrant model


 *************** function ___lldiv *****************
 Defined at:
		line 6 in file "/opt/microchip/xc8/v1.41/sources/common/lldiv.c"
 Parameters:    Size  Location     Type
  divisor         4   14[BANK0 ] unsigned long 
  dividend        4   18[BANK0 ] unsigned long 
 Auto vars:     Size  Location     Type
  quotient        4   23[BANK0 ] unsigned long 
  counter         1   27[BANK0 ] unsigned char 
 Return value:  Size  Location     Type
                  4   14[BANK0 ] unsigned long 
 Registers used:
		wreg, status,2, status,0
 Tracked objects:
		On entry : 
		On exit  : 
		Unchanged: 
 Data sizes:     COMMON   BANK0   BANK1   BANK2   BANK3   BANK4
      Params:         0       8       0       0       0       0
      Locals:         0       5       0       0       0       0
      Temps:          0       1       0       0       0       0
      Totals:         0      14       0       0       0       0
Total ram usage:       14 bytes
 Hardware stack levels used:    1
 Hardware stack levels required when called:    3
 This function calls:
		Nothing
 This function is called by:
		_printf
 This function uses a non-reentrant model


 *************** function _mTouch_Init *****************
 Defined at:
		line 12 in file "mTouch.c"
 Parameters:    Size  Location     Type
		None
 Auto vars:     Size  Location     Type
		None
 Return value:  Size  Location     Type
                  1    wreg      void 
 Registers used:
		wreg, status,2, status,0, pclath, cstack
 Tracked objects:
		On entry : 
		On exit  : 
		Unchanged: 
 Data sizes:     COMMON   BANK0   BANK1   BANK2   BANK3   BANK4
      Params:         0       0       0       0       0       0
      Locals:         0       0       0       0       0       0
      Temps:          0       1       0       0       0       0
      Totals:         0       1       0       0       0       0
Total ram usage:        1 bytes
 Hardware stack levels used:    1
 Hardware stack levels required when called:    4
 This function calls:
		_mTouch_PortInit
 This function is called by:
		_main
 This function uses a non-reentrant model


 *************** function _mTouch_PortInit *****************
 Defined at:
		line 6 in file "mTouch.c"
 Parameters:    Size  Location     Type
		None
 Auto vars:     Size  Location     Type
		None
 Return value:  Size  Location     Type
                  1    wreg      void 
 Registers used:
		wreg, status,2, status,0
 Tracked objects:
		On entry : 
		On exit  : 
		Unchanged: 
 Data sizes:     COMMON   BANK0   BANK1   BANK2   BANK3   BANK4
      Params:         0       0       0       0       0       0
      Locals:         0       0       0       0       0       0
      Temps:          0       1       0       0       0       0
      Totals:         0       1       0       0       0       0
Total ram usage:        1 bytes
 Hardware stack levels used:    1
 Hardware stack levels required when called:    3
 This function calls:
		Nothing
 This function is called by:
		_mTouch_Init
 This function uses a non-reentrant model


 *************** function _mTouch_Check *****************
 Defined at:
		line 119 in file "main.c"
 Parameters:    Size  Location     Type
  chan            1    wreg     unsigned char 
 Auto vars:     Size  Location     Type
  chan            1   21[BANK0 ] unsigned char 
 Return value:  Size  Location     Type
                  1    wreg      unsigned char 
 Registers used:
		wreg, fsr1l, fsr1h, status,2, status,0, pclath, cstack
 Tracked objects:
		On entry : 
		On exit  : 
		Unchanged: 
 Data sizes:     COMMON   BANK0   BANK1   BANK2   BANK3   BANK4
      Params:         0       0       0       0       0       0
      Locals:         0       1       0       0       0       0
      Temps:          0       5       0       0       0       0
      Totals:         0       6       0       0       0       0
Total ram usage:        6 bytes
 Hardware stack levels used:    1
 Hardware stack levels required when called:    4
 This function calls:
		_Buzzer_MiliSecond
 This function is called by:
		_main
 This function uses a non-reentrant model


 *************** function _Buzzer_MiliSecond *****************
 Defined at:
		line 38 in file "Buzzer.c"
 Parameters:    Size  Location     Type
  time            2   14[BANK0 ] unsigned int 
 Auto vars:     Size  Location     Type
		None
 Return value:  Size  Location     Type
                  1    wreg      void 
 Registers used:
		wreg, status,2, status,0
 Tracked objects:
		On entry : 
		On exit  : 
		Unchanged: 
 Data sizes:     COMMON   BANK0   BANK1   BANK2   BANK3   BANK4
      Params:         0       2       0       0       0       0
      Locals:         0       0       0       0       0       0
      Temps:          0       0       0       0       0       0
      Totals:         0       2       0       0       0       0
Total ram usage:        2 bytes
 Hardware stack levels used:    1
 Hardware stack levels required when called:    3
 This function calls:
		Nothing
 This function is called by:
		_mTouch_Check
 This function uses a non-reentrant model


 *************** function _Timer6_Init *****************
 Defined at:
		line 3 in file "Timer6.c"
 Parameters:    Size  Location     Type
		None
 Auto vars:     Size  Location     Type
		None
 Return value:  Size  Location     Type
                  1    wreg      void 
 Registers used:
		wreg, status,2, status,0
 Tracked objects:
		On entry : 
		On exit  : 
		Unchanged: 
 Data sizes:     COMMON   BANK0   BANK1   BANK2   BANK3   BANK4
      Params:         0       0       0       0       0       0
      Locals:         0       0       0       0       0       0
      Temps:          0       1       0       0       0       0
      Totals:         0       1       0       0       0       0
Total ram usage:        1 bytes
 Hardware stack levels used:    1
 Hardware stack levels required when called:    3
 This function calls:
		Nothing
 This function is called by:
		_main
 This function uses a non-reentrant model


 *************** function _Timer1_StartCount *****************
 Defined at:
		line 31 in file "Timer1.c"
 Parameters:    Size  Location     Type
		None
 Auto vars:     Size  Location     Type
		None
 Return value:  Size  Location     Type
                  1    wreg      void 
 Registers used:
		wreg, status,2, status,0, pclath, cstack
 Tracked objects:
		On entry : 
		On exit  : 
		Unchanged: 
 Data sizes:     COMMON   BANK0   BANK1   BANK2   BANK3   BANK4
      Params:         0       0       0       0       0       0
      Locals:         0       0       0       0       0       0
      Temps:          0       0       0       0       0       0
      Totals:         0       0       0       0       0       0
Total ram usage:        0 bytes
 Hardware stack levels used:    1
 Hardware stack levels required when called:    4
 This function calls:
		_Timer1_ClearRecord
 This function is called by:
		_main
 This function uses a non-reentrant model


 *************** function _Timer1_ClearRecord *****************
 Defined at:
		line 42 in file "Timer1.c"
 Parameters:    Size  Location     Type
		None
 Auto vars:     Size  Location     Type
		None
 Return value:  Size  Location     Type
                  1    wreg      void 
 Registers used:
		wreg, status,2
 Tracked objects:
		On entry : 
		On exit  : 
		Unchanged: 
 Data sizes:     COMMON   BANK0   BANK1   BANK2   BANK3   BANK4
      Params:         0       0       0       0       0       0
      Locals:         0       0       0       0       0       0
      Temps:          0       0       0       0       0       0
      Totals:         0       0       0       0       0       0
Total ram usage:        0 bytes
 Hardware stack levels used:    1
 Hardware stack levels required when called:    3
 This function calls:
		Nothing
 This function is called by:
		_Timer1_StartCount
 This function uses a non-reentrant model


 *************** function _Timer1_Init *****************
 Defined at:
		line 6 in file "Timer1.c"
 Parameters:    Size  Location     Type
		None
 Auto vars:     Size  Location     Type
		None
 Return value:  Size  Location     Type
                  1    wreg      void 
 Registers used:
		wreg, status,2, status,0
 Tracked objects:
		On entry : 
		On exit  : 
		Unchanged: 
 Data sizes:     COMMON   BANK0   BANK1   BANK2   BANK3   BANK4
      Params:         0       0       0       0       0       0
      Locals:         0       0       0       0       0       0
      Temps:          0       1       0       0       0       0
      Totals:         0       1       0       0       0       0
Total ram usage:        1 bytes
 Hardware stack levels used:    1
 Hardware stack levels required when called:    3
 This function calls:
		Nothing
 This function is called by:
		_main
 This function uses a non-reentrant model


 *************** function _Timer1_GetSecond *****************
 Defined at:
		line 70 in file "Timer1.c"
 Parameters:    Size  Location     Type
		None
 Auto vars:     Size  Location     Type
		None
 Return value:  Size  Location     Type
                  1    wreg      unsigned char 
 Registers used:
		wreg
 Tracked objects:
		On entry : 
		On exit  : 
		Unchanged: 
 Data sizes:     COMMON   BANK0   BANK1   BANK2   BANK3   BANK4
      Params:         0       0       0       0       0       0
      Locals:         0       0       0       0       0       0
      Temps:          0       0       0       0       0       0
      Totals:         0       0       0       0       0       0
Total ram usage:        0 bytes
 Hardware stack levels used:    1
 Hardware stack levels required when called:    3
 This function calls:
		Nothing
 This function is called by:
		_main
 This function uses a non-reentrant model


 *************** function _Timer1_GetMinute *****************
 Defined at:
		line 75 in file "Timer1.c"
 Parameters:    Size  Location     Type
		None
 Auto vars:     Size  Location     Type
		None
 Return value:  Size  Location     Type
                  1    wreg      unsigned char 
 Registers used:
		wreg
 Tracked objects:
		On entry : 
		On exit  : 
		Unchanged: 
 Data sizes:     COMMON   BANK0   BANK1   BANK2   BANK3   BANK4
      Params:         0       0       0       0       0       0
      Locals:         0       0       0       0       0       0
      Temps:          0       0       0       0       0       0
      Totals:         0       0       0       0       0       0
Total ram usage:        0 bytes
 Hardware stack levels used:    1
 Hardware stack levels required when called:    3
 This function calls:
		Nothing
 This function is called by:
		_main
 This function uses a non-reentrant model


 *************** function _Timer1_GetCountSum *****************
 Defined at:
		line 55 in file "Timer1.c"
 Parameters:    Size  Location     Type
		None
 Auto vars:     Size  Location     Type
		None
 Return value:  Size  Location     Type
                  4   14[BANK0 ] unsigned long 
 Registers used:
		wreg
 Tracked objects:
		On entry : 
		On exit  : 
		Unchanged: 
 Data sizes:     COMMON   BANK0   BANK1   BANK2   BANK3   BANK4
      Params:         0       4       0       0       0       0
      Locals:         0       0       0       0       0       0
      Temps:          0       0       0       0       0       0
      Totals:         0       4       0       0       0       0
Total ram usage:        4 bytes
 Hardware stack levels used:    1
 Hardware stack levels required when called:    3
 This function calls:
		Nothing
 This function is called by:
		_main
 This function uses a non-reentrant model


 *************** function _Timer1_GetCPS *****************
 Defined at:
		line 65 in file "Timer1.c"
 Parameters:    Size  Location     Type
		None
 Auto vars:     Size  Location     Type
		None
 Return value:  Size  Location     Type
                  4   14[BANK0 ] unsigned long 
 Registers used:
		wreg, fsr1l, fsr1h, status,2, status,0
 Tracked objects:
		On entry : 
		On exit  : 
		Unchanged: 
 Data sizes:     COMMON   BANK0   BANK1   BANK2   BANK3   BANK4
      Params:         0       4       0       0       0       0
      Locals:         0       0       0       0       0       0
      Temps:          0       0       0       0       0       0
      Totals:         0       4       0       0       0       0
Total ram usage:        4 bytes
 Hardware stack levels used:    1
 Hardware stack levels required when called:    3
 This function calls:
		Nothing
 This function is called by:
		_main
 This function uses a non-reentrant model


 *************** function _Timer1_GetCPM *****************
 Defined at:
		line 60 in file "Timer1.c"
 Parameters:    Size  Location     Type
		None
 Auto vars:     Size  Location     Type
		None
 Return value:  Size  Location     Type
                  4   14[BANK0 ] unsigned long 
 Registers used:
		wreg, fsr1l, fsr1h, status,2, status,0
 Tracked objects:
		On entry : 
		On exit  : 
		Unchanged: 
 Data sizes:     COMMON   BANK0   BANK1   BANK2   BANK3   BANK4
      Params:         0       4       0       0       0       0
      Locals:         0       0       0       0       0       0
      Temps:          0       0       0       0       0       0
      Totals:         0       4       0       0       0       0
Total ram usage:        4 bytes
 Hardware stack levels used:    1
 Hardware stack levels required when called:    3
 This function calls:
		Nothing
 This function is called by:
		_main
 This function uses a non-reentrant model


 *************** function _LCD_Init *****************
 Defined at:
		line 28 in file "LCD.c"
 Parameters:    Size  Location     Type
		None
 Auto vars:     Size  Location     Type
		None
 Return value:  Size  Location     Type
                  1    wreg      void 
 Registers used:
		wreg, status,2, status,0, pclath, cstack
 Tracked objects:
		On entry : 
		On exit  : 
		Unchanged: 
 Data sizes:     COMMON   BANK0   BANK1   BANK2   BANK3   BANK4
      Params:         0       0       0       0       0       0
      Locals:         0       0       0       0       0       0
      Temps:          0       2       0       0       0       0
      Totals:         0       2       0       0       0       0
Total ram usage:        2 bytes
 Hardware stack levels used:    1
 Hardware stack levels required when called:    5
 This function calls:
		_LCD_DisplayClear
		_LCD_WriteData
 This function is called by:
		_main
 This function uses a non-reentrant model


 *************** function _LCD_DisplayClear *****************
 Defined at:
		line 73 in file "LCD.c"
 Parameters:    Size  Location     Type
		None
 Auto vars:     Size  Location     Type
		None
 Return value:  Size  Location     Type
                  1    wreg      void 
 Registers used:
		wreg, status,2, status,0, pclath, cstack
 Tracked objects:
		On entry : 
		On exit  : 
		Unchanged: 
 Data sizes:     COMMON   BANK0   BANK1   BANK2   BANK3   BANK4
      Params:         0       0       0       0       0       0
      Locals:         0       0       0       0       0       0
      Temps:          0       1       0       0       0       0
      Totals:         0       1       0       0       0       0
Total ram usage:        1 bytes
 Hardware stack levels used:    1
 Hardware stack levels required when called:    4
 This function calls:
		_LCD_WriteData
 This function is called by:
		_LCD_Init
 This function uses a non-reentrant model


 *************** function _LCD_CursorPosition *****************
 Defined at:
		line 95 in file "LCD.c"
 Parameters:    Size  Location     Type
  tx              1    wreg     unsigned char 
  ty              1   17[BANK0 ] unsigned char 
 Auto vars:     Size  Location     Type
  tx              1   19[BANK0 ] unsigned char 
 Return value:  Size  Location     Type
                  1    wreg      void 
 Registers used:
		wreg, status,2, status,0, pclath, cstack
 Tracked objects:
		On entry : 
		On exit  : 
		Unchanged: 
 Data sizes:     COMMON   BANK0   BANK1   BANK2   BANK3   BANK4
      Params:         0       1       0       0       0       0
      Locals:         0       1       0       0       0       0
      Temps:          0       1       0       0       0       0
      Totals:         0       3       0       0       0       0
Total ram usage:        3 bytes
 Hardware stack levels used:    1
 Hardware stack levels required when called:    4
 This function calls:
		_LCD_WriteData
 This function is called by:
		_main
 This function uses a non-reentrant model


 *************** function _LCD_CursorHome *****************
 Defined at:
		line 84 in file "LCD.c"
 Parameters:    Size  Location     Type
		None
 Auto vars:     Size  Location     Type
		None
 Return value:  Size  Location     Type
                  1    wreg      void 
 Registers used:
		wreg, status,2, status,0, pclath, cstack
 Tracked objects:
		On entry : 
		On exit  : 
		Unchanged: 
 Data sizes:     COMMON   BANK0   BANK1   BANK2   BANK3   BANK4
      Params:         0       0       0       0       0       0
      Locals:         0       0       0       0       0       0
      Temps:          0       1       0       0       0       0
      Totals:         0       1       0       0       0       0
Total ram usage:        1 bytes
 Hardware stack levels used:    1
 Hardware stack levels required when called:    4
 This function calls:
		_LCD_WriteData
 This function is called by:
		_main
 This function uses a non-reentrant model


 *************** function _LCD_WriteData *****************
 Defined at:
		line 15 in file "LCD.c"
 Parameters:    Size  Location     Type
  point           1    wreg     char 
 Auto vars:     Size  Location     Type
[...]
 Parameters:    Size  Location     Type
  address         1    wreg     unsigned char 
  mode            1   15[BANK0 ] enum E3266
  Speed           1   16[BANK0 ] enum E3270
 Auto vars:     Size  Location     Type
  address         1   18[BANK0 ] unsigned char 
 Return value:  Size  Location     Type
                  1    wreg      void 
 Registers used:
		wreg, fsr0l, fsr0h, status,2, status,0, pclath, cstack
 Tracked objects:
		On entry : 
		On exit  : 
		Unchanged: 
 Data sizes:     COMMON   BANK0   BANK1   BANK2   BANK3   BANK4
      Params:         0       2       0       0       0       0
      Locals:         0       1       0       0       0       0
      Temps:          0       1       0       0       0       0
      Totals:         0       4       0       0       0       0
Total ram usage:        4 bytes
 Hardware stack levels used:    1
 Hardware stack levels required when called:    4
 This function calls:
		_I2C2_PinInit
 This function is called by:
		_I2C_Init
 This function uses a non-reentrant model


 *************** function _I2C2_PinInit *****************
 Defined at:
		line 9 in file "I2C2.c"
 Parameters:    Size  Location     Type
		None
 Auto vars:     Size  Location     Type
		None
 Return value:  Size  Location     Type
                  1    wreg      void 
 Registers used:
		wreg, status,2, status,0
 Tracked objects:
		On entry : 
		On exit  : 
		Unchanged: 
 Data sizes:     COMMON   BANK0   BANK1   BANK2   BANK3   BANK4
      Params:         0       0       0       0       0       0
      Locals:         0       0       0       0       0       0
      Temps:          0       1       0       0       0       0
      Totals:         0       1       0       0       0       0
Total ram usage:        1 bytes
 Hardware stack levels used:    1
 Hardware stack levels required when called:    3
 This function calls:
		Nothing
 This function is called by:
		_I2C2_Setting
 This function uses a non-reentrant model


 *************** function _Buzzer_Init *****************
 Defined at:
		line 11 in file "Buzzer.c"
 Parameters:    Size  Location     Type
		None
 Auto vars:     Size  Location     Type
		None
 Return value:  Size  Location     Type
                  1    wreg      void 
 Registers used:
		wreg, status,2, status,0
 Tracked objects:
		On entry : 
		On exit  : 
		Unchanged: 
 Data sizes:     COMMON   BANK0   BANK1   BANK2   BANK3   BANK4
      Params:         0       0       0       0       0       0
      Locals:         0       0       0       0       0       0
      Temps:          0       1       0       0       0       0
      Totals:         0       1       0       0       0       0
Total ram usage:        1 bytes
 Hardware stack levels used:    1
 Hardware stack levels required when called:    3
 This function calls:
		Nothing
 This function is called by:
		_main
 This function uses a non-reentrant model


 *************** function _Basic_Init *****************
 Defined at:
		line 72 in file "main.c"
 Parameters:    Size  Location     Type
		None
 Auto vars:     Size  Location     Type
		None
 Return value:  Size  Location     Type
                  1    wreg      char 
 Registers used:
		wreg, status,2
 Tracked objects:
		On entry : 
		On exit  : 
		Unchanged: 
 Data sizes:     COMMON   BANK0   BANK1   BANK2   BANK3   BANK4
      Params:         0       0       0       0       0       0
      Locals:         0       0       0       0       0       0
      Temps:          0       0       0       0       0       0
      Totals:         0       0       0       0       0       0
Total ram usage:        0 bytes
 Hardware stack levels used:    1
 Hardware stack levels required when called:    3
 This function calls:
		Nothing
 This function is called by:
		_main
 This function uses a non-reentrant model


 *************** function _Handler *****************
 Defined at:
		line 93 in file "main.c"
 Parameters:    Size  Location     Type
		None
 Auto vars:     Size  Location     Type
		None
 Return value:  Size  Location     Type
                  1    wreg      void 
 Registers used:
		wreg, fsr1l, fsr1h, status,2, status,0, pclath, cstack
 Tracked objects:
		On entry : 
		On exit  : 
		Unchanged: 
 Data sizes:     COMMON   BANK0   BANK1   BANK2   BANK3   BANK4
      Params:         0       0       0       0       0       0
      Locals:         0       0       0       0       0       0
      Temps:          0       1       0       0       0       0
      Totals:         0       1       0       0       0       0
Total ram usage:        1 bytes
 Hardware stack levels used:    1
 Hardware stack levels required when called:    2
 This function calls:
		_Buzzer_Count1ms
		_I2C_CommonInterrupt
		_Timer1_Count1ms
		_Timer1_DetectAssignCount
		_Timer6_CheckFlag
		_mTouch_IntervalDecrement
		_mTouch_Read
 This function is called by:
		Interrupt level 1
 This function uses a non-reentrant model


 *************** function _mTouch_Read *****************
 Defined at:
		line 29 in file "mTouch.c"
 Parameters:    Size  Location     Type
		None
 Auto vars:     Size  Location     Type
		None
 Return value:  Size  Location     Type
                  1    wreg      void 
 Registers used:
		wreg, fsr1l, fsr1h, status,2, status,0
 Tracked objects:
		On entry : 
		On exit  : 
		Unchanged: 
 Data sizes:     COMMON   BANK0   BANK1   BANK2   BANK3   BANK4
      Params:         0       0       0       0       0       0
      Locals:         0       0       0       0       0       0
      Temps:          1       0       0       0       0       0
      Totals:         1       0       0       0       0       0
Total ram usage:        1 bytes
 Hardware stack levels used:    1
 This function calls:
		Nothing
 This function is called by:
		_Handler
 This function uses a non-reentrant model


 *************** function _mTouch_IntervalDecrement *****************
 Defined at:
		line 109 in file "main.c"
 Parameters:    Size  Location     Type
		None
 Auto vars:     Size  Location     Type
		None
 Return value:  Size  Location     Type
                  1    wreg      void 
 Registers used:
		wreg, status,2, status,0
 Tracked objects:
		On entry : 
		On exit  : 
		Unchanged: 
 Data sizes:     COMMON   BANK0   BANK1   BANK2   BANK3   BANK4
      Params:         0       0       0       0       0       0
      Locals:         0       0       0       0       0       0
      Temps:          0       0       0       0       0       0
      Totals:         0       0       0       0       0       0
Total ram usage:        0 bytes
 Hardware stack levels used:    1
 This function calls:
		Nothing
 This function is called by:
		_Handler
 This function uses a non-reentrant model


 *************** function _Timer6_CheckFlag *****************
 Defined at:
		line 17 in file "Timer6.c"
 Parameters:    Size  Location     Type
		None
 Auto vars:     Size  Location     Type
		None
 Return value:  Size  Location     Type
                  1    wreg      unsigned char 
 Registers used:
		wreg
 Tracked objects:
		On entry : 
		On exit  : 
		Unchanged: 
 Data sizes:     COMMON   BANK0   BANK1   BANK2   BANK3   BANK4
      Params:         0       0       0       0       0       0
      Locals:         0       0       0       0       0       0
      Temps:          0       0       0       0       0       0
      Totals:         0       0       0       0       0       0
Total ram usage:        0 bytes
 Hardware stack levels used:    1
 This function calls:
		Nothing
 This function is called by:
		_Handler
 This function uses a non-reentrant model


 *************** function _Timer1_DetectAssignCount *****************
 Defined at:
		line 108 in file "Timer1.c"
 Parameters:    Size  Location     Type
		None
 Auto vars:     Size  Location     Type
		None
 Return value:  Size  Location     Type
                  1    wreg      unsigned char 
 Registers used:
		wreg
 Tracked objects:
		On entry : 
		On exit  : 
		Unchanged: 
 Data sizes:     COMMON   BANK0   BANK1   BANK2   BANK3   BANK4
      Params:         0       0       0       0       0       0
      Locals:         0       0       0       0       0       0
      Temps:          0       0       0       0       0       0
      Totals:         0       0       0       0       0       0
Total ram usage:        0 bytes
 Hardware stack levels used:    1
 This function calls:
		Nothing
 This function is called by:
		_Handler
 This function uses a non-reentrant model


 *************** function _Timer1_Count1ms *****************
 Defined at:
		line 81 in file "Timer1.c"
 Parameters:    Size  Location     Type
		None
 Auto vars:     Size  Location     Type
		None
 Return value:  Size  Location     Type
                  1    wreg      void 
 Registers used:
		wreg, fsr1l, fsr1h, status,2, status,0, pclath, cstack
 Tracked objects:
		On entry : 
		On exit  : 
		Unchanged: 
 Data sizes:     COMMON   BANK0   BANK1   BANK2   BANK3   BANK4
      Params:         0       0       0       0       0       0
      Locals:         0       0       0       0       0       0
      Temps:          1       0       0       0       0       0
      Totals:         1       0       0       0       0       0
Total ram usage:        1 bytes
 Hardware stack levels used:    1
 Hardware stack levels required when called:    1
 This function calls:
		___lmul
		i1_Buzzer_MiliSecond
		i1___lldiv
 This function is called by:
		_Handler
 This function uses a non-reentrant model


 *************** function i1___lldiv *****************
 Defined at:
		line 6 in file "/opt/microchip/xc8/v1.41/sources/common/lldiv.c"
 Parameters:    Size  Location     Type
  divisor         4    0[BANK0 ] unsigned long 
  dividend        4    4[BANK0 ] unsigned long 
 Auto vars:     Size  Location     Type
  __lldiv         4    8[BANK0 ] unsigned long 
  __lldiv         1   12[BANK0 ] unsigned char 
 Return value:  Size  Location     Type
                  4    0[BANK0 ] unsigned long 
 Registers used:
		wreg, status,2, status,0
 Tracked objects:
		On entry : 
		On exit  : 
		Unchanged: 
 Data sizes:     COMMON   BANK0   BANK1   BANK2   BANK3   BANK4
      Params:         0       8       0       0       0       0
      Locals:         0       5       0       0       0       0
      Temps:          1       0       0       0       0       0
      Totals:         1      13       0       0       0       0
Total ram usage:       14 bytes
 Hardware stack levels used:    1
 This function calls:
		Nothing
 This function is called by:
		_Timer1_Count1ms
 This function uses a non-reentrant model


 *************** function i1_Buzzer_MiliSecond *****************
 Defined at:
		line 38 in file "Buzzer.c"
 Parameters:    Size  Location     Type
  time            2    0[COMMON] unsigned int 
 Auto vars:     Size  Location     Type
		None
 Return value:  Size  Location     Type
                  1    wreg      void 
 Registers used:
		wreg, status,2, status,0
 Tracked objects:
		On entry : 
		On exit  : 
		Unchanged: 
 Data sizes:     COMMON   BANK0   BANK1   BANK2   BANK3   BANK4
      Params:         2       0       0       0       0       0
      Locals:         0       0       0       0       0       0
      Temps:          0       0       0       0       0       0
      Totals:         2       0       0       0       0       0
Total ram usage:        2 bytes
 Hardware stack levels used:    1
 This function calls:
		Nothing
 This function is called by:
		_Timer1_Count1ms
 This function uses a non-reentrant model


 *************** function ___lmul *****************
 Defined at:
		line 15 in file "/opt/microchip/xc8/v1.41/sources/common/Umul32.c"
 Parameters:    Size  Location     Type
  multiplier      4    0[COMMON] unsigned long 
  multiplicand    4    4[COMMON] unsigned long 
 Auto vars:     Size  Location     Type
  product         4    8[COMMON] unsigned long 
 Return value:  Size  Location     Type
                  4    0[COMMON] unsigned long 
 Registers used:
		wreg, status,2, status,0
 Tracked objects:
		On entry : 
		On exit  : 
		Unchanged: 
 Data sizes:     COMMON   BANK0   BANK1   BANK2   BANK3   BANK4
      Params:         8       0       0       0       0       0
      Locals:         4       0       0       0       0       0
      Temps:          0       0       0       0       0       0
      Totals:        12       0       0       0       0       0
Total ram usage:       12 bytes
 Hardware stack levels used:    1
 This function calls:
		Nothing
 This function is called by:
		_Timer1_Count1ms
 This function uses a non-reentrant model


 *************** function _I2C_CommonInterrupt *****************
 Defined at:
		line 58 in file "I2C_Common.c"
 Parameters:    Size  Location     Type
		None
 Auto vars:     Size  Location     Type
		None
 Return value:  Size  Location     Type
                  1    wreg      void 
 Registers used:
		wreg, fsr1l, fsr1h, status,2, status,0, pclath, cstack
 Tracked objects:
		On entry : 
		On exit  : 
		Unchanged: 
 Data sizes:     COMMON   BANK0   BANK1   BANK2   BANK3   BANK4
      Params:         0       0       0       0       0       0
      Locals:         0       0       0       0       0       0
      Temps:          0       0       0       0       0       0
      Totals:         0       0       0       0       0       0
Total ram usage:        0 bytes
 Hardware stack levels used:    1
 Hardware stack levels required when called:    1
 This function calls:
		_I2C2_Interrupt
 This function is called by:
		_Handler
 This function uses a non-reentrant model


 *************** function _I2C2_Interrupt *****************
 Defined at:
		line 152 in file "I2C2.c"
 Parameters:    Size  Location     Type
		None
 Auto vars:     Size  Location     Type
		None
 Return value:  Size  Location     Type
                  1    wreg      void 
 Registers used:
		wreg, fsr1l, fsr1h, status,2, status,0
 Tracked objects:
		On entry : 
		On exit  : 
		Unchanged: 
 Data sizes:     COMMON   BANK0   BANK1   BANK2   BANK3   BANK4
      Params:         0       0       0       0       0       0
      Locals:         0       0       0       0       0       0
      Temps:          1       0       0       0       0       0
      Totals:         1       0       0       0       0       0
Total ram usage:        1 bytes
 Hardware stack levels used:    1
 This function calls:
		Nothing
 This function is called by:
		_I2C_CommonInterrupt
 This function uses a non-reentrant model


 *************** function _Buzzer_Count1ms *****************
 Defined at:
		line 44 in file "Buzzer.c"
 Parameters:    Size  Location     Type
		None
 Auto vars:     Size  Location     Type
		None
 Return value:  Size  Location     Type
                  1    wreg      void 
 Registers used:
		wreg, status,2, status,0, pclath, cstack
 Tracked objects:
		On entry : 
		On exit  : 
		Unchanged: 
 Data sizes:     COMMON   BANK0   BANK1   BANK2   BANK3   BANK4
      Params:         0       0       0       0       0       0
      Locals:         0       0       0       0       0       0
      Temps:          0       0       0       0       0       0
      Totals:         0       0       0       0       0       0
Total ram usage:        0 bytes
 Hardware stack levels used:    1
 Hardware stack levels required when called:    1
 This function calls:
		_Buzzer_SetDuty
 This function is called by:
		_Handler
 This function uses a non-reentrant model


 *************** function _Buzzer_SetDuty *****************
 Defined at:
		line 31 in file "Buzzer.c"
 Parameters:    Size  Location     Type
  duty            2    0[COMMON] unsigned int 
 Auto vars:     Size  Location     Type
  CCP2CON_Pre     1    4[COMMON] unsigned char 
 Return value:  Size  Location     Type
                  1    wreg      void 
 Registers used:
		wreg, status,2, status,0
 Tracked objects:
		On entry : 
		On exit  : 
		Unchanged: 
 Data sizes:     COMMON   BANK0   BANK1   BANK2   BANK3   BANK4
      Params:         2       0       0       0       0       0
      Locals:         1       0       0       0       0       0
      Temps:          2       0       0       0       0       0
      Totals:         5       0       0       0       0       0
Total ram usage:        5 bytes
 Hardware stack levels used:    1
 This function calls:
		Nothing
 This function is called by:
		_Buzzer_Count1ms
 This function uses a non-reentrant model



MODULE INFORMATION

Module		Function		Class		Link	Load	Size
MCP4726.c
		_DAC_Initialize		CODE           	0E1E	0000	33
		_DAC_WriteVoltage		CODE           	0ECE	0000	59

MCP4726.c estimated size: 92

/opt/microchip/xc8/v1.41/sources/common/lldiv.c
		___lldiv       		CODE           	069D	0000	84

/opt/microchip/xc8/v1.41/sources/common/lldiv.c estimated size: 84

/opt/microchip/xc8/v1.41/sources/common/Umul32.c
		___lmul        		CODE           	07CB	0000	48

/opt/microchip/xc8/v1.41/sources/common/Umul32.c estimated size: 48

Timer1.c
		_Timer1_GetCountSum		CODE           	0D30	0000	18
		_Timer1_DetectAssignCount		CODE           	0E5F	0000	35
		_Timer1_Init   		CODE           	0E3E	0000	34
		_Timer1_GetCPM 		CODE           	0CC3	0000	15
		_Timer1_GetCPS 		CODE           	0CD1	0000	15
		_Timer1_GetSecond		CODE           	0C73	0000	4
		_Timer1_GetMinute		CODE           	0C70	0000	4
		_Timer1_StartCount		CODE           	0C76	0000	6
		_Timer1_ClearRecord		CODE           	0F08	0000	61
		_Timer1_Count1ms		CODE           	04A0	0000	163

Timer1.c estimated size: 355

I2C_Common.c
		_I2C_Transmit  		CODE           	0DAD	0000	28
		_I2C_CommonInterrupt		CODE           	0C6D	0000	4
		_I2C_Init      		CODE           	0D94	0000	26

I2C_Common.c estimated size: 58

/opt/microchip/xc8/v1.41/sources/common/isdigit.c
		_isdigit       		CODE           	0CDF	0000	16

/opt/microchip/xc8/v1.41/sources/common/isdigit.c estimated size: 16

Buzzer.c
		_Buzzer_Init   		CODE           	0EA6	0000	41
		_Buzzer_MiliSecond		CODE           	0C94	0000	11
		_Buzzer_SetDuty		CODE           	0DC8	0000	29
		_Buzzer_Count1ms		CODE           	0D67	0000	23

Buzzer.c estimated size: 104

/opt/microchip/xc8/v1.41/sources/common/doprnt.c
		_printf        		CODE           	0058	0000	492

/opt/microchip/xc8/v1.41/sources/common/doprnt.c estimated size: 492

Timer6.c
		_Timer6_Init   		CODE           	0D41	0000	20
		_Timer6_CheckFlag		CODE           	0C9E	0000	12

Timer6.c estimated size: 32

shared
		_DAC_DataTable 		STRCODE        	026B	0000	31
		_dpowers       		STRCODE        	0243	0000	41
		i1___lldiv     		CODE           	06F0	0000	84
		__initialization		CODE           	002D	0000	40
		i1_Buzzer_MiliSecond		CODE           	0C8A	0000	11

shared estimated size: 207

/opt/microchip/xc8/v1.41/sources/common/llmod.c
		___llmod       		CODE           	0FBD	0000	68

/opt/microchip/xc8/v1.41/sources/common/llmod.c estimated size: 68

mTouch.c
		_mTouch_Read   		CODE           	0E81	0000	38
		_mTouch_Init   		CODE           	0D54	0000	20
		_mTouch_PortInit		CODE           	0CB6	0000	14

mTouch.c estimated size: 72

/opt/microchip/xc8/v1.41/sources/common/Umul16.c
		___wmul        		CODE           	0DE4	0000	29

/opt/microchip/xc8/v1.41/sources/common/Umul16.c estimated size: 29

main.c
		_Handler       		CODE           	0004	0000	40
		_mTouch_Check  		CODE           	0743	0000	69
		_main          		CODE           	03D4	0000	205
		_Basic_Init    		CODE           	0D1F	0000	18
		_mTouch_IntervalDecrement		CODE           	0D0E	0000	18

main.c estimated size: 350

I2C2.c
		_I2C2_PinInit  		CODE           	0CA9	0000	14
		_I2C2_Interrupt		CODE           	0649	0000	85
		_I2C2_Setting  		CODE           	0787	0000	69
		_I2C2_Transmit 		CODE           	0542	0000	153

I2C2.c estimated size: 321

LCD.c
		_LCD_Init      		CODE           	05DA	0000	112
		_putch         		CODE           	0C81	0000	10
		_LCD_CursorPosition		CODE           	0D7D	0000	24
		_LCD_DisplayClear		CODE           	0CFE	0000	17
		_LCD_CursorHome		CODE           	0CEE	0000	17
		_LCD_WriteData 		CODE           	0F80	0000	62

LCD.c estimated size: 242

