Microchip MPLAB XC8 Compiler V1.41 ()

Linker command line:

-W-3 --edf=/opt/microchip/xc8/v1.41/dat/en_msgs.txt -cs \
  -h+dist/default/production/GeigerCounter.X.production.sym \
  --cmf=dist/default/production/GeigerCounter.X.production.cmf -z -Q16F1827 \
  -o/tmp/xcXIv69YV -Mdist/default/production/GeigerCounter.X.production.map \
  -E1 -ver=XC8 -ASTACK=0210Eh-0216fh -pstack=STACK -ACODE=00h-07FFhx2 \
  -ASTRCODE=00h-0FFFh -ASTRING=00h-0FFhx16 -ACONST=00h-0FFhx16 \
  -AENTRY=00h-0FFhx16 -ACOMMON=070h-07Fh -ABANK0=020h-06Fh \
  -ABANK1=0A0h-0EFh -ABANK2=0120h-016Fh -ABANK3=01A0h-01EFh \
  -ABANK4=0220h-024Fh -ABIGRAM=02000h-0216Fh \
  -ARAM=020h-06Fh,0A0h-0EFh,0120h-016Fh,01A0h-01EFh,0220h-024Fh \
  -AABS1=020h-07Fh,0A0h-0EFh,0120h-016Fh,01A0h-01EFh,0220h-024Fh \
  -ASFR0=00h-01Fh -ASFR1=080h-09Fh -ASFR2=0100h-011Fh -ASFR3=0180h-019Fh \
  -ASFR4=0200h-021Fh -ASFR5=0280h-02EFh -ASFR6=0300h-036Fh \
  -ASFR7=0380h-03EFh -ASFR8=0400h-046Fh -ASFR9=0480h-04EFh \
  -ASFR10=0500h-056Fh -ASFR11=0580h-05EFh -ASFR12=0600h-066Fh \
  -ASFR13=0680h-06EFh -ASFR14=0700h-076Fh -ASFR15=0780h-07EFh \
  -ASFR16=0800h-086Fh -ASFR17=0880h-08EFh -ASFR18=0900h-096Fh \
  -ASFR19=0980h-09EFh -ASFR20=0A00h-0A6Fh -ASFR21=0A80h-0AEFh \
  -ASFR22=0B00h-0B6Fh -ASFR23=0B80h-0BEFh -ASFR24=0C00h-0C6Fh \
  -ASFR25=0C80h-0CEFh -ASFR26=0D00h-0D6Fh -ASFR27=0D80h-0DEFh \
  -ASFR28=0E00h-0E6Fh -ASFR29=0E80h-0EEFh -ASFR30=0F00h-0F6Fh \
  -ASFR31=0F80h-0FEFh -preset_vec=00h,intentry=04h,init,end_init \
  -ppowerup=CODE -pcinit=CODE -pfunctab=CODE -ACONFIG=08007h-08008h \
  -pconfig=CONFIG -DCONFIG=2 -AIDLOC=08000h-08003h -pidloc=IDLOC -DIDLOC=2 \
  -AEEDATA=00h-0FFh/0F000h -peeprom_data=EEDATA -DEEDATA=2 -DCODE=2 \
  -DSTRCODE=2 -DSTRING=2 -DCONST=2 -DENTRY=2 -k /tmp/xcXljrz7g.obj \
  dist/default/production/GeigerCounter.X.production.obj 

Object code version is 3.11

Machine type is 16F1827



                Name                               Link     Load   Length Selector   Space Scale
/tmp/xcXljrz7g.obj
                end_init                             32       32        2        8       0
                reset_vec                             0        0        2        0       0
                config                             8007     8007        2    1000E       0
dist/default/production/GeigerCounter.X.production.obj
                cinit                                34       34       30        8       0
                intentry                              4        4       2E        8       0
                text44                              DC2      DC2       1C     1B84       0
                text43                              D83      D83       15     1B06       0
                text42                              E75      E75       25     1CEA       0
                text41                              67D      67D       54      7F8       0
                text40                              629      629       54      7F8       0
                text39                              C9A      C9A        6     1934       0
                text38                              CA0      CA0        6     1940       0
                text37                              DFA      DFA       1E     1BF4       0
                text36                              CCC      CCC        B     1998       0
                text35                              D0C      D0C        F     1A18       0
                text34                              D3B      D3B       11     1A76       0
                text32                              D98      D98       15     1B30       0
                text31                              E9A      E9A       28     1D34       0
                text30                              CD7      CD7        D     19AE       0
                text29                              7AC      7AC       44      7F8       0
                text28                              CE4      CE4        D     19C8       0
                text27                              768      768       44      7F8       0
                text26                              EC2      EC2       2A     1D84       0
                text25                              494      494       97      7F8       0
                text24                              3FC      3FC       98      7F8       0
                text23                              EEC      EEC       2B     1DD8       0
                text22                              E55      E55       20     1CAA       0
                text21                              F80      F80       3D     1F00       0
                text20                              D1B      D1B       10     1A36       0
                text19                              D2B      D2B       10     1A56       0
                text18                              5BA      5BA       6F      7F8       0
                text17                              E36      E36       1F     1C6C       0
                text16                              CB9      CB9        9     1972       0
                text15                              D4C      D4C       11     1A98       0
                text14                              D5D      D5D       13     1ABA       0
                text13                              CFE      CFE        E     19FC       0
                text12                              CF1      CF1        D     19E2       0
                text11                              D70      D70       13     1AE0       0
                text10                              CC2      CC2        A     1984       0
                text9                               724      724       44      7F8       0
                text8                               6D1      6D1       53      7F8       0
                text7                               FBD      FBD       43     1F7A       0
                text6                               DDE      DDE       1C     1BBC       0
                text5                               CB2      CB2        7     1964       0
                text4                               F17      F17       2D     1E2E       0
                text3                               DAD      DAD       15     1B5A       0
                text2                                64       64      22A        8       0
                text1                               7F0      7F0       10      7F8       0
                maintext                            52B      52B       8F      7F8       0
                cstackBANK0                          20       20       48       20       1
                cstackCOMMON                         70       70        6       70       1
                cstackBANK1                          DA       DA        1       A0       1
                clrtext                             CA6      CA6        6     194C       0
                inittext                            CAC      CAC        6     1958       0
                dataBANK3                           1A0      1A0       1E      1A0       1
                dataBANK2                           120      120       3C      120       1
                bssBANK1                             A0       A0       3A       A0       1
                bssBANK0                             68       68        8       20       1
                bssCOMMON                            76       76        5       70       1
                stringtext                          28E      28E      16E      51C       0
                idataBANK3                          E18      E18       1E     1C30       0
                idataBANK2                          F44      F44       3C     1E88       0

TOTAL           Name                               Link     Load   Length     Space
        CLASS   STACK          

        CLASS   CODE           
                end_init                             32       32        2         0
                cinit                                34       34       30         0
                intentry                              4        4       2E         0
                reset_vec                             0        0        2         0
                text44                              DC2      DC2       1C         0
                text43                              D83      D83       15         0
                text42                              E75      E75       25         0
                text41                              67D      67D       54         0
                text40                              629      629       54         0
                text39                              C9A      C9A        6         0
                text38                              CA0      CA0        6         0
                text37                              DFA      DFA       1E         0
                text36                              CCC      CCC        B         0
                text35                              D0C      D0C        F         0
                text34                              D3B      D3B       11         0
                text32                              D98      D98       15         0
                text31                              E9A      E9A       28         0
                text30                              CD7      CD7        D         0
                text29                              7AC      7AC       44         0
                text28                              CE4      CE4        D         0
                text27                              768      768       44         0
                text26                              EC2      EC2       2A         0
                text25                              494      494       97         0
                text24                              3FC      3FC       98         0
                text23                              EEC      EEC       2B         0
                text22                              E55      E55       20         0
                text21                              F80      F80       3D         0
                text20                              D1B      D1B       10         0
                text19                              D2B      D2B       10         0
                text18                              5BA      5BA       6F         0
                text17                              E36      E36       1F         0
                text16                              CB9      CB9        9         0
                text15                              D4C      D4C       11         0
                text14                              D5D      D5D       13         0
                text13                              CFE      CFE        E         0
                text12                              CF1      CF1        D         0
                text11                              D70      D70       13         0
                text10                              CC2      CC2        A         0
                text9                               724      724       44         0
                text8                               6D1      6D1       53         0
                text7                               FBD      FBD       43         0
                text6                               DDE      DDE       1C         0
                text5                               CB2      CB2        7         0
                text4                               F17      F17       2D         0
                text3                               DAD      DAD       15         0
                text2                                64       64      22A         0
                text1                               7F0      7F0       10         0
                maintext                            52B      52B       8F         0
                clrtext                             CA6      CA6        6         0
                inittext                            CAC      CAC        6         0
                idataBANK3                          E18      E18       1E         0
                idataBANK2                          F44      F44       3C         0

        CLASS   STRCODE        
                stringtext                          28E      28E      16E         0

        CLASS   STRING         

        CLASS   CONST          

        CLASS   ENTRY          

        CLASS   COMMON         
                cstackCOMMON                         70       70        6         1
                bssCOMMON                            76       76        5         1

        CLASS   BANK0          
                cstackBANK0                          20       20       48         1
                bssBANK0                             68       68        8         1

        CLASS   BANK1          
                cstackBANK1                          DA       DA        1         1
                bssBANK1                             A0       A0       3A         1

        CLASS   BANK2          
                dataBANK2                           120      120       3C         1

        CLASS   BANK3          
                dataBANK3                           1A0      1A0       1E         1

        CLASS   BANK4          

        CLASS   BIGRAM         

        CLASS   RAM            

        CLASS   ABS1           
                abs_s1                               7E       7E        2         1

        CLASS   SFR0           

        CLASS   SFR1           

        CLASS   SFR2           

        CLASS   SFR3           

        CLASS   SFR4           

        CLASS   SFR5           

        CLASS   SFR6           

        CLASS   SFR7           

        CLASS   SFR8           

        CLASS   SFR9           

        CLASS   SFR10          

        CLASS   SFR11          

        CLASS   SFR12          

        CLASS   SFR13          

        CLASS   SFR14          

        CLASS   SFR15          

        CLASS   SFR16          

        CLASS   SFR17          

        CLASS   SFR18          

        CLASS   SFR19          

        CLASS   SFR20          

        CLASS   SFR21          

        CLASS   SFR22          

        CLASS   SFR23          

        CLASS   SFR24          

        CLASS   SFR25          

        CLASS   SFR26          

        CLASS   SFR27          

        CLASS   SFR28          

        CLASS   SFR29          

        CLASS   SFR30          

        CLASS   SFR31          

        CLASS   CONFIG         
                config                             8007     8007        2         0

        CLASS   IDLOC          

        CLASS   EEDATA         

        CLASS   BANK31         

        CLASS   BANK30         

        CLASS   BANK29         

        CLASS   BANK28         

        CLASS   BANK27         

        CLASS   BANK26         

        CLASS   BANK25         

        CLASS   BANK24         

        CLASS   BANK23         

        CLASS   BANK22         

        CLASS   BANK21         

        CLASS   BANK20         

        CLASS   BANK19         

        CLASS   BANK18         

        CLASS   BANK17         

        CLASS   BANK16         

        CLASS   BANK15         

        CLASS   BANK14         

        CLASS   BANK13         

        CLASS   BANK12         

        CLASS   BANK11         

        CLASS   BANK10         

        CLASS   BANK9          

        CLASS   BANK8          

        CLASS   BANK7          

        CLASS   BANK6          

        CLASS   BANK5          



SEGMENTS        Name                           Load    Length   Top    Selector   Space  Class     Delta

                reset_vec                      000000  000002  000002         0       0  CODE        2
                intentry                       000004  00028A  00028E         8       0  CODE        2
                cstackBANK0                    000020  000050  000070        20       1  BANK0       1
                cstackCOMMON                   000070  00000B  00007B        70       1  COMMON      1
                bssBANK1                       0000A0  00003B  0000DB        A0       1  BANK1       1
                dataBANK2                      000120  00003C  00015C       120       1  BANK2       1
                dataBANK3                      0001A0  00001E  0001BE       1A0       1  BANK3       1
                stringtext                     00028E  00016E  0003FC       51C       0  STRCODE     2
                text24                         0003FC  000404  000800       7F8       0  CODE        2
                text39                         000C9A  000006  000CA0      1934       0  CODE        2
                text38                         000CA0  000006  000CA6      1940       0  CODE        2
                clrtext                        000CA6  000006  000CAC      194C       0  CODE        2
                inittext                       000CAC  000006  000CB2      1958       0  CODE        2
                text5                          000CB2  000007  000CB9      1964       0  CODE        2
                text16                         000CB9  000009  000CC2      1972       0  CODE        2
                text10                         000CC2  00000A  000CCC      1984       0  CODE        2
                text36                         000CCC  00000B  000CD7      1998       0  CODE        2
                text30                         000CD7  00000D  000CE4      19AE       0  CODE        2
                text28                         000CE4  00000D  000CF1      19C8       0  CODE        2
                text12                         000CF1  00000D  000CFE      19E2       0  CODE        2
                text13                         000CFE  00000E  000D0C      19FC       0  CODE        2
                text35                         000D0C  00000F  000D1B      1A18       0  CODE        2
                text20                         000D1B  000010  000D2B      1A36       0  CODE        2
                text19                         000D2B  000010  000D3B      1A56       0  CODE        2
                text34                         000D3B  000011  000D4C      1A76       0  CODE        2
                text15                         000D4C  000011  000D5D      1A98       0  CODE        2
                text14                         000D5D  000013  000D70      1ABA       0  CODE        2
                text11                         000D70  000013  000D83      1AE0       0  CODE        2
                text43                         000D83  000015  000D98      1B06       0  CODE        2
                text32                         000D98  000015  000DAD      1B30       0  CODE        2
                text3                          000DAD  000015  000DC2      1B5A       0  CODE        2
                text44                         000DC2  00001C  000DDE      1B84       0  CODE        2
                text6                          000DDE  00001C  000DFA      1BBC       0  CODE        2
                text37                         000DFA  00001E  000E18      1BF4       0  CODE        2
                idataBANK3                     000E18  00001E  000E36      1C30       0  CODE        2
                text17                         000E36  00001F  000E55      1C6C       0  CODE        2
                text22                         000E55  000020  000E75      1CAA       0  CODE        2
                text42                         000E75  000025  000E9A      1CEA       0  CODE        2
                text31                         000E9A  000028  000EC2      1D34       0  CODE        2
                text26                         000EC2  00002A  000EEC      1D84       0  CODE        2
                text23                         000EEC  00002B  000F17      1DD8       0  CODE        2
                text4                          000F17  00002D  000F44      1E2E       0  CODE        2
                idataBANK2                     000F44  00003C  000F80      1E88       0  CODE        2
                text21                         000F80  00003D  000FBD      1F00       0  CODE        2
                text7                          000FBD  000043  001000      1F7A       0  CODE        2
                config                         008007  000002  008009     1000E       0  CONFIG      2


UNUSED ADDRESS RANGES

        Name                Unused          Largest block    Delta
        BANK1            000DB-000EF              15           1
        BANK2            0015C-0016F              14           1
        BANK3            001BE-001EF              32           1
        BANK4            00220-0024F              30           1
        BIGRAM           02000-0216F             170           1
        CODE             00002-00003               2           2
                         00800-00C99             49A
        COMMON           0007B-0007D               3           1
        CONST            00002-00003               2           2
                         00800-00C99             100
        EEDATA           0F000-0F0FF             100           2
        ENTRY            00002-00003               2           2
                         00800-00C99             100
        IDLOC            08000-08003               4           2
        RAM              000DB-000EF              15           1
                         0015C-0016F              14
                         001BE-001EF              32
                         00220-0024F              30
        SFR0             00000-0001F              20           1
        SFR1             00080-0009F              20           1
        SFR10            00500-0056F              70           1
        SFR11            00580-005EF              70           1
        SFR12            00600-0066F              70           1
        SFR13            00680-006EF              70           1
        SFR14            00700-0076F              70           1
        SFR15            00780-007EF              70           1
        SFR16            00800-0086F              70           1
        SFR17            00880-008EF              70           1
        SFR18            00900-0096F              70           1
        SFR19            00980-009EF              70           1
        SFR2             00100-0011F              20           1
        SFR20            00A00-00A6F              70           1
        SFR21            00A80-00AEF              70           1
        SFR22            00B00-00B6F              70           1
        SFR23            00B80-00BEF              70           1
        SFR24            00C00-00C6F              70           1
        SFR25            00C80-00CEF              70           1
        SFR26            00D00-00D6F              70           1
        SFR27            00D80-00DEF              70           1
        SFR28            00E00-00E6F              70           1
        SFR29            00E80-00EEF              70           1
        SFR3             00180-0019F              20           1
        SFR30            00F00-00F6F              70           1
        SFR31            00F80-00FEF              70           1
        SFR4             00200-0021F              20           1
        SFR5             00280-002EF              70           1
        SFR6             00300-0036F              70           1
        SFR7             00380-003EF              70           1
        SFR8             00400-0046F              70           1
        SFR9             00480-004EF              70           1
        STACK            0210E-0216F              62           1
        STRCODE          00002-00003               2           2
                         00800-00C99             49A
        STRING           00002-00003               2           2
                         00800-00C99             100

                                  Symbol Table

?_Timer1_ResultRead                cstackBANK0  00020
?_Timer1_SumRead                   cstackBANK0  00020
?_Timer6_Handler                   cstackCOMMON 00070
?___lldiv                          cstackBANK0  00020
?___llmod                          cstackBANK0  00020
?___wmul                           cstackBANK0  00020
?_xprintf                          cstackBANK0  0005E
Buzzer_MiliSecond@time             cstackBANK0  00020
Buzzer_SetDuty@CCP2CON_Pre         cstackCOMMON 00074
Buzzer_SetDuty@duty                cstackCOMMON 00070
CPSx_Read@channel                  bssCOMMON    0007A
I2C1_Setting@Speed                 cstackBANK0  00022
I2C1_Setting@address               cstackBANK0  00024
I2C1_Setting@mode                  cstackBANK0  00021
I2C1_Transmit@address              cstackBANK0  00024
I2C1_Transmit@i                    cstackBANK0  00025
I2C1_Transmit@i_172                cstackBANK0  00026
I2C1_Transmit@pData                cstackBANK0  00020
I2C1_Transmit@result               cstackBANK0  00027
I2C1_Transmit@size                 cstackBANK0  00021
I2C2_Setting@Speed                 cstackBANK0  00022
I2C2_Setting@address               cstackBANK0  00024
I2C2_Setting@mode                  cstackBANK0  00021
I2C2_Transmit@address              cstackBANK0  00024
I2C2_Transmit@i                    cstackBANK0  00025
I2C2_Transmit@i_316                cstackBANK0  00026
I2C2_Transmit@pData                cstackBANK0  00020
I2C2_Transmit@result               cstackBANK0  00027
I2C2_Transmit@size                 cstackBANK0  00021
I2C_Init@I2Cx                      cstackBANK0  0002A
I2C_Init@Speed                     cstackBANK0  00027
I2C_Init@address                   cstackBANK0  00025
I2C_Init@mode                      cstackBANK0  00026
I2C_Transmit@I2Cx                  cstackBANK0  0002E
I2C_Transmit@address               cstackBANK0  00028
I2C_Transmit@pData                 cstackBANK0  00029
I2C_Transmit@result                cstackBANK0  0002F
I2C_Transmit@size                  cstackBANK0  0002A
LCD_Put@word                       cstackBANK0  00023
LCD_WriteData@point                cstackBANK0  00022
_ANSELA                            (abs)        0018C
_ANSELB                            (abs)        0018D
_APFCON0                           (abs)        0011D
_APFCON1                           (abs)        0011E
_BCL1IE                            (abs)        00493
_BCL1IF                            (abs)        00093
_BCL2IE                            (abs)        004A1
_BCL2IF                            (abs)        000A1
_Basic_Init                        text32       00D98
_Buzzer_Handler                    text43       00D83
_Buzzer_Init                       text31       00E9A
_Buzzer_MiliSecond                 text10       00CC2
_Buzzer_SetDuty                    text44       00DC2
_CCP2CON                           (abs)        0029A
_CCPR2L                            (abs)        00298
_CCPTMRS                           (abs)        0029E
_CPSCON0                           (abs)        0001E
_CPSCON1                           (abs)        0001F
_CPS_Data                          bssBANK1     000A7
_CPS_PreData                       bssBANK1     000AA
_CPSx_Read                         text42       00E75
_ConfigReg                         bssBANK0     0006F
_DAC_Initialize                    text22       00E55
_GIE                               (abs)        0005F
_Handler                           intentry     00004
_I2C1_Config                       bssBANK1     000C7
_I2C1_Interrupt                    text41       0067D
_I2C1_PinInit                      text30       00CD7
_I2C1_Setting                      text29       007AC
_I2C1_Transmit                     text25       00494
_I2C2_Config                       bssBANK1     000B4
_I2C2_Interrupt                    text40       00629
_I2C2_PinInit                      text28       00CE4
_I2C2_Setting                      text27       00768
_I2C2_Transmit                     text24       003FC
_I2C_CommonInterrupt               text39       00C9A
_I2C_Init                          text26       00EC2
_I2C_Transmit                      text23       00EEC
_LATA3                             (abs)        00863
_LATA4                             (abs)        00864
_LATA6                             (abs)        00866
_LCD_CursorHome                    text20       00D1B
_LCD_DisplayClear                  text19       00D2B
_LCD_Init                          text18       005BA
_LCD_Put                           text5        00CB2
_LCD_WriteData                     text21       00F80
_OPTION_REG                        (abs)        00095
_OSCCON                            (abs)        00099
_PEIE                              (abs)        0005E
_PORTA                             (abs)        0000C
_PORTB                             (abs)        0000D
_PR2                               (abs)        0001B
_PR4                               (abs)        00416
_PR6                               (abs)        0041D
_SSP1ADD                           (abs)        00212
_SSP1BUF                           (abs)        00211
_SSP1CON1                          (abs)        00215
_SSP1CON1bits                      (abs)        00215
_SSP1CON2                          (abs)        00216
_SSP1CON2bits                      (abs)        00216
_SSP1IE                            (abs)        0048B
_SSP1IF                            (abs)        0008B
_SSP1MSK                           (abs)        00213
_SSP1STAT                          (abs)        00214
_SSP1STATbits                      (abs)        00214
_SSP2ADD                           (abs)        0021A
_SSP2BUF                           (abs)        00219
_SSP2CON1                          (abs)        0021D
_SSP2CON1bits                      (abs)        0021D
_SSP2CON2                          (abs)        0021E
_SSP2CON2bits                      (abs)        0021E
_SSP2IE                            (abs)        004A0
_SSP2IF                            (abs)        000A0
_SSP2MSK                           (abs)        0021B
_SSP2STAT                          (abs)        0021C
_SSP2STATbits                      (abs)        0021C
_T1CON                             (abs)        00018
_T1GCON                            (abs)        00019
_T2CON                             (abs)        0001C
_T4CON                             (abs)        00417
_T6CON                             (abs)        0041E
_TMR0                              (abs)        00015
_TMR1                              (abs)        00016
_TMR1IE                            (abs)        00488
_TMR1IF                            (abs)        00088
_TMR1ON                            (abs)        000C0
_TMR2                              (abs)        0001A
_TMR4                              (abs)        00415
_TMR4IE                            (abs)        00499
_TMR4IF                            (abs)        00099
_TMR6                              (abs)        0041C
_TMR6IE                            (abs)        0049B
_TMR6IF                            (abs)        0009B
_TRISA                             (abs)        0008C
_TRISB                             (abs)        0008D
_Timer1_Count10us                  text38       00CA0
_Timer1_DetectAssignCount          text37       00DFA
_Timer1_Init                       text17       00E36
_Timer1_ResultRead                 text16       00CB9
_Timer1_SumRead                    text15       00D4C
_Timer4_Handler                    text36       00CCC
_Timer4_Init                       text14       00D5D
_Timer6_Handler                    text35       00D0C
_Timer6_Init                       text13       00CFE
_VoltageReg                        bssBANK0     0006D
__CFG_BOREN$ON                     (abs)        00000
__CFG_BORV$LO                      (abs)        00000
__CFG_CLKOUTEN$OFF                 (abs)        00000
__CFG_CP$OFF                       (abs)        00000
__CFG_CPD$OFF                      (abs)        00000
__CFG_FCMEN$OFF                    (abs)        00000
__CFG_FOSC$INTOSC                  (abs)        00000
__CFG_IESO$OFF                     (abs)        00000
__CFG_LVP$OFF                      (abs)        00000
__CFG_MCLRE$ON                     (abs)        00000
__CFG_PLLEN$ON                     (abs)        00000
__CFG_PWRTE$ON                     (abs)        00000
__CFG_STVREN$OFF                   (abs)        00000
__CFG_WDTE$OFF                     (abs)        00000
__CFG_WRT$OFF                      (abs)        00000
__Habs1                            abs1         00000
__Hbank0                           bank0        00000
__Hbank1                           bank1        00000
__Hbank10                          bank10       00000
__Hbank11                          bank11       00000
__Hbank12                          bank12       00000
__Hbank13                          bank13       00000
__Hbank14                          bank14       00000
__Hbank15                          bank15       00000
__Hbank16                          bank16       00000
__Hbank17                          bank17       00000
__Hbank18                          bank18       00000
__Hbank19                          bank19       00000
__Hbank2                           bank2        00000
__Hbank20                          bank20       00000
__Hbank21                          bank21       00000
__Hbank22                          bank22       00000
__Hbank23                          bank23       00000
__Hbank24                          bank24       00000
__Hbank25                          bank25       00000
__Hbank26                          bank26       00000
__Hbank27                          bank27       00000
__Hbank28                          bank28       00000
__Hbank29                          bank29       00000
__Hbank3                           bank3        00000
__Hbank30                          bank30       00000
__Hbank31                          bank31       00000
__Hbank4                           bank4        00000
__Hbank5                           bank5        00000
__Hbank6                           bank6        00000
__Hbank7                           bank7        00000
__Hbank8                           bank8        00000
__Hbank9                           bank9        00000
__Hbigram                          bigram       00000
__HbssBANK0                        bssBANK0     00000
__HbssBANK1                        bssBANK1     00000
__HbssCOMMON                       bssCOMMON    00000
__Hcinit                           cinit        00064
__Hclrtext                         clrtext      00000
__Hcode                            code         00000
__Hcommon                          common       00000
__Hconfig                          config       08009
__HcstackBANK0                     cstackBANK0  00000
__HcstackBANK1                     cstackBANK1  00000
__HcstackCOMMON                    cstackCOMMON 00000
__HdataBANK2                       dataBANK2    00000
__HdataBANK3                       dataBANK3    00000
__Heeprom_data                     eeprom_data  00000
__Hend_init                        end_init     00034
__Hfunctab                         functab      00000
__HidataBANK2                      idataBANK2   00000
__HidataBANK3                      idataBANK3   00000
__Hidloc                           idloc        00000
__Hinit                            init         00032
__Hinittext                        inittext     00000
__Hintentry                        intentry     00032
__Hmaintext                        maintext     00000
__Hpowerup                         powerup      00000
__Hram                             ram          00000
__Hreset_vec                       reset_vec    00002
__Hsfr0                            sfr0         00000
__Hsfr1                            sfr1         00000
__Hsfr10                           sfr10        00000
__Hsfr11                           sfr11        00000
__Hsfr12                           sfr12        00000
__Hsfr13                           sfr13        00000
__Hsfr14                           sfr14        00000
__Hsfr15                           sfr15        00000
__Hsfr16                           sfr16        00000
__Hsfr17                           sfr17        00000
__Hsfr18                           sfr18        00000
__Hsfr19                           sfr19        00000
__Hsfr2                            sfr2         00000
__Hsfr20                           sfr20        00000
__Hsfr21                           sfr21        00000
__Hsfr22                           sfr22        00000
__Hsfr23                           sfr23        00000
__Hsfr24                           sfr24        00000
__Hsfr25                           sfr25        00000
__Hsfr26                           sfr26        00000
__Hsfr27                           sfr27        00000
__Hsfr28                           sfr28        00000
__Hsfr29                           sfr29        00000
__Hsfr3                            sfr3         00000
__Hsfr30                           sfr30        00000
__Hsfr31                           sfr31        00000
__Hsfr4                            sfr4         00000
__Hsfr5                            sfr5         00000
__Hsfr6                            sfr6         00000
__Hsfr7                            sfr7         00000
__Hsfr8                            sfr8         00000
__Hsfr9                            sfr9         00000
__Hspace_0                         (abs)        08009
__Hspace_1                         (abs)        001BE
__Hspace_2                         (abs)        00000
__Hspace_3                         (abs)        00000
__Hstack                           stack        00000
__Hstrings                         strings      00000
__Hstringtext                      stringtext   00000
__Htext                            text         00000
__Labs1                            abs1         00000
__Lbank0                           bank0        00000
__Lbank1                           bank1        00000
__Lbank10                          bank10       00000
__Lbank11                          bank11       00000
__Lbank12                          bank12       00000
__Lbank13                          bank13       00000
__Lbank14                          bank14       00000
__Lbank15                          bank15       00000
__Lbank16                          bank16       00000
__Lbank17                          bank17       00000
__Lbank18                          bank18       00000
__Lbank19                          bank19       00000
__Lbank2                           bank2        00000
__Lbank20                          bank20       00000
__Lbank21                          bank21       00000
__Lbank22                          bank22       00000
__Lbank23                          bank23       00000
__Lbank24                          bank24       00000
__Lbank25                          bank25       00000
__Lbank26                          bank26       00000
__Lbank27                          bank27       00000
__Lbank28                          bank28       00000
__Lbank29                          bank29       00000
__Lbank3                           bank3        00000
__Lbank30                          bank30       00000
__Lbank31                          bank31       00000
__Lbank4                           bank4        00000
__Lbank5                           bank5        00000
__Lbank6                           bank6        00000
__Lbank7                           bank7        00000
__Lbank8                           bank8        00000
__Lbank9                           bank9        00000
__Lbigram                          bigram       00000
__LbssBANK0                        bssBANK0     00000
__LbssBANK1                        bssBANK1     00000
__LbssCOMMON                       bssCOMMON    00000
__Lcinit                           cinit        00034
__Lclrtext                         clrtext      00000
__Lcode                            code         00000
__Lcommon                          common       00000
__Lconfig                          config       08007
__LcstackBANK0                     cstackBANK0  00000
__LcstackBANK1                     cstackBANK1  00000
__LcstackCOMMON                    cstackCOMMON 00000
__LdataBANK2                       dataBANK2    00000
__LdataBANK3                       dataBANK3    00000
__Leeprom_data                     eeprom_data  00000
__Lend_init                        end_init     00032
__Lfunctab                         functab      00000
__LidataBANK2                      idataBANK2   00000
__LidataBANK3                      idataBANK3   00000
__Lidloc                           idloc        00000
__Linit                            init         00032
__Linittext                        inittext     00000
__Lintentry                        intentry     00004
__Lmaintext                        maintext     00000
__Lpowerup                         powerup      00000
__Lram                             ram          00000
__Lreset_vec                       reset_vec    00000
__Lsfr0                            sfr0         00000
__Lsfr1                            sfr1         00000
__Lsfr10                           sfr10        00000
__Lsfr11                           sfr11        00000
__Lsfr12                           sfr12        00000
__Lsfr13                           sfr13        00000
__Lsfr14                           sfr14        00000
__Lsfr15                           sfr15        00000
__Lsfr16                           sfr16        00000
__Lsfr17                           sfr17        00000
__Lsfr18                           sfr18        00000
__Lsfr19                           sfr19        00000
__Lsfr2                            sfr2         00000
__Lsfr20                           sfr20        00000
__Lsfr21                           sfr21        00000
__Lsfr22                           sfr22        00000
__Lsfr23                           sfr23        00000
__Lsfr24                           sfr24        00000
__Lsfr25                           sfr25        00000
__Lsfr26                           sfr26        00000
__Lsfr27                           sfr27        00000
__Lsfr28                           sfr28        00000
__Lsfr29                           sfr29        00000
__Lsfr3                            sfr3         00000
__Lsfr30                           sfr30        00000
__Lsfr31                           sfr31        00000
__Lsfr4                            sfr4         00000
__Lsfr5                            sfr5         00000
__Lsfr6                            sfr6         00000
__Lsfr7                            sfr7         00000
__Lsfr8                            sfr8         00000
__Lsfr9                            sfr9         00000
__Lspace_0                         (abs)        00000
__Lspace_1                         (abs)        00000
__Lspace_2                         (abs)        00000
__Lspace_3                         (abs)        00000
__Lstack                           stack        00000
__Lstrings                         strings      00000
__Lstringtext                      stringtext   00000
__Ltext                            text         00000
__S0                               (abs)        08009
__S1                               (abs)        001BE
__S2                               (abs)        00000
__S3                               (abs)        00000
___int_sp                          stack        00000
___latbits                         (abs)        00001
___lldiv                           text8        006D1
___lldiv@counter                   cstackBANK0  0002D
___lldiv@dividend                  cstackBANK0  00024
___lldiv@divisor                   cstackBANK0  00020
___lldiv@quotient                  cstackBANK0  00029
___llmod                           text7        00FBD
___llmod@counter                   cstackBANK0  00029
___llmod@dividend                  cstackBANK0  00024
___llmod@divisor                   cstackBANK0  00020
___sp                              stack        00000
___wmul                            text6        00DDE
___wmul@multiplicand               cstackBANK0  00022
___wmul@multiplier                 cstackBANK0  00020
___wmul@product                    cstackBANK0  00024
__end_of_Basic_Init                text32       00DAD
__end_of_Buzzer_Handler            text43       00D98
__end_of_Buzzer_Init               text31       00EC2
__end_of_Buzzer_MiliSecond         text10       00CCC
__end_of_Buzzer_SetDuty            text44       00DDE
__end_of_CPSx_Read                 text42       00E9A
__end_of_DAC_DataTable             stringtext   002AC
__end_of_DAC_Initialize            text22       00E75
__end_of_Handler                   intentry     00032
__end_of_I2C1_Interrupt            text41       006D1
__end_of_I2C1_PinInit              text30       00CE4
__end_of_I2C1_Setting              text29       007F0
__end_of_I2C1_Transmit             text25       0052B
__end_of_I2C2_Interrupt            text40       0067D
__end_of_I2C2_PinInit              text28       00CF1
__end_of_I2C2_Setting              text27       007AC
__end_of_I2C2_Transmit             text24       00494
__end_of_I2C_CommonInterrupt       text39       00CA0
__end_of_I2C_Init                  text26       00EEC
__end_of_I2C_Transmit              text23       00F17
__end_of_LCD_CursorHome            text20       00D2B
__end_of_LCD_DisplayClear          text19       00D3B
__end_of_LCD_Init                  text18       00629
__end_of_LCD_Put                   text5        00CB9
__end_of_LCD_WriteData             text21       00FBD
__end_of_Timer1_Count10us          text38       00CA6
__end_of_Timer1_DetectAssignCount  text37       00E18
__end_of_Timer1_Init               text17       00E55
__end_of_Timer1_ResultRead         text16       00CC2
__end_of_Timer1_SumRead            text15       00D5D
__end_of_Timer4_Handler            text36       00CD7
__end_of_Timer4_Init               text14       00D70
__end_of_Timer6_Handler            text35       00D1B
__end_of_Timer6_Init               text13       00D0C
__end_of___lldiv                   text8        00724
__end_of___llmod                   text7        01000
__end_of___wmul                    text6        00DFA
__end_of__initialization           cinit        00060
__end_of_mTouch_Init               text11       00D83
__end_of_mTouch_IntervalDecrement  text34       00D4C
__end_of_mTouch_PortInit           text12       00CFE
__end_of_mTouch_Read               text9        00768
__end_of_main                      maintext     005BA
__end_of_xprintf                   text1        00800
__end_of_xputc                     text4        00F44
__end_of_xputs                     text3        00DC2
__end_of_xvprintf                  text2        0028E
__initialization                   cinit        00034
__pbssBANK0                        bssBANK0     00068
__pbssBANK1                        bssBANK1     000A0
__pbssCOMMON                       bssCOMMON    00076
__pcstackBANK0                     cstackBANK0  00020
__pcstackBANK1                     cstackBANK1  000DA
__pcstackCOMMON                    cstackCOMMON 00070
__pdataBANK2                       dataBANK2    00120
__pdataBANK3                       dataBANK3    001A0
__pidataBANK2                      idataBANK2   00F44
__pidataBANK3                      idataBANK3   00E18
__pintentry                        intentry     00004
__pmaintext                        maintext     0052B
__pstringtext                      stringtext   0028E
__ptext1                           text1        007F0
__ptext10                          text10       00CC2
__ptext11                          text11       00D70
__ptext12                          text12       00CF1
__ptext13                          text13       00CFE
__ptext14                          text14       00D5D
__ptext15                          text15       00D4C
__ptext16                          text16       00CB9
__ptext17                          text17       00E36
__ptext18                          text18       005BA
__ptext19                          text19       00D2B
__ptext2                           text2        00064
__ptext20                          text20       00D1B
__ptext21                          text21       00F80
__ptext22                          text22       00E55
__ptext23                          text23       00EEC
__ptext24                          text24       003FC
__ptext25                          text25       00494
__ptext26                          text26       00EC2
__ptext27                          text27       00768
__ptext28                          text28       00CE4
__ptext29                          text29       007AC
__ptext3                           text3        00DAD
__ptext30                          text30       00CD7
__ptext31                          text31       00E9A
__ptext32                          text32       00D98
__ptext34                          text34       00D3B
__ptext35                          text35       00D0C
__ptext36                          text36       00CCC
__ptext37                          text37       00DFA
__ptext38                          text38       00CA0
__ptext39                          text39       00C9A
__ptext4                           text4        00F17
__ptext40                          text40       00629
__ptext41                          text41       0067D
__ptext42                          text42       00E75
__ptext43                          text43       00D83
__ptext44                          text44       00DC2
__ptext5                           text5        00CB2
__ptext6                           text6        00DDE
__ptext7                           text7        00FBD
__ptext8                           text8        006D1
__ptext9                           text9        00724
__size_of_Basic_Init               (abs)        00000
__size_of_Buzzer_Handler           (abs)        00000
__size_of_Buzzer_Init              (abs)        00000
__size_of_Buzzer_MiliSecond        (abs)        00000
__size_of_Buzzer_SetDuty           (abs)        00000
__size_of_CPSx_Read                (abs)        00000
__size_of_DAC_Initialize           (abs)        00000
__size_of_Handler                  (abs)        00000
__size_of_I2C1_Interrupt           (abs)        00000
__size_of_I2C1_PinInit             (abs)        00000
__size_of_I2C1_Setting             (abs)        00000
__size_of_I2C1_Transmit            (abs)        00000
__size_of_I2C2_Interrupt           (abs)        00000
__size_of_I2C2_PinInit             (abs)        00000
__size_of_I2C2_Setting             (abs)        00000
__size_of_I2C2_Transmit            (abs)        00000
__size_of_I2C_CommonInterrupt      (abs)        00000
__size_of_I2C_Init                 (abs)        00000
__size_of_I2C_Transmit             (abs)        00000
__size_of_LCD_CursorHome           (abs)        00000
__size_of_LCD_DisplayClear         (abs)        00000
__size_of_LCD_Init                 (abs)        00000
__size_of_LCD_Put                  (abs)        00000
__size_of_LCD_WriteData            (abs)        00000
__size_of_Timer1_Count10us         (abs)        00000
__size_of_Timer1_DetectAssignCount (abs)        00000
__size_of_Timer1_Init              (abs)        00000
__size_of_Timer1_ResultRead        (abs)        00000
__size_of_Timer1_SumRead           (abs)        00000
__size_of_Timer4_Handler           (abs)        00000
__size_of_Timer4_Init              (abs)        00000
__size_of_Timer6_Handler           (abs)        00000
__size_of_Timer6_Init              (abs)        00000
__size_of___lldiv                  (abs)        00000
__size_of___llmod                  (abs)        00000
__size_of___wmul                   (abs)        00000
__size_of_mTouch_Init              (abs)        00000
__size_of_mTouch_IntervalDecrement (abs)        00000
__size_of_mTouch_PortInit          (abs)        00000
__size_of_mTouch_Read              (abs)        00000
__size_of_main                     (abs)        00000
__size_of_xprintf                  (abs)        00000
__size_of_xputc                    (abs)        00000
__size_of_xputs                    (abs)        00000
__size_of_xvprintf                 (abs)        00000
_count                             bssCOMMON    00078
_count10us                         bssBANK1     000B2
_countsum                          bssBANK1     000A0
_mTouch_Init                       text11       00D70
_mTouch_Interval                   bssBANK1     000A4
_mTouch_IntervalDecrement          text34       00D3B
_mTouch_PortInit                   text12       00CF1
_mTouch_Read                       text9        00724
_main                              maintext     0052B
_mode                              bssBANK0     00068
_outptr                            bssBANK0     0006C
_resulttime                        bssBANK1     000B0
_xfunc_in                          bssCOMMON    00076
_xfunc_out                         bssBANK0     0006A
_xprintf                           text1        007F0
_xputc                             text4        00F17
_xputs                             text3        00DAD
_xvprintf                          text2        00064
_xvprintf$763                      cstackBANK0  00045
_xvprintf$764                      cstackBANK0  00049
_xvprintf$765                      cstackBANK0  0004B
btemp                              (abs)        0007E
clear_ram0                         clrtext      00CA6
end_of_initialization              cinit        00060
init_ram                           inittext     00CAC
int$flags                          (abs)        0007E
intlevel0                          functab      00000
intlevel1                          functab      00000
intlevel2                          functab      00000
intlevel3                          functab      00000
intlevel4                          functab      00000
intlevel5                          functab      00000
mTouch_Read@chan                   cstackBANK0  00027
reset_vec                          reset_vec    00000
stackhi                            (abs)        0216F
stacklo                            (abs)        0210E
start                              init         00032
start_initialization               cinit        00034
wtemp0                             (abs)        0007E
xprintf@arp                        cstackBANK0  00067
xprintf@fmt                        cstackBANK0  0005E
xputc@c                            cstackBANK0  00025
xputs@str                          cstackBANK0  00027
xvprintf@arp                       cstackBANK0  00030
xvprintf@c                         cstackBANK0  0005D
xvprintf@d                         cstackBANK0  0005C
xvprintf@f                         cstackBANK0  00058
xvprintf@fmt                       cstackBANK0  0002E
xvprintf@i                         cstackBANK0  0005A
xvprintf@j                         cstackBANK0  00052
xvprintf@p                         cstackBANK0  0004D
xvprintf@r                         cstackBANK0  0004E
xvprintf@s                         cstackBANK0  00035
xvprintf@v                         cstackBANK0  00054
xvprintf@w                         cstackBANK0  00050


FUNCTION INFORMATION:

 *************** function _main *****************
 Defined at:
		line 18 in file "main.c"
 Parameters:    Size  Location     Type
		None
 Auto vars:     Size  Location     Type
		None
 Return value:  Size  Location     Type
                  1    wreg      char 
 Registers used:
		wreg, fsr0l, fsr0h, fsr1l, fsr1h, status,2, status,0, pclath, cstack
 Tracked objects:
		On entry : 
		On exit  : 
		Unchanged: 
 Data sizes:     COMMON   BANK0   BANK1   BANK2   BANK3   BANK4
      Params:         0       0       0       0       0       0
      Locals:         0       0       0       0       0       0
      Temps:          0       0       1       0       0       0
      Totals:         0       0       1       0       0       0
Total ram usage:        1 bytes
 Hardware stack levels required when called:    9
 This function calls:
		_Basic_Init
		_Buzzer_Init
		_DAC_Initialize
		_LCD_CursorHome
		_LCD_Init
		_Timer1_Init
		_Timer1_ResultRead
		_Timer1_SumRead
		_Timer4_Init
		_Timer6_Init
		_mTouch_Init
		_mTouch_Read
		_xprintf
 This function is called by:
		Startup code after reset
 This function uses a non-reentrant model


 *************** function _xprintf *****************
 Defined at:
		line 165 in file "xprintf.c"
 Parameters:    Size  Location     Type
  fmt             2   62[BANK0 ] PTR const unsigned char 
		 -> STR_54(7), STR_53(6), STR_52(6), STR_51(7), 
		 -> STR_4(10), STR_3(8), STR_2(11), STR_1(6), 
 Auto vars:     Size  Location     Type
  arp             1   71[BANK0 ] PTR void [1]
		 -> ?_xfprintf(1), ?_xsprintf(1), ?_xprintf(1), 
 Return value:  Size  Location     Type
                  1    wreg      void 
 Registers used:
		wreg, fsr0l, fsr0h, fsr1l, fsr1h, status,2, status,0, pclath, cstack
 Tracked objects:
		On entry : 
		On exit  : 
		Unchanged: 
 Data sizes:     COMMON   BANK0   BANK1   BANK2   BANK3   BANK4
      Params:         0       8       0       0       0       0
      Locals:         0       1       0       0       0       0
      Temps:          0       1       0       0       0       0
      Totals:         0      10       0       0       0       0
Total ram usage:       10 bytes
 Hardware stack levels used:    1
 Hardware stack levels required when called:    8
 This function calls:
		_xvprintf
 This function is called by:
		_main
		_put_dump
 This function uses a non-reentrant model


 *************** function _xvprintf *****************
 Defined at:
		line 88 in file "xprintf.c"
 Parameters:    Size  Location     Type
  fmt             2   14[BANK0 ] PTR const unsigned char 
		 -> STR_54(7), STR_53(6), STR_52(6), STR_51(7), 
		 -> STR_4(10), STR_3(8), STR_2(11), STR_1(6), 
  arp             1   16[BANK0 ] PTR PTR void 
		 -> xfprintf@arp(1), xsprintf@arp(1), xprintf@arp(1), 
 Auto vars:     Size  Location     Type
  s              16   21[BANK0 ] unsigned char [16]
  v               4   52[BANK0 ] unsigned long 
  i               2   58[BANK0 ] unsigned int 
  f               2   56[BANK0 ] unsigned int 
  j               2   50[BANK0 ] unsigned int 
  w               2   48[BANK0 ] unsigned int 
  r               2   46[BANK0 ] unsigned int 
  c               1   61[BANK0 ] unsigned char 
  d               1   60[BANK0 ] unsigned char 
  p               1   45[BANK0 ] PTR unsigned char 
		 -> ?_xfprintf(1), ?_xsprintf(1), ?_xprintf(1), 
 Return value:  Size  Location     Type
                  1    wreg      void 
 Registers used:
		wreg, fsr0l, fsr0h, fsr1l, fsr1h, status,2, status,0, pclath, cstack
 Tracked objects:
		On entry : 
		On exit  : 
		Unchanged: 
 Data sizes:     COMMON   BANK0   BANK1   BANK2   BANK3   BANK4
      Params:         0       3       0       0       0       0
      Locals:         0      41       0       0       0       0
      Temps:          0       4       0       0       0       0
      Totals:         0      48       0       0       0       0
Total ram usage:       48 bytes
 Hardware stack levels used:    1
 Hardware stack levels required when called:    7
 This function calls:
		___lldiv
		___llmod
		___wmul
		_xputc
		_xputs
 This function is called by:
		_xprintf
		_xsprintf
		_xfprintf
 This function uses a non-reentrant model


 *************** function _xputs *****************
 Defined at:
		line 44 in file "xprintf.c"
 Parameters:    Size  Location     Type
  str             1    wreg     PTR const unsigned char 
		 -> ?_xfprintf(1), ?_xsprintf(1), ?_xprintf(1), 
 Auto vars:     Size  Location     Type
  str             1    7[BANK0 ] PTR const unsigned char 
		 -> ?_xfprintf(1), ?_xsprintf(1), ?_xprintf(1), 
 Return value:  Size  Location     Type
                  1    wreg      void 
 Registers used:
		wreg, fsr1l, fsr1h, status,2, status,0, pclath, cstack
 Tracked objects:
		On entry : 
		On exit  : 
		Unchanged: 
 Data sizes:     COMMON   BANK0   BANK1   BANK2   BANK3   BANK4
      Params:         0       0       0       0       0       0
      Locals:         0       1       0       0       0       0
      Temps:          0       1       0       0       0       0
      Totals:         0       2       0       0       0       0
Total ram usage:        2 bytes
 Hardware stack levels used:    1
 Hardware stack levels required when called:    6
 This function calls:
		_xputc
 This function is called by:
		_xvprintf
 This function uses a non-reentrant model


 *************** function _xputc *****************
 Defined at:
		line 26 in file "xprintf.c"
 Parameters:    Size  Location     Type
  c               1    wreg     unsigned char 
 Auto vars:     Size  Location     Type
  c               1    5[BANK0 ] unsigned char 
 Return value:  Size  Location     Type
                  1    wreg      void 
 Registers used:
		wreg, fsr1l, fsr1h, status,2, status,0, pclath, cstack
 Tracked objects:
		On entry : 
		On exit  : 
		Unchanged: 
 Data sizes:     COMMON   BANK0   BANK1   BANK2   BANK3   BANK4
      Params:         0       0       0       0       0       0
      Locals:         0       1       0       0       0       0
      Temps:          0       1       0       0       0       0
      Totals:         0       2       0       0       0       0
Total ram usage:        2 bytes
 Hardware stack levels used:    1
 Hardware stack levels required when called:    5
 This function calls:
		Absolute function
		_LCD_Put
 This function is called by:
		_xputs
		_xvprintf
		_xfputs
		_put_dump
		_xgets
 This function uses a non-reentrant model


 *************** function _LCD_Put *****************
 Defined at:
		line 54 in file "LCD.c"
 Parameters:    Size  Location     Type
  word            1    3[BANK0 ] char 
 Auto vars:     Size  Location     Type
		None
 Return value:  Size  Location     Type
                  1    wreg      void 
 Registers used:
		wreg, status,2, status,0, pclath, cstack
 Tracked objects:
		On entry : 
		On exit  : 
		Unchanged: 
 Data sizes:     COMMON   BANK0   BANK1   BANK2   BANK3   BANK4
      Params:         0       1       0       0       0       0
      Locals:         0       0       0       0       0       0
      Temps:          0       0       0       0       0       0
      Totals:         0       1       0       0       0       0
Total ram usage:        1 bytes
 Hardware stack levels used:    1
 Hardware stack levels required when called:    4
 This function calls:
		_LCD_WriteData
 This function is called by:
		_main
		_xputc
 This function uses a non-reentrant model


 *************** function ___wmul *****************
 Defined at:
		line 15 in file "/opt/microchip/xc8/v1.41/sources/common/Umul16.c"
 Parameters:    Size  Location     Type
  multiplier      2    0[BANK0 ] unsigned int 
  multiplicand    2    2[BANK0 ] unsigned int 
 Auto vars:     Size  Location     Type
  product         2    4[BANK0 ] unsigned int 
 Return value:  Size  Location     Type
                  2    0[BANK0 ] unsigned int 
 Registers used:
		wreg, status,2, status,0
 Tracked objects:
		On entry : 
		On exit  : 
		Unchanged: 
 Data sizes:     COMMON   BANK0   BANK1   BANK2   BANK3   BANK4
      Params:         0       4       0       0       0       0
      Locals:         0       2       0       0       0       0
      Temps:          0       0       0       0       0       0
      Totals:         0       6       0       0       0       0
Total ram usage:        6 bytes
 Hardware stack levels used:    1
 Hardware stack levels required when called:    3
 This function calls:
		Nothing
 This function is called by:
		_xvprintf
 This function uses a non-reentrant model


 *************** function ___llmod *****************
 Defined at:
		line 6 in file "/opt/microchip/xc8/v1.41/sources/common/llmod.c"
 Parameters:    Size  Location     Type
  divisor         4    0[BANK0 ] unsigned long 
  dividend        4    4[BANK0 ] unsigned long 
 Auto vars:     Size  Location     Type
  counter         1    9[BANK0 ] unsigned char 
 Return value:  Size  Location     Type
                  4    0[BANK0 ] unsigned long 
 Registers used:
		wreg, status,2, status,0
 Tracked objects:
		On entry : 
		On exit  : 
		Unchanged: 
 Data sizes:     COMMON   BANK0   BANK1   BANK2   BANK3   BANK4
      Params:         0       8       0       0       0       0
      Locals:         0       1       0       0       0       0
      Temps:          0       1       0       0       0       0
      Totals:         0      10       0       0       0       0
Total ram usage:       10 bytes
 Hardware stack levels used:    1
 Hardware stack levels required when called:    3
 This function calls:
		Nothing
 This function is called by:
		_xvprintf
 This function uses a non-reentrant model


 *************** function ___lldiv *****************
 Defined at:
		line 6 in file "/opt/microchip/xc8/v1.41/sources/common/lldiv.c"
 Parameters:    Size  Location     Type
  divisor         4    0[BANK0 ] unsigned long 
  dividend        4    4[BANK0 ] unsigned long 
 Auto vars:     Size  Location     Type
  quotient        4    9[BANK0 ] unsigned long 
  counter         1   13[BANK0 ] unsigned char 
 Return value:  Size  Location     Type
                  4    0[BANK0 ] unsigned long 
 Registers used:
		wreg, status,2, status,0
 Tracked objects:
		On entry : 
		On exit  : 
		Unchanged: 
 Data sizes:     COMMON   BANK0   BANK1   BANK2   BANK3   BANK4
      Params:         0       8       0       0       0       0
      Locals:         0       5       0       0       0       0
      Temps:          0       1       0       0       0       0
      Totals:         0      14       0       0       0       0
Total ram usage:       14 bytes
 Hardware stack levels used:    1
 Hardware stack levels required when called:    3
 This function calls:
		Nothing
 This function is called by:
		_xvprintf
 This function uses a non-reentrant model


 *************** function _mTouch_Read *****************
 Defined at:
		line 111 in file "main.c"
 Parameters:    Size  Location     Type
  chan            1    wreg     unsigned char 
 Auto vars:     Size  Location     Type
  chan            1    7[BANK0 ] unsigned char 
 Return value:  Size  Location     Type
                  1    wreg      unsigned char 
 Registers used:
		wreg, fsr1l, fsr1h, status,2, status,0, pclath, cstack
 Tracked objects:
		On entry : 
		On exit  : 
		Unchanged: 
 Data sizes:     COMMON   BANK0   BANK1   BANK2   BANK3   BANK4
      Params:         0       0       0       0       0       0
      Locals:         0       1       0       0       0       0
      Temps:          0       5       0       0       0       0
      Totals:         0       6       0       0       0       0
Total ram usage:        6 bytes
 Hardware stack levels used:    1
 Hardware stack levels required when called:    4
 This function calls:
		_Buzzer_MiliSecond
 This function is called by:
		_main
 This function uses a non-reentrant model


 *************** function _Buzzer_MiliSecond *****************
 Defined at:
		line 38 in file "Buzzer.c"
 Parameters:    Size  Location     Type
  time            2    0[BANK0 ] unsigned int 
 Auto vars:     Size  Location     Type
		None
 Return value:  Size  Location     Type
                  1    wreg      void 
 Registers used:
		wreg, status,2, status,0
 Tracked objects:
		On entry : 
		On exit  : 
		Unchanged: 
 Data sizes:     COMMON   BANK0   BANK1   BANK2   BANK3   BANK4
      Params:         0       2       0       0       0       0
      Locals:         0       0       0       0       0       0
      Temps:          0       0       0       0       0       0
      Totals:         0       2       0       0       0       0
Total ram usage:        2 bytes
 Hardware stack levels used:    1
 Hardware stack levels required when called:    3
 This function calls:
		Nothing
 This function is called by:
		_mTouch_Read
 This function uses a non-reentrant model


 *************** function _mTouch_Init *****************
 Defined at:
		line 12 in file "mTouch.c"
 Parameters:    Size  Location     Type
		None
 Auto vars:     Size  Location     Type
		None
 Return value:  Size  Location     Type
                  1    wreg      void 
 Registers used:
		wreg, status,2, status,0, pclath, cstack
 Tracked objects:
		On entry : 
		On exit  : 
		Unchanged: 
 Data sizes:     COMMON   BANK0   BANK1   BANK2   BANK3   BANK4
      Params:         0       0       0       0       0       0
      Locals:         0       0       0       0       0       0
      Temps:          0       1       0       0       0       0
      Totals:         0       1       0       0       0       0
Total ram usage:        1 bytes
 Hardware stack levels used:    1
 Hardware stack levels required when called:    4
 This function calls:
		_mTouch_PortInit
 This function is called by:
		_main
 This function uses a non-reentrant model


 *************** function _mTouch_PortInit *****************
 Defined at:
		line 6 in file "mTouch.c"
 Parameters:    Size  Location     Type
		None
 Auto vars:     Size  Location     Type
		None
 Return value:  Size  Location     Type
                  1    wreg      void 
 Registers used:
		wreg, status,2, status,0
 Tracked objects:
		On entry : 
		On exit  : 
		Unchanged: 
 Data sizes:     COMMON   BANK0   BANK1   BANK2   BANK3   BANK4
      Params:         0       0       0       0       0       0
      Locals:         0       0       0       0       0       0
      Temps:          0       1       0       0       0       0
      Totals:         0       1       0       0       0       0
Total ram usage:        1 bytes
 Hardware stack levels used:    1
 Hardware stack levels required when called:    3
 This function calls:
		Nothing
 This function is called by:
		_mTouch_Init
 This function uses a non-reentrant model


 *************** function _Timer6_Init *****************
 Defined at:
		line 3 in file "Timer6.c"
 Parameters:    Size  Location     Type
		None
 Auto vars:     Size  Location     Type
		None
 Return value:  Size  Location     Type
                  2  542[None  ] int 
 Registers used:
		wreg, status,2
 Tracked objects:
		On entry : 
		On exit  : 
		Unchanged: 
 Data sizes:     COMMON   BANK0   BANK1   BANK2   BANK3   BANK4
      Params:         0       0       0       0       0       0
      Locals:         0       0       0       0       0       0
      Temps:          0       0       0       0       0       0
      Totals:         0       0       0       0       0       0
Total ram usage:        0 bytes
 Hardware stack levels used:    1
 Hardware stack levels required when called:    3
 This function calls:
		Nothing
 This function is called by:
		_main
 This function uses a non-reentrant model


 *************** function _Timer4_Init *****************
 Defined at:
		line 3 in file "Timer4.c"
 Parameters:    Size  Location     Type
		None
 Auto vars:     Size  Location     Type
		None
 Return value:  Size  Location     Type
                  1    wreg      void 
 Registers used:
		wreg, status,2, status,0
 Tracked objects:
		On entry : 
		On exit  : 
		Unchanged: 
 Data sizes:     COMMON   BANK0   BANK1   BANK2   BANK3   BANK4
      Params:         0       0       0       0       0       0
      Locals:         0       0       0       0       0       0
      Temps:          0       1       0       0       0       0
      Totals:         0       1       0       0       0       0
Total ram usage:        1 bytes
 Hardware stack levels used:    1
 Hardware stack levels required when called:    3
 This function calls:
		Nothing
 This function is called by:
		_main
 This function uses a non-reentrant model


 *************** function _Timer1_SumRead *****************
 Defined at:
		line 29 in file "Timer1.c"
 Parameters:    Size  Location     Type
		None
 Auto vars:     Size  Location     Type
		None
 Return value:  Size  Location     Type
                  4    0[BANK0 ] unsigned long 
 Registers used:
		wreg
 Tracked objects:
		On entry : 
		On exit  : 
		Unchanged: 
 Data sizes:     COMMON   BANK0   BANK1   BANK2   BANK3   BANK4
      Params:         0       4       0       0       0       0
      Locals:         0       0       0       0       0       0
      Temps:          0       0       0       0       0       0
      Totals:         0       4       0       0       0       0
Total ram usage:        4 bytes
 Hardware stack levels used:    1
 Hardware stack levels required when called:    3
 This function calls:
		Nothing
 This function is called by:
		_main
 This function uses a non-reentrant model


 *************** function _Timer1_ResultRead *****************
 Defined at:
		line 34 in file "Timer1.c"
 Parameters:    Size  Location     Type
		None
 Auto vars:     Size  Location     Type
		None
 Return value:  Size  Location     Type
                  2    0[BANK0 ] unsigned int 
 Registers used:
		wreg
 Tracked objects:
		On entry : 
		On exit  : 
		Unchanged: 
 Data sizes:     COMMON   BANK0   BANK1   BANK2   BANK3   BANK4
      Params:         0       2       0       0       0       0
      Locals:         0       0       0       0       0       0
      Temps:          0       0       0       0       0       0
      Totals:         0       2       0       0       0       0
Total ram usage:        2 bytes
 Hardware stack levels used:    1
 Hardware stack levels required when called:    3
 This function calls:
		Nothing
 This function is called by:
		_main
 This function uses a non-reentrant model


 *************** function _Timer1_Init *****************
 Defined at:
		line 6 in file "Timer1.c"
 Parameters:    Size  Location     Type
		None
 Auto vars:     Size  Location     Type
		None
 Return value:  Size  Location     Type
                  1    wreg      void 
 Registers used:
		wreg, status,2, status,0
 Tracked objects:
		On entry : 
		On exit  : 
		Unchanged: 
 Data sizes:     COMMON   BANK0   BANK1   BANK2   BANK3   BANK4
      Params:         0       0       0       0       0       0
      Locals:         0       0       0       0       0       0
      Temps:          0       1       0       0       0       0
      Totals:         0       1       0       0       0       0
Total ram usage:        1 bytes
 Hardware stack levels used:    1
 Hardware stack levels required when called:    3
 This function calls:
		Nothing
 This function is called by:
		_main
 This function uses a non-reentrant model


 *************** function _LCD_Init *****************
 Defined at:
		line 28 in file "LCD.c"
 Parameters:    Size  Location     Type
		None
 Auto vars:     Size  Location     Type
		None
 Return value:  Size  Location     Type
                  1    wreg      void 
 Registers used:
		wreg, status,2, status,0, pclath, cstack
 Tracked objects:
		On entry : 
		On exit  : 
		Unchanged: 
 Data sizes:     COMMON   BANK0   BANK1   BANK2   BANK3   BANK4
      Params:         0       0       0       0       0       0
      Locals:         0       0       0       0       0       0
      Temps:          0       2       0       0       0       0
      Totals:         0       2       0       0       0       0
Total ram usage:        2 bytes
 Hardware stack levels used:    1
 Hardware stack levels required when called:    5
 This function calls:
		_LCD_DisplayClear
		_LCD_WriteData
 This function is called by:
		_main
 This function uses a non-reentrant model


 *************** function _LCD_DisplayClear *****************
 Defined at:
		line 64 in file "LCD.c"
 Parameters:    Size  Location     Type
		None
 Auto vars:     Size  Location     Type
		None
 Return value:  Size  Location     Type
                  1    wreg      void 
 Registers used:
		wreg, status,2, status,0, pclath, cstack
 Tracked objects:
		On entry : 
		On exit  : 
		Unchanged: 
 Data sizes:     COMMON   BANK0   BANK1   BANK2   BANK3   BANK4
      Params:         0       0       0       0       0       0
      Locals:         0       0       0       0       0       0
      Temps:          0       1       0       0       0       0
      Totals:         0       1       0       0       0       0
Total ram usage:        1 bytes
 Hardware stack levels used:    1
 Hardware stack levels required when called:    4
 This function calls:
		_LCD_WriteData
 This function is called by:
		_LCD_Init
 This function uses a non-reentrant model


 *************** function _LCD_CursorHome *****************
 Defined at:
		line 75 in file "LCD.c"
 Parameters:    Size  Location     Type
		None
 Auto vars:     Size  Location     Type
		None
 Return value:  Size  Location     Type
                  1    wreg      void 
 Registers used:
		wreg, status,2, status,0, pclath, cstack
 Tracked objects:
		On entry : 
		On exit  : 
		Unchanged: 
 Data sizes:     COMMON   BANK0   BANK1   BANK2   BANK3   BANK4
      Params:         0       0       0       0       0       0
      Locals:         0       0       0       0       0       0
      Temps:          0       1       0       0       0       0
      Totals:         0       1       0       0       0       0
Total ram usage:        1 bytes
 Hardware stack levels used:    1
 Hardware stack levels required when called:    4
 This function calls:
		_LCD_WriteData
 This function is called by:
		_main
 This function uses a non-reentrant model


 *************** function _LCD_WriteData *****************
 Defined at:
		line 15 in file "LCD.c"
 Parameters:    Size  Location     Type
  point           1    wreg     char 
 Auto vars:     Size  Location     Type
  point           1    2[BANK0 ] char 
 Return value:  Size  Location     Type
                  1    wreg      void 
 Registers used:
		wreg, status,2, status,0
 Tracked objects:
		On entry : 
		On exit  : 
		Unchanged: 
 Data sizes:     COMMON   BANK0   BANK1   BANK2   BANK3   BANK4
      Params:         0       0       0       0       0       0
      Locals:         0       1       0       0       0       0
      Temps:          0       2       0       0       0       0
      Totals:         0       3       0       0       0       0
Total ram usage:        3 bytes
 Hardware stack levels used:    1
 Hardware stack levels required when called:    3
 This function calls:
		Nothing
 This function is called by:
		_LCD_Init
		_LCD_Put
		_LCD_DisplayClear
		_LCD_CursorHome
		_LCD_CursorPosition
		_LCD_CursorShift
		_LCD_DispShift
 This function uses a non-reentrant model


 *************** function _DAC_Initialize *****************
 Defined at:
		line 14 in file "MCP4726.c"
 Parameters:    Size  Location     Type
		None
 Auto vars:     Size  Location     Type
		None
 Return value:  Size  Location     Type
                  1    wreg      void 
 Registers used:
		wreg, fsr0l, fsr0h, fsr1l, fsr1h, status,2, status,0, pclath, cstack
 Tracked objects:
		On entry : 
		On exit  : 
		Unchanged: 
 Data sizes:     COMMON   BANK0   BANK1   BANK2   BANK3   BANK4
      Params:         0       0       0       0       0       0
      Locals:         0       0       0       0       0       0
      Temps:          0       2       0       0       0       0
      Totals:         0       2       0       0       0       0
Total ram usage:        2 bytes
 Hardware stack levels used:    1
 Hardware stack levels required when called:    6
 This function calls:
		_I2C_Init
		_I2C_Transmit
 This function is called by:
		_main
 This function uses a non-reentrant model


 *************** function _I2C_Transmit *****************
 Defined at:
		line 23 in file "I2C_Common.c"
[...]
  address         1    4[BANK0 ] unsigned char 
 Return value:  Size  Location     Type
                  1    wreg      void 
 Registers used:
		wreg, fsr0l, fsr0h, status,2, status,0, pclath, cstack
 Tracked objects:
		On entry : 
		On exit  : 
		Unchanged: 
 Data sizes:     COMMON   BANK0   BANK1   BANK2   BANK3   BANK4
      Params:         0       2       0       0       0       0
      Locals:         0       1       0       0       0       0
      Temps:          0       1       0       0       0       0
      Totals:         0       4       0       0       0       0
Total ram usage:        4 bytes
 Hardware stack levels used:    1
 Hardware stack levels required when called:    4
 This function calls:
		_I2C2_PinInit
 This function is called by:
		_I2C_Init
 This function uses a non-reentrant model


 *************** function _I2C2_PinInit *****************
 Defined at:
		line 9 in file "I2C2.c"
 Parameters:    Size  Location     Type
		None
 Auto vars:     Size  Location     Type
		None
 Return value:  Size  Location     Type
                  1    wreg      void 
 Registers used:
		wreg, status,2, status,0
 Tracked objects:
		On entry : 
		On exit  : 
		Unchanged: 
 Data sizes:     COMMON   BANK0   BANK1   BANK2   BANK3   BANK4
      Params:         0       0       0       0       0       0
      Locals:         0       0       0       0       0       0
      Temps:          0       1       0       0       0       0
      Totals:         0       1       0       0       0       0
Total ram usage:        1 bytes
 Hardware stack levels used:    1
 Hardware stack levels required when called:    3
 This function calls:
		Nothing
 This function is called by:
		_I2C2_Setting
 This function uses a non-reentrant model


 *************** function _I2C1_Setting *****************
 Defined at:
		line 15 in file "I2C1.c"
 Parameters:    Size  Location     Type
  address         1    wreg     unsigned char 
  mode            1    1[BANK0 ] enum E3073
  Speed           1    2[BANK0 ] enum E3077
 Auto vars:     Size  Location     Type
  address         1    4[BANK0 ] unsigned char 
 Return value:  Size  Location     Type
                  1    wreg      void 
 Registers used:
		wreg, fsr0l, fsr0h, status,2, status,0, pclath, cstack
 Tracked objects:
		On entry : 
		On exit  : 
		Unchanged: 
 Data sizes:     COMMON   BANK0   BANK1   BANK2   BANK3   BANK4
      Params:         0       2       0       0       0       0
      Locals:         0       1       0       0       0       0
      Temps:          0       1       0       0       0       0
      Totals:         0       4       0       0       0       0
Total ram usage:        4 bytes
 Hardware stack levels used:    1
 Hardware stack levels required when called:    4
 This function calls:
		_I2C1_PinInit
 This function is called by:
		_I2C_Init
 This function uses a non-reentrant model


 *************** function _I2C1_PinInit *****************
 Defined at:
		line 9 in file "I2C1.c"
 Parameters:    Size  Location     Type
		None
 Auto vars:     Size  Location     Type
		None
 Return value:  Size  Location     Type
                  1    wreg      void 
 Registers used:
		wreg, status,2, status,0
 Tracked objects:
		On entry : 
		On exit  : 
		Unchanged: 
 Data sizes:     COMMON   BANK0   BANK1   BANK2   BANK3   BANK4
      Params:         0       0       0       0       0       0
      Locals:         0       0       0       0       0       0
      Temps:          0       1       0       0       0       0
      Totals:         0       1       0       0       0       0
Total ram usage:        1 bytes
 Hardware stack levels used:    1
 Hardware stack levels required when called:    3
 This function calls:
		Nothing
 This function is called by:
		_I2C1_Setting
 This function uses a non-reentrant model


 *************** function _Buzzer_Init *****************
 Defined at:
		line 11 in file "Buzzer.c"
 Parameters:    Size  Location     Type
		None
 Auto vars:     Size  Location     Type
		None
 Return value:  Size  Location     Type
                  1    wreg      void 
 Registers used:
		wreg, status,2, status,0
 Tracked objects:
		On entry : 
		On exit  : 
		Unchanged: 
 Data sizes:     COMMON   BANK0   BANK1   BANK2   BANK3   BANK4
      Params:         0       0       0       0       0       0
      Locals:         0       0       0       0       0       0
      Temps:          0       1       0       0       0       0
      Totals:         0       1       0       0       0       0
Total ram usage:        1 bytes
 Hardware stack levels used:    1
 Hardware stack levels required when called:    3
 This function calls:
		Nothing
 This function is called by:
		_main
 This function uses a non-reentrant model


 *************** function _Basic_Init *****************
 Defined at:
		line 62 in file "main.c"
 Parameters:    Size  Location     Type
		None
 Auto vars:     Size  Location     Type
		None
 Return value:  Size  Location     Type
                  1    wreg      char 
 Registers used:
		wreg, status,2
 Tracked objects:
		On entry : 
		On exit  : 
		Unchanged: 
 Data sizes:     COMMON   BANK0   BANK1   BANK2   BANK3   BANK4
      Params:         0       0       0       0       0       0
      Locals:         0       0       0       0       0       0
      Temps:          0       0       0       0       0       0
      Totals:         0       0       0       0       0       0
Total ram usage:        0 bytes
 Hardware stack levels used:    1
 Hardware stack levels required when called:    3
 This function calls:
		Nothing
 This function is called by:
		_main
 This function uses a non-reentrant model


 *************** function _Handler *****************
 Defined at:
		line 83 in file "main.c"
 Parameters:    Size  Location     Type
		None
 Auto vars:     Size  Location     Type
		None
 Return value:  Size  Location     Type
                  1    wreg      void 
 Registers used:
		wreg, fsr1l, fsr1h, status,2, status,0, pclath, cstack
 Tracked objects:
		On entry : 
		On exit  : 
		Unchanged: 
 Data sizes:     COMMON   BANK0   BANK1   BANK2   BANK3   BANK4
      Params:         0       0       0       0       0       0
      Locals:         0       0       0       0       0       0
      Temps:          1       0       0       0       0       0
      Totals:         1       0       0       0       0       0
Total ram usage:        1 bytes
 Hardware stack levels used:    1
 Hardware stack levels required when called:    2
 This function calls:
		_Buzzer_Handler
		_CPSx_Read
		_I2C_CommonInterrupt
		_Timer1_Count10us
		_Timer1_DetectAssignCount
		_Timer4_Handler
		_Timer6_Handler
		_mTouch_IntervalDecrement
 This function is called by:
		Interrupt level 1
 This function uses a non-reentrant model


 *************** function _mTouch_IntervalDecrement *****************
 Defined at:
		line 101 in file "main.c"
 Parameters:    Size  Location     Type
		None
 Auto vars:     Size  Location     Type
		None
 Return value:  Size  Location     Type
                  1    wreg      void 
 Registers used:
		wreg, status,2, status,0
 Tracked objects:
		On entry : 
		On exit  : 
		Unchanged: 
 Data sizes:     COMMON   BANK0   BANK1   BANK2   BANK3   BANK4
      Params:         0       0       0       0       0       0
      Locals:         0       0       0       0       0       0
      Temps:          0       0       0       0       0       0
      Totals:         0       0       0       0       0       0
Total ram usage:        0 bytes
 Hardware stack levels used:    1
 This function calls:
		Nothing
 This function is called by:
		_Handler
 This function uses a non-reentrant model


 *************** function _Timer6_Handler *****************
 Defined at:
		line 17 in file "Timer6.c"
 Parameters:    Size  Location     Type
		None
 Auto vars:     Size  Location     Type
		None
 Return value:  Size  Location     Type
                  2    0[COMMON] int 
 Registers used:
		status,2
 Tracked objects:
		On entry : 
		On exit  : 
		Unchanged: 
 Data sizes:     COMMON   BANK0   BANK1   BANK2   BANK3   BANK4
      Params:         2       0       0       0       0       0
      Locals:         0       0       0       0       0       0
      Temps:          0       0       0       0       0       0
      Totals:         2       0       0       0       0       0
Total ram usage:        2 bytes
 Hardware stack levels used:    1
 This function calls:
		Nothing
 This function is called by:
		_Handler
 This function uses a non-reentrant model


 *************** function _Timer4_Handler *****************
 Defined at:
		line 17 in file "Timer4.c"
 Parameters:    Size  Location     Type
		None
 Auto vars:     Size  Location     Type
		None
 Return value:  Size  Location     Type
                  1    wreg      unsigned char 
 Registers used:
		wreg
 Tracked objects:
		On entry : 
		On exit  : 
		Unchanged: 
 Data sizes:     COMMON   BANK0   BANK1   BANK2   BANK3   BANK4
      Params:         0       0       0       0       0       0
      Locals:         0       0       0       0       0       0
      Temps:          0       0       0       0       0       0
      Totals:         0       0       0       0       0       0
Total ram usage:        0 bytes
 Hardware stack levels used:    1
 This function calls:
		Nothing
 This function is called by:
		_Handler
 This function uses a non-reentrant model


 *************** function _Timer1_DetectAssignCount *****************
 Defined at:
		line 44 in file "Timer1.c"
 Parameters:    Size  Location     Type
		None
 Auto vars:     Size  Location     Type
		None
 Return value:  Size  Location     Type
                  1    wreg      unsigned char 
 Registers used:
		wreg, status,2
 Tracked objects:
		On entry : 
		On exit  : 
		Unchanged: 
 Data sizes:     COMMON   BANK0   BANK1   BANK2   BANK3   BANK4
      Params:         0       0       0       0       0       0
      Locals:         0       0       0       0       0       0
      Temps:          0       0       0       0       0       0
      Totals:         0       0       0       0       0       0
Total ram usage:        0 bytes
 Hardware stack levels used:    1
 This function calls:
		Nothing
 This function is called by:
		_Handler
 This function uses a non-reentrant model


 *************** function _Timer1_Count10us *****************
 Defined at:
		line 39 in file "Timer1.c"
 Parameters:    Size  Location     Type
		None
 Auto vars:     Size  Location     Type
		None
 Return value:  Size  Location     Type
                  1    wreg      void 
 Registers used:
		wreg
 Tracked objects:
		On entry : 
		On exit  : 
		Unchanged: 
 Data sizes:     COMMON   BANK0   BANK1   BANK2   BANK3   BANK4
      Params:         0       0       0       0       0       0
      Locals:         0       0       0       0       0       0
      Temps:          0       0       0       0       0       0
      Totals:         0       0       0       0       0       0
Total ram usage:        0 bytes
 Hardware stack levels used:    1
 This function calls:
		Nothing
 This function is called by:
		_Handler
 This function uses a non-reentrant model


 *************** function _I2C_CommonInterrupt *****************
 Defined at:
		line 58 in file "I2C_Common.c"
 Parameters:    Size  Location     Type
		None
 Auto vars:     Size  Location     Type
		None
 Return value:  Size  Location     Type
                  1    wreg      void 
 Registers used:
		wreg, fsr1l, fsr1h, status,2, status,0, pclath, cstack
 Tracked objects:
		On entry : 
		On exit  : 
		Unchanged: 
 Data sizes:     COMMON   BANK0   BANK1   BANK2   BANK3   BANK4
      Params:         0       0       0       0       0       0
      Locals:         0       0       0       0       0       0
      Temps:          0       0       0       0       0       0
      Totals:         0       0       0       0       0       0
Total ram usage:        0 bytes
 Hardware stack levels used:    1
 Hardware stack levels required when called:    1
 This function calls:
		_I2C1_Interrupt
		_I2C2_Interrupt
 This function is called by:
		_Handler
 This function uses a non-reentrant model


 *************** function _I2C2_Interrupt *****************
 Defined at:
		line 152 in file "I2C2.c"
 Parameters:    Size  Location     Type
		None
 Auto vars:     Size  Location     Type
		None
 Return value:  Size  Location     Type
                  1    wreg      void 
 Registers used:
		wreg, fsr1l, fsr1h, status,2, status,0
 Tracked objects:
		On entry : 
		On exit  : 
		Unchanged: 
 Data sizes:     COMMON   BANK0   BANK1   BANK2   BANK3   BANK4
      Params:         0       0       0       0       0       0
      Locals:         0       0       0       0       0       0
      Temps:          1       0       0       0       0       0
      Totals:         1       0       0       0       0       0
Total ram usage:        1 bytes
 Hardware stack levels used:    1
 This function calls:
		Nothing
 This function is called by:
		_I2C_CommonInterrupt
 This function uses a non-reentrant model


 *************** function _I2C1_Interrupt *****************
 Defined at:
		line 152 in file "I2C1.c"
 Parameters:    Size  Location     Type
		None
 Auto vars:     Size  Location     Type
		None
 Return value:  Size  Location     Type
                  1    wreg      void 
 Registers used:
		wreg, fsr1l, fsr1h, status,2, status,0
 Tracked objects:
		On entry : 
		On exit  : 
		Unchanged: 
 Data sizes:     COMMON   BANK0   BANK1   BANK2   BANK3   BANK4
      Params:         0       0       0       0       0       0
      Locals:         0       0       0       0       0       0
      Temps:          1       0       0       0       0       0
      Totals:         1       0       0       0       0       0
Total ram usage:        1 bytes
 Hardware stack levels used:    1
 This function calls:
		Nothing
 This function is called by:
		_I2C_CommonInterrupt
 This function uses a non-reentrant model


 *************** function _CPSx_Read *****************
 Defined at:
		line 29 in file "mTouch.c"
 Parameters:    Size  Location     Type
		None
 Auto vars:     Size  Location     Type
		None
 Return value:  Size  Location     Type
                  1    wreg      void 
 Registers used:
		wreg, fsr1l, fsr1h, status,2, status,0
 Tracked objects:
		On entry : 
		On exit  : 
		Unchanged: 
 Data sizes:     COMMON   BANK0   BANK1   BANK2   BANK3   BANK4
      Params:         0       0       0       0       0       0
      Locals:         0       0       0       0       0       0
      Temps:          1       0       0       0       0       0
      Totals:         1       0       0       0       0       0
Total ram usage:        1 bytes
 Hardware stack levels used:    1
 This function calls:
		Nothing
 This function is called by:
		_Handler
 This function uses a non-reentrant model


 *************** function _Buzzer_Handler *****************
 Defined at:
		line 44 in file "Buzzer.c"
 Parameters:    Size  Location     Type
		None
 Auto vars:     Size  Location     Type
		None
 Return value:  Size  Location     Type
                  1    wreg      void 
 Registers used:
		wreg, status,2, status,0, pclath, cstack
 Tracked objects:
		On entry : 
		On exit  : 
		Unchanged: 
 Data sizes:     COMMON   BANK0   BANK1   BANK2   BANK3   BANK4
      Params:         0       0       0       0       0       0
      Locals:         0       0       0       0       0       0
      Temps:          0       0       0       0       0       0
      Totals:         0       0       0       0       0       0
Total ram usage:        0 bytes
 Hardware stack levels used:    1
 Hardware stack levels required when called:    1
 This function calls:
		_Buzzer_SetDuty
 This function is called by:
		_Handler
 This function uses a non-reentrant model


 *************** function _Buzzer_SetDuty *****************
 Defined at:
		line 31 in file "Buzzer.c"
 Parameters:    Size  Location     Type
  duty            2    0[COMMON] unsigned int 
 Auto vars:     Size  Location     Type
  CCP2CON_Pre     1    4[COMMON] unsigned char 
 Return value:  Size  Location     Type
                  1    wreg      void 
 Registers used:
		wreg, status,2, status,0
 Tracked objects:
		On entry : 
		On exit  : 
		Unchanged: 
 Data sizes:     COMMON   BANK0   BANK1   BANK2   BANK3   BANK4
      Params:         2       0       0       0       0       0
      Locals:         1       0       0       0       0       0
      Temps:          2       0       0       0       0       0
      Totals:         5       0       0       0       0       0
Total ram usage:        5 bytes
 Hardware stack levels used:    1
 This function calls:
		Nothing
 This function is called by:
		_Buzzer_Handler
 This function uses a non-reentrant model



MODULE INFORMATION

Module		Function		Class		Link	Load	Size
MCP4726.c
		_DAC_Initialize		CODE           	0E55	0000	33

MCP4726.c estimated size: 33

/opt/microchip/xc8/v1.41/sources/common/lldiv.c
		___lldiv       		CODE           	06D1	0000	84

/opt/microchip/xc8/v1.41/sources/common/lldiv.c estimated size: 84

Timer1.c
		_Timer1_DetectAssignCount		CODE           	0DFA	0000	31
		_Timer1_Init   		CODE           	0E36	0000	32
		_Timer1_Count10us		CODE           	0CA0	0000	7
		_Timer1_ResultRead		CODE           	0CB9	0000	10
		_Timer1_SumRead		CODE           	0D4C	0000	18

Timer1.c estimated size: 98

I2C_Common.c
		_I2C_Transmit  		CODE           	0EEC	0000	44
		_I2C_CommonInterrupt		CODE           	0C9A	0000	7
		_I2C_Init      		CODE           	0EC2	0000	43

I2C_Common.c estimated size: 94

Buzzer.c
		_Buzzer_Init   		CODE           	0E9A	0000	41
		_Buzzer_MiliSecond		CODE           	0CC2	0000	11
		_Buzzer_Handler		CODE           	0D83	0000	22
		_Buzzer_SetDuty		CODE           	0DC2	0000	29

Buzzer.c estimated size: 103

I2C1.c
		_I2C1_PinInit  		CODE           	0CD7	0000	14
		_I2C1_Interrupt		CODE           	067D	0000	85
		_I2C1_Setting  		CODE           	07AC	0000	69
		_I2C1_Transmit 		CODE           	0494	0000	152

I2C1.c estimated size: 320

xprintf.c
		_xvprintf      		CODE           	0064	0000	555
		_xputs         		CODE           	0DAD	0000	22
		_xprintf       		CODE           	07F0	0000	17
		_xputc         		CODE           	0F17	0000	46

xprintf.c estimated size: 640

Timer6.c
		_Timer6_Init   		CODE           	0CFE	0000	15
		_Timer6_Handler		CODE           	0D0C	0000	16

Timer6.c estimated size: 31

shared
		_DAC_DataTable 		STRCODE        	0000	0000	0
		__initialization		CODE           	0034	0000	45

shared estimated size: 45

Timer4.c
		_Timer4_Init   		CODE           	0D5D	0000	20
		_Timer4_Handler		CODE           	0CCC	0000	12

Timer4.c estimated size: 32

/opt/microchip/xc8/v1.41/sources/common/llmod.c
		___llmod       		CODE           	0FBD	0000	68

/opt/microchip/xc8/v1.41/sources/common/llmod.c estimated size: 68

mTouch.c
		_mTouch_Init   		CODE           	0D70	0000	20
		_CPSx_Read     		CODE           	0E75	0000	38
		_mTouch_PortInit		CODE           	0CF1	0000	14

mTouch.c estimated size: 72

/opt/microchip/xc8/v1.41/sources/common/Umul16.c
		___wmul        		CODE           	0DDE	0000	29

/opt/microchip/xc8/v1.41/sources/common/Umul16.c estimated size: 29

main.c
		_Handler       		CODE           	0004	0000	47
		_mTouch_Read   		CODE           	0724	0000	69
		_main          		CODE           	052B	0000	144
		_Basic_Init    		CODE           	0D98	0000	22
		_mTouch_IntervalDecrement		CODE           	0D3B	0000	18

main.c estimated size: 300

I2C2.c
		_I2C2_PinInit  		CODE           	0CE4	0000	14
		_I2C2_Interrupt		CODE           	0629	0000	85
		_I2C2_Setting  		CODE           	0768	0000	69
		_I2C2_Transmit 		CODE           	03FC	0000	153

I2C2.c estimated size: 321

LCD.c
		_LCD_Init      		CODE           	05BA	0000	112
		_LCD_Put       		CODE           	0CB2	0000	8
		_LCD_DisplayClear		CODE           	0D2B	0000	17
		_LCD_CursorHome		CODE           	0D1B	0000	17
		_LCD_WriteData 		CODE           	0F80	0000	62

LCD.c estimated size: 216

